AR hexshifter8_muser_lab_final behavioral C:/Users/James/Documents/Xlink_projects/lab_final/lab_final/lab_final.vhf sub00/vhpl21 1525497171
AR dcm_100m behavioral C:/Users/James/Documents/Xlink_projects/swag/DCM_100M.vhd sub00/vhpl11 1525497161
EN mux8bit_muser_memory NULL C:/Users/James/Documents/Xlink_projects/lab_final/lab_final/Memory.vhf sub00/vhpl58 1525497208
EN hexshifter8_muser_registers NULL C:/Users/James/Documents/Xlink_projects/lab_final/lab_final/Registers.vhf sub01/vhpl100 1525497250
EN add8_mxilinx_registers NULL C:/Users/James/Documents/Xlink_projects/lab_final/lab_final/Registers.vhf sub01/vhpl104 1525497254
EN shiftreg_hex2d NULL C:/Users/James/Documents/Xlink_projects/swag/shiftreg_hex2D.vhd sub00/vhpl00 1525497150
EN hexshifter8_muser_memory NULL C:/Users/James/Documents/Xlink_projects/lab_final/lab_final/Memory.vhf sub00/vhpl60 1525497210
EN add8_mxilinx_memory NULL C:/Users/James/Documents/Xlink_projects/lab_final/lab_final/Memory.vhf sub00/vhpl64 1525497214
EN fd4ce_mxilinx_address NULL C:/Users/James/Documents/Xlink_projects/lab_final/lab_final/Address.vhf sub01/vhpl122 1525497272
EN output_debugmode NULL C:/Users/James/Documents/Xlink_projects/lab_final/lab_final/Output_DebugMode.vhf sub00/vhpl98 1525497248
EN fd8ce_mxilinx_registers NULL C:/Users/James/Documents/Xlink_projects/lab_final/lab_final/Registers.vhf sub01/vhpl102 1525497252
AR fd4ce_mxilinx_address behavioral C:/Users/James/Documents/Xlink_projects/lab_final/lab_final/Address.vhf sub01/vhpl123 1525497273
EN registers_muser_lab_final NULL C:/Users/James/Documents/Xlink_projects/lab_final/lab_final/lab_final.vhf sub00/vhpl34 1525497184
AR fd4ce_mxilinx_i_register behavioral C:/Users/James/Documents/Xlink_projects/lab_final/lab_final/I_Register.vhf sub01/vhpl143 1525497293
EN registers_muser_memory NULL C:/Users/James/Documents/Xlink_projects/lab_final/lab_final/Memory.vhf sub00/vhpl74 1525497224
EN fd4ce_mxilinx_i_register NULL C:/Users/James/Documents/Xlink_projects/lab_final/lab_final/I_Register.vhf sub01/vhpl142 1525497292
EN output_debugmode_muser_memory NULL C:/Users/James/Documents/Xlink_projects/lab_final/lab_final/Memory.vhf sub00/vhpl76 1525497226
EN d_register NULL C:/Users/James/Documents/Xlink_projects/lab_final/lab_final/D_Register.vhf sub01/vhpl134 1525497284
EN hexshifter8_muser_address NULL C:/Users/James/Documents/Xlink_projects/lab_final/lab_final/Address.vhf sub01/vhpl116 1525497266
EN i_register_muser_lab_final NULL C:/Users/James/Documents/Xlink_projects/lab_final/lab_final/lab_final.vhf sub00/vhpl30 1525497180
AR fd4ce_mxilinx_registers behavioral C:/Users/James/Documents/Xlink_projects/lab_final/lab_final/Registers.vhf sub01/vhpl107 1525497257
AR test_hexshifter_muser_memory behavioral C:/Users/James/Documents/Xlink_projects/lab_final/lab_final/Memory.vhf sub00/vhpl83 1525497233
EN add8_mxilinx_address NULL C:/Users/James/Documents/Xlink_projects/lab_final/lab_final/Address.vhf sub01/vhpl120 1525497270
EN test_hexshifter_muser_keypad_noshift NULL C:/Users/James/Documents/Xlink_projects/lab_final/lab_final/KEYPAD_noShift.vhf sub00/vhpl92 1525497242
AR mux8bit_muser_lab_final behavioral C:/Users/James/Documents/Xlink_projects/lab_final/lab_final/lab_final.vhf sub00/vhpl19 1525497169
EN fd4ce_mxilinx_lab_final NULL C:/Users/James/Documents/Xlink_projects/lab_final/lab_final/lab_final.vhf sub00/vhpl26 1525497176
AR test_hexshifter_muser_keypad_noshift behavioral C:/Users/James/Documents/Xlink_projects/lab_final/lab_final/KEYPAD_noShift.vhf sub00/vhpl93 1525497243
EN sel_strobeb NULL C:/Users/James/Documents/Xlink_projects/swag/sel_strobeB.vhd sub00/vhpl02 1525497152
AR d_memory_muser_lab_final behavioral C:/Users/James/Documents/Xlink_projects/lab_final/lab_final/lab_final.vhf sub00/vhpl41 1525497191
EN ssd_1dig NULL C:/Users/James/Documents/Xlink_projects/swag/SSD_1dig.vhd sub00/vhpl08 1525497158
AR fd8ce_mxilinx_lab_final behavioral C:/Users/James/Documents/Xlink_projects/lab_final/lab_final/lab_final.vhf sub00/vhpl23 1525497173
AR hexshifter8_muser_d_register behavioral C:/Users/James/Documents/Xlink_projects/lab_final/lab_final/D_Register.vhf sub01/vhpl127 1525497277
AR fd8ce_mxilinx_address behavioral C:/Users/James/Documents/Xlink_projects/lab_final/lab_final/Address.vhf sub01/vhpl119 1525497269
EN i_register NULL C:/Users/James/Documents/Xlink_projects/lab_final/lab_final/I_Register.vhf sub01/vhpl144 1525497294
AR sram32x8_ex_pgm_data behavioral C:/Users/James/Documents/Xlink_projects/swag/sRAM32x8_ex_pgm_data.vhd sub00/vhpl17 1525497167
EN keypad_noshift NULL C:/Users/James/Documents/Xlink_projects/lab_final/lab_final/KEYPAD_noShift.vhf sub00/vhpl94 1525497244
AR test_hexshifter_muser_lab_final behavioral C:/Users/James/Documents/Xlink_projects/lab_final/lab_final/lab_final.vhf sub00/vhpl43 1525497193
EN address_muser_lab_final NULL C:/Users/James/Documents/Xlink_projects/lab_final/lab_final/lab_final.vhf sub00/vhpl32 1525497182
EN i_memory_muser_lab_final NULL C:/Users/James/Documents/Xlink_projects/lab_final/lab_final/lab_final.vhf sub00/vhpl38 1525497188
AR test_hexshifter behavioral C:/Users/James/Documents/Xlink_projects/lab_final/lab_final/test_hexShifter.vhf sub01/vhpl147 1525497297
EN address_muser_memory NULL C:/Users/James/Documents/Xlink_projects/lab_final/lab_final/Memory.vhf sub00/vhpl72 1525497222
AR add8_mxilinx_lab_final behavioral C:/Users/James/Documents/Xlink_projects/lab_final/lab_final/lab_final.vhf sub00/vhpl25 1525497175
AR d_memory_muser_memory behavioral C:/Users/James/Documents/Xlink_projects/lab_final/lab_final/Memory.vhf sub00/vhpl81 1525497231
EN fd4ce_mxilinx_memory NULL C:/Users/James/Documents/Xlink_projects/lab_final/lab_final/Memory.vhf sub00/vhpl66 1525497216
AR add8_mxilinx_i_register behavioral C:/Users/James/Documents/Xlink_projects/lab_final/lab_final/I_Register.vhf sub01/vhpl141 1525497291
AR d_register_muser_registers behavioral C:/Users/James/Documents/Xlink_projects/lab_final/lab_final/Registers.vhf sub01/vhpl109 1525497259
AR registers_muser_memory behavioral C:/Users/James/Documents/Xlink_projects/lab_final/lab_final/Memory.vhf sub00/vhpl75 1525497225
AR mux4ssd behavioral C:/Users/James/Documents/Xlink_projects/swag/mux4SSD.vhd sub00/vhpl07 1525497157
AR keypad_noshift behavioral C:/Users/James/Documents/Xlink_projects/lab_final/lab_final/KEYPAD_noShift.vhf sub00/vhpl95 1525497245
EN test_hexshifter NULL C:/Users/James/Documents/Xlink_projects/lab_final/lab_final/test_hexShifter.vhf sub01/vhpl146 1525497296
EN i_memory_muser_memory NULL C:/Users/James/Documents/Xlink_projects/lab_final/lab_final/Memory.vhf sub00/vhpl78 1525497228
AR registers behavioral C:/Users/James/Documents/Xlink_projects/lab_final/lab_final/Registers.vhf sub01/vhpl115 1525497265
EN i_register_muser_registers NULL C:/Users/James/Documents/Xlink_projects/lab_final/lab_final/Registers.vhf sub01/vhpl110 1525497260
EN fd8ce_mxilinx_memory NULL C:/Users/James/Documents/Xlink_projects/lab_final/lab_final/Memory.vhf sub00/vhpl62 1525497212
EN alu_muser_lab_final NULL C:/Users/James/Documents/Xlink_projects/lab_final/lab_final/lab_final.vhf sub00/vhpl50 1525497200
AR i_register_muser_memory behavioral C:/Users/James/Documents/Xlink_projects/lab_final/lab_final/Memory.vhf sub00/vhpl71 1525497221
EN keypad_noshift_muser_memory NULL C:/Users/James/Documents/Xlink_projects/lab_final/lab_final/Memory.vhf sub00/vhpl84 1525497234
EN fd4ce_mxilinx_registers NULL C:/Users/James/Documents/Xlink_projects/lab_final/lab_final/Registers.vhf sub01/vhpl106 1525497256
AR i_register behavioral C:/Users/James/Documents/Xlink_projects/lab_final/lab_final/I_Register.vhf sub01/vhpl145 1525497295
EN i_register_muser_memory NULL C:/Users/James/Documents/Xlink_projects/lab_final/lab_final/Memory.vhf sub00/vhpl70 1525497220
EN test_hexshifter_muser_lab_final NULL C:/Users/James/Documents/Xlink_projects/lab_final/lab_final/lab_final.vhf sub00/vhpl42 1525497192
AR adsu8_mxilinx_alu behavioral C:/Users/James/Documents/Xlink_projects/lab_final/lab_final/ALU.vhf sub00/vhpl55 1525497205
AR fd8ce_mxilinx_d_register behavioral C:/Users/James/Documents/Xlink_projects/lab_final/lab_final/D_Register.vhf sub01/vhpl129 1525497279
AR mux8bit behavioral C:/Users/James/Documents/Xlink_projects/lab_final/lab_final/MUX8Bit.vhf sub00/vhpl97 1525497247
AR fd4ce_mxilinx_lab_final behavioral C:/Users/James/Documents/Xlink_projects/lab_final/lab_final/lab_final.vhf sub00/vhpl27 1525497177
EN address_muser_registers NULL C:/Users/James/Documents/Xlink_projects/lab_final/lab_final/Registers.vhf sub01/vhpl112 1525497262
AR i_memory_muser_memory behavioral C:/Users/James/Documents/Xlink_projects/lab_final/lab_final/Memory.vhf sub00/vhpl79 1525497229
EN add8_mxilinx_d_register NULL C:/Users/James/Documents/Xlink_projects/lab_final/lab_final/D_Register.vhf sub01/vhpl130 1525497280
AR address_muser_memory behavioral C:/Users/James/Documents/Xlink_projects/lab_final/lab_final/Memory.vhf sub00/vhpl73 1525497223
EN sram32x8_ex_pgm_data NULL C:/Users/James/Documents/Xlink_projects/swag/sRAM32x8_ex_pgm_data.vhd sub00/vhpl16 1525497166
EN fd8ce_mxilinx_address NULL C:/Users/James/Documents/Xlink_projects/lab_final/lab_final/Address.vhf sub01/vhpl118 1525497268
AR crenc4bin behavioral C:/Users/James/Documents/Xlink_projects/swag/CRenc4bin.vhd sub00/vhpl13 1525497163
AR output_debugmode behavioral C:/Users/James/Documents/Xlink_projects/lab_final/lab_final/Output_DebugMode.vhf sub00/vhpl99 1525497249
AR keypad_noshift_muser_memory behavioral C:/Users/James/Documents/Xlink_projects/lab_final/lab_final/Memory.vhf sub00/vhpl85 1525497235
EN dcm_100m NULL C:/Users/James/Documents/Xlink_projects/swag/DCM_100M.vhd sub00/vhpl10 1525497160
AR fd8ce_mxilinx_memory behavioral C:/Users/James/Documents/Xlink_projects/lab_final/lab_final/Memory.vhf sub00/vhpl63 1525497213
AR address behavioral C:/Users/James/Documents/Xlink_projects/lab_final/lab_final/Address.vhf sub01/vhpl125 1525497275
EN address NULL C:/Users/James/Documents/Xlink_projects/lab_final/lab_final/Address.vhf sub01/vhpl124 1525497274
EN memory_muser_lab_final NULL C:/Users/James/Documents/Xlink_projects/lab_final/lab_final/lab_final.vhf sub00/vhpl46 1525497196
EN bin2bcd3en NULL C:/Users/James/Documents/Xlink_projects/swag/bin2BCD3en.vhd sub00/vhpl04 1525497154
AR output_debugmode_muser_memory behavioral C:/Users/James/Documents/Xlink_projects/lab_final/lab_final/Memory.vhf sub00/vhpl77 1525497227
EN add8_mxilinx_i_register NULL C:/Users/James/Documents/Xlink_projects/lab_final/lab_final/I_Register.vhf sub01/vhpl140 1525497290
AR registers_muser_lab_final behavioral C:/Users/James/Documents/Xlink_projects/lab_final/lab_final/lab_final.vhf sub00/vhpl35 1525497185
EN memory NULL C:/Users/James/Documents/Xlink_projects/lab_final/lab_final/Memory.vhf sub00/vhpl86 1525497236
EN output_debugmode_muser_lab_final NULL C:/Users/James/Documents/Xlink_projects/lab_final/lab_final/lab_final.vhf sub00/vhpl36 1525497186
EN d_register_muser_memory NULL C:/Users/James/Documents/Xlink_projects/lab_final/lab_final/Memory.vhf sub00/vhpl68 1525497218
AR d_register_muser_lab_final behavioral C:/Users/James/Documents/Xlink_projects/lab_final/lab_final/lab_final.vhf sub00/vhpl29 1525497179
EN hexshifter8_muser_d_register NULL C:/Users/James/Documents/Xlink_projects/lab_final/lab_final/D_Register.vhf sub01/vhpl126 1525497276
AR add8_mxilinx_address behavioral C:/Users/James/Documents/Xlink_projects/lab_final/lab_final/Address.vhf sub01/vhpl121 1525497271
EN keypad_noshift_muser_lab_final NULL C:/Users/James/Documents/Xlink_projects/lab_final/lab_final/lab_final.vhf sub00/vhpl44 1525497194
EN d_register_muser_lab_final NULL C:/Users/James/Documents/Xlink_projects/lab_final/lab_final/lab_final.vhf sub00/vhpl28 1525497178
AR hexshifter8_muser_address behavioral C:/Users/James/Documents/Xlink_projects/lab_final/lab_final/Address.vhf sub01/vhpl117 1525497267
AR address_muser_registers behavioral C:/Users/James/Documents/Xlink_projects/lab_final/lab_final/Registers.vhf sub01/vhpl113 1525497263
EN fd8ce_mxilinx_d_register NULL C:/Users/James/Documents/Xlink_projects/lab_final/lab_final/D_Register.vhf sub01/vhpl128 1525497278
AR sel_strobeb behavioral C:/Users/James/Documents/Xlink_projects/swag/sel_strobeB.vhd sub00/vhpl03 1525497153
AR hexshifter8_muser_i_register behavioral C:/Users/James/Documents/Xlink_projects/lab_final/lab_final/I_Register.vhf sub01/vhpl137 1525497287
AR ssd_1dig behavioral C:/Users/James/Documents/Xlink_projects/swag/SSD_1dig.vhd sub00/vhpl09 1525497159
AR hexshifter8_muser_memory behavioral C:/Users/James/Documents/Xlink_projects/lab_final/lab_final/Memory.vhf sub00/vhpl61 1525497211
EN mux4ssd NULL C:/Users/James/Documents/Xlink_projects/swag/mux4SSD.vhd sub00/vhpl06 1525497156
AR lab_final behavioral C:/Users/James/Documents/Xlink_projects/lab_final/lab_final/lab_final.vhf sub00/vhpl53 1525497203
AR i_memory_muser_lab_final behavioral C:/Users/James/Documents/Xlink_projects/lab_final/lab_final/lab_final.vhf sub00/vhpl39 1525497189
EN hexshifter8_muser_i_register NULL C:/Users/James/Documents/Xlink_projects/lab_final/lab_final/I_Register.vhf sub01/vhpl136 1525497286
AR sram32x8_ex_pgm_instr behavioral C:/Users/James/Documents/Xlink_projects/swag/sRAM32x8_ex_pgm_instr.vhd sub00/vhpl15 1525497165
AR output_debugmode_muser_lab_final behavioral C:/Users/James/Documents/Xlink_projects/lab_final/lab_final/lab_final.vhf sub00/vhpl37 1525497187
EN fd8ce_mxilinx_i_register NULL C:/Users/James/Documents/Xlink_projects/lab_final/lab_final/I_Register.vhf sub01/vhpl138 1525497288
AR i_register_muser_registers behavioral C:/Users/James/Documents/Xlink_projects/lab_final/lab_final/Registers.vhf sub01/vhpl111 1525497261
AR mux8bit_muser_memory behavioral C:/Users/James/Documents/Xlink_projects/lab_final/lab_final/Memory.vhf sub00/vhpl59 1525497209
AR d_register_muser_memory behavioral C:/Users/James/Documents/Xlink_projects/lab_final/lab_final/Memory.vhf sub00/vhpl69 1525497219
AR memory behavioral C:/Users/James/Documents/Xlink_projects/lab_final/lab_final/Memory.vhf sub00/vhpl87 1525497237
AR fd4ce_mxilinx_d_register behavioral C:/Users/James/Documents/Xlink_projects/lab_final/lab_final/D_Register.vhf sub01/vhpl133 1525497283
EN adsu8_mxilinx_lab_final NULL C:/Users/James/Documents/Xlink_projects/lab_final/lab_final/lab_final.vhf sub00/vhpl48 1525497198
AR adsu8_mxilinx_lab_final behavioral C:/Users/James/Documents/Xlink_projects/lab_final/lab_final/lab_final.vhf sub00/vhpl49 1525497199
EN test_hexshifter_muser_memory NULL C:/Users/James/Documents/Xlink_projects/lab_final/lab_final/Memory.vhf sub00/vhpl82 1525497232
AR alu_muser_lab_final behavioral C:/Users/James/Documents/Xlink_projects/lab_final/lab_final/lab_final.vhf sub00/vhpl51 1525497201
AR i_memory behavioral C:/Users/James/Documents/Xlink_projects/lab_final/lab_final/I_Memory.vhf sub00/vhpl91 1525497241
AR hexshifter8_muser_registers behavioral C:/Users/James/Documents/Xlink_projects/lab_final/lab_final/Registers.vhf sub01/vhpl101 1525497251
EN sram32x8_ex_pgm_instr NULL C:/Users/James/Documents/Xlink_projects/swag/sRAM32x8_ex_pgm_instr.vhd sub00/vhpl14 1525497164
EN d_register_muser_registers NULL C:/Users/James/Documents/Xlink_projects/lab_final/lab_final/Registers.vhf sub01/vhpl108 1525497258
EN lab_final NULL C:/Users/James/Documents/Xlink_projects/lab_final/lab_final/lab_final.vhf sub00/vhpl52 1525497202
AR add8_mxilinx_memory behavioral C:/Users/James/Documents/Xlink_projects/lab_final/lab_final/Memory.vhf sub00/vhpl65 1525497215
AR alu behavioral C:/Users/James/Documents/Xlink_projects/lab_final/lab_final/ALU.vhf sub00/vhpl57 1525497207
AR fd8ce_mxilinx_i_register behavioral C:/Users/James/Documents/Xlink_projects/lab_final/lab_final/I_Register.vhf sub01/vhpl139 1525497289
EN hexshifter8 NULL C:/Users/James/Documents/Xlink_projects/lab_final/lab_final/hexShifter8.vhf sub01/vhpl148 1525497298
EN mux8bit NULL C:/Users/James/Documents/Xlink_projects/lab_final/lab_final/MUX8Bit.vhf sub00/vhpl96 1525497246
AR keypad_noshift_muser_lab_final behavioral C:/Users/James/Documents/Xlink_projects/lab_final/lab_final/lab_final.vhf sub00/vhpl45 1525497195
EN i_memory NULL C:/Users/James/Documents/Xlink_projects/lab_final/lab_final/I_Memory.vhf sub00/vhpl90 1525497240
EN hexshifter8_muser_lab_final NULL C:/Users/James/Documents/Xlink_projects/lab_final/lab_final/lab_final.vhf sub00/vhpl20 1525497170
EN add8_mxilinx_lab_final NULL C:/Users/James/Documents/Xlink_projects/lab_final/lab_final/lab_final.vhf sub00/vhpl24 1525497174
AR address_muser_lab_final behavioral C:/Users/James/Documents/Xlink_projects/lab_final/lab_final/lab_final.vhf sub00/vhpl33 1525497183
AR shiftreg_hex2d behavioral C:/Users/James/Documents/Xlink_projects/swag/shiftreg_hex2D.vhd sub00/vhpl01 1525497151
AR add8_mxilinx_d_register behavioral C:/Users/James/Documents/Xlink_projects/lab_final/lab_final/D_Register.vhf sub01/vhpl131 1525497281
EN fd8ce_mxilinx_lab_final NULL C:/Users/James/Documents/Xlink_projects/lab_final/lab_final/lab_final.vhf sub00/vhpl22 1525497172
EN d_memory NULL C:/Users/James/Documents/Xlink_projects/lab_final/lab_final/D_Memory.vhf sub00/vhpl88 1525497238
AR memory_muser_lab_final behavioral C:/Users/James/Documents/Xlink_projects/lab_final/lab_final/lab_final.vhf sub00/vhpl47 1525497197
AR bin2bcd3en behavioral C:/Users/James/Documents/Xlink_projects/swag/bin2BCD3en.vhd sub00/vhpl05 1525497155
AR fd8ce_mxilinx_registers behavioral C:/Users/James/Documents/Xlink_projects/lab_final/lab_final/Registers.vhf sub01/vhpl103 1525497253
EN d_memory_muser_memory NULL C:/Users/James/Documents/Xlink_projects/lab_final/lab_final/Memory.vhf sub00/vhpl80 1525497230
AR i_register_muser_lab_final behavioral C:/Users/James/Documents/Xlink_projects/lab_final/lab_final/lab_final.vhf sub00/vhpl31 1525497181
EN crenc4bin NULL C:/Users/James/Documents/Xlink_projects/swag/CRenc4bin.vhd sub00/vhpl12 1525497162
EN mux8bit_muser_lab_final NULL C:/Users/James/Documents/Xlink_projects/lab_final/lab_final/lab_final.vhf sub00/vhpl18 1525497168
AR add8_mxilinx_registers behavioral C:/Users/James/Documents/Xlink_projects/lab_final/lab_final/Registers.vhf sub01/vhpl105 1525497255
AR fd4ce_mxilinx_memory behavioral C:/Users/James/Documents/Xlink_projects/lab_final/lab_final/Memory.vhf sub00/vhpl67 1525497217
EN registers NULL C:/Users/James/Documents/Xlink_projects/lab_final/lab_final/Registers.vhf sub01/vhpl114 1525497264
EN alu NULL C:/Users/James/Documents/Xlink_projects/lab_final/lab_final/ALU.vhf sub00/vhpl56 1525497206
AR d_register behavioral C:/Users/James/Documents/Xlink_projects/lab_final/lab_final/D_Register.vhf sub01/vhpl135 1525497285
EN adsu8_mxilinx_alu NULL C:/Users/James/Documents/Xlink_projects/lab_final/lab_final/ALU.vhf sub00/vhpl54 1525497204
AR d_memory behavioral C:/Users/James/Documents/Xlink_projects/lab_final/lab_final/D_Memory.vhf sub00/vhpl89 1525497239
EN fd4ce_mxilinx_d_register NULL C:/Users/James/Documents/Xlink_projects/lab_final/lab_final/D_Register.vhf sub01/vhpl132 1525497282
EN d_memory_muser_lab_final NULL C:/Users/James/Documents/Xlink_projects/lab_final/lab_final/lab_final.vhf sub00/vhpl40 1525497190
AR hexshifter8 behavioral C:/Users/James/Documents/Xlink_projects/lab_final/lab_final/hexShifter8.vhf sub01/vhpl149 1525497299
