EN cb4cled_mxilinx_test_programcounter NULL C:/Users/James/Desktop/Github/School/Phys301/lab_final/lab_final/test_ProgramCounter.vhf sub02/vhpl210 1525929463
EN fd8ce_mxilinx_d_register NULL C:/Users/James/Desktop/Github/School/Phys301/lab_final/lab_final/D_Register.vhf sub01/vhpl174 1525927531
EN fd4ce_mxilinx_i_register NULL C:/Users/James/Desktop/Github/School/Phys301/lab_final/lab_final/I_Register.vhf sub01/vhpl188 1525927545
AR memory_muser_lab_final behavioral C:/Users/James/Desktop/Github/School/Phys301/lab_final/lab_final/lab_final.vhf sub00/vhpl59 1525927414
AR mux8bit_muser_memory behavioral C:/Users/James/Desktop/Github/School/Phys301/lab_final/lab_final/Memory.vhf sub00/vhpl91 1525927446
EN full_add_muser_programground NULL C:/Users/James/Desktop/Github/School/Phys301/lab_final/lab_final/ProgramGround.vhf sub01/vhpl112 1525927467
EN registers_muser_memory NULL C:/Users/James/Desktop/Github/School/Phys301/lab_final/lab_final/Memory.vhf sub01/vhpl106 1525927461
AR oneshot behavioral C:/Users/James/Desktop/Github/School/Phys301/lab_final/modules/oneshot.vhd sub00/vhpl11 1525976531
AR programground_muser_lab_final behavioral C:/Users/James/Desktop/Github/School/Phys301/lab_final/lab_final/lab_final.vhf sub00/vhpl73 1525927426
AR ftclex_mxilinx_test_programcounter behavioral C:/Users/James/Desktop/Github/School/Phys301/lab_final/lab_final/test_ProgramCounter.vhf sub02/vhpl209 1525929462
EN full_add_muser_addersub8 NULL C:/Users/James/Desktop/Github/School/Phys301/lab_final/lab_final/addersub8.vhf sub01/vhpl158 1525976568
AR col_strobe behavioral C:/Users/James/Documents/Xlink_projects/lab_final/modules/col_strobe.vhd sub00/vhpl09 1525976529
EN switch_debounce NULL C:/Users/James/Desktop/Github/School/Phys301/lab_final/modules/debounce.vhd sub00/vhpl00 1525976520
EN d_register_muser_memory NULL C:/Users/James/Desktop/Github/School/Phys301/lab_final/lab_final/Memory.vhf sub01/vhpl102 1525927457
EN key4_dbnc NULL C:/Users/James/Desktop/Github/School/Phys301/lab_final/modules/key4_dbnc.vhd sub00/vhpl14 1525976534
AR addersub8 behavioral C:/Users/James/Desktop/Github/School/Phys301/lab_final/lab_final/addersub8.vhf sub01/vhpl161 1525976571
AR m2_1_mxilinx_p_counter behavioral C:/Users/James/Desktop/Github/School/Phys301/lab_final/lab_final/P_Counter.vhf sub01/vhpl123 1525929474
EN crenc4bin NULL C:/Users/James/Desktop/Github/School/Phys301/lab_final/modules/CRenc4bin.vhd sub00/vhpl02 1525976522
EN ssd_1dig NULL C:/Users/James/Desktop/Github/School/Phys301/lab_final/modules/SSD_1dig.vhd sub00/vhpl22 1525976542
EN fd8ce_mxilinx_registers NULL C:/Users/James/Desktop/Github/School/Phys301/lab_final/lab_final/Registers.vhf sub01/vhpl144 1525927501
EN alu_muser_lab_final NULL C:/Users/James/Desktop/Github/School/Phys301/lab_final/lab_final/lab_final.vhf sub00/vhpl76 1525927429
EN address_muser_memory NULL C:/Users/James/Desktop/Github/School/Phys301/lab_final/lab_final/Memory.vhf sub01/vhpl100 1525927455
EN full_addersub8_muser_memory NULL C:/Users/James/Desktop/Github/School/Phys301/lab_final/lab_final/Memory.vhf sub00/vhpl88 1525927441
AR address behavioral C:/Users/James/Desktop/Github/School/Phys301/lab_final/lab_final/Address.vhf sub01/vhpl171 1525927528
AR i_register_muser_memory behavioral C:/Users/James/Desktop/Github/School/Phys301/lab_final/lab_final/Memory.vhf sub01/vhpl105 1525927460
AR add8_mxilinx_i_register behavioral C:/Users/James/Desktop/Github/School/Phys301/lab_final/lab_final/I_Register.vhf sub01/vhpl187 1525927544
AR address_muser_memory behavioral C:/Users/James/Desktop/Github/School/Phys301/lab_final/lab_final/Memory.vhf sub01/vhpl101 1525927456
EN dcm_100m NULL C:/Users/James/Desktop/Github/School/Phys301/lab_final/modules/DCM_100M.vhd sub00/vhpl04 1525976524
EN full_addersub8_muser_programground NULL C:/Users/James/Desktop/Github/School/Phys301/lab_final/lab_final/ProgramGround.vhf sub01/vhpl116 1525927471
EN add8_mxilinx_memory NULL C:/Users/James/Desktop/Github/School/Phys301/lab_final/lab_final/Memory.vhf sub00/vhpl96 1525927451
EN col_strobe NULL C:/Users/James/Documents/Xlink_projects/lab_final/modules/col_strobe.vhd sub00/vhpl08 1525976528
AR decoder16keyen doric C:/Users/James/Desktop/Github/School/Phys301/lab_final/modules/decoder16keyEn.vhd sub00/vhpl13 1525976533
EN hexshifter8_muser_memory NULL C:/Users/James/Desktop/Github/School/Phys301/lab_final/lab_final/Memory.vhf sub00/vhpl92 1525927447
EN address NULL C:/Users/James/Desktop/Github/School/Phys301/lab_final/lab_final/Address.vhf sub01/vhpl170 1525927527
EN full_add_muser_lab_final NULL C:/Users/James/Desktop/Github/School/Phys301/lab_final/lab_final/lab_final.vhf sub00/vhpl32 1525927385
EN bin2bcd3en NULL C:/Users/James/Desktop/Github/School/Phys301/lab_final/modules/bin2BCD3en.vhd sub00/vhpl18 1525976538
EN add8_mxilinx_registers NULL C:/Users/James/Desktop/Github/School/Phys301/lab_final/lab_final/Registers.vhf sub01/vhpl146 1525927503
AR addersub8_muser_full_addersub8 behavioral C:/Users/James/Desktop/Github/School/Phys301/lab_final/lab_final/Full_AdderSub8.vhf sub01/vhpl135 1525976563
AR alu behavioral C:/Users/James/Desktop/Github/School/Phys301/lab_final/lab_final/ALU.vhf sub00/vhpl83 1525927436
AR isa behavioral C:/Users/James/Desktop/Github/School/Phys301/lab_final/lab_final/ISA.vhf sub00/vhpl25 1525927378
EN addersub8_muser_programground NULL C:/Users/James/Desktop/Github/School/Phys301/lab_final/lab_final/ProgramGround.vhf sub01/vhpl114 1525927469
EN d_register_muser_lab_final NULL C:/Users/James/Desktop/Github/School/Phys301/lab_final/lab_final/lab_final.vhf sub00/vhpl50 1525927405
AR output_debugmode_muser_test_fulladder behavioral C:/Users/James/Desktop/Github/School/Phys301/lab_final/lab_final/test_FullAdder.vhf sub02/vhpl219 1525976547
AR p_counter behavioral C:/Users/James/Desktop/Github/School/Phys301/lab_final/lab_final/P_Counter.vhf sub01/vhpl131 1525929482
EN full_add NULL C:/Users/James/Desktop/Github/School/Phys301/lab_final/lab_final/Full_Add.vhf sub01/vhpl192 1525976572
EN m2_1_mxilinx_mux8bit NULL C:/Users/James/Desktop/Github/School/Phys301/lab_final/lab_final/MUX8Bit.vhf sub01/vhpl198 1525927493
AR output_debugmode_muser_lab_final behavioral C:/Users/James/Desktop/Github/School/Phys301/lab_final/lab_final/lab_final.vhf sub00/vhpl57 1525927412
EN output_debugmode NULL C:/Users/James/Desktop/Github/School/Phys301/lab_final/lab_final/Output_DebugMode.vhf sub01/vhpl140 1525976566
EN sram32x8_ex_pgm_data NULL C:/Users/James/Desktop/Github/School/Phys301/lab_final/modules/sRAM32x8_ex_pgm_data.vhd sub00/vhpl30 1525927383
AR d_register behavioral C:/Users/James/Desktop/Github/School/Phys301/lab_final/lab_final/D_Register.vhf sub01/vhpl181 1525927538
AR hexshifter8 behavioral C:/Users/James/Desktop/Github/School/Phys301/lab_final/lab_final/hexShifter8.vhf sub01/vhpl195 1525927552
AR addersub8_muser_test_fulladder behavioral C:/Users/James/Desktop/Github/School/Phys301/lab_final/lab_final/test_FullAdder.vhf sub02/vhpl225 1525976553
AR adsu8_mxilinx_lab_final behavioral C:/Users/James/Desktop/Github/School/Phys301/lab_final/lab_final/lab_final.vhf sub00/vhpl75 1525927428
EN i_register NULL C:/Users/James/Desktop/Github/School/Phys301/lab_final/lab_final/I_Register.vhf sub01/vhpl190 1525927547
AR full_add_muser_test_fulladder behavioral C:/Users/James/Desktop/Github/School/Phys301/lab_final/lab_final/test_FullAdder.vhf sub02/vhpl223 1525976551
EN m2_1_mxilinx_test_programcounter NULL C:/Users/James/Desktop/Github/School/Phys301/lab_final/lab_final/test_ProgramCounter.vhf sub02/vhpl204 1525929457
EN i_register_muser_registers NULL C:/Users/James/Desktop/Github/School/Phys301/lab_final/lab_final/Registers.vhf sub01/vhpl154 1525927511
AR fd4ce_mxilinx_test_fulladder behavioral C:/Users/James/Desktop/Github/School/Phys301/lab_final/lab_final/test_FullAdder.vhf sub02/vhpl229 1525976557
AR test_programcounter behavioral C:/Users/James/Desktop/Github/School/Phys301/lab_final/lab_final/test_ProgramCounter.vhf sub02/vhpl217 1525929470
AR fd8ce_mxilinx_memory behavioral C:/Users/James/Desktop/Github/School/Phys301/lab_final/lab_final/Memory.vhf sub00/vhpl95 1525927450
EN hexshifter8 NULL C:/Users/James/Desktop/Github/School/Phys301/lab_final/lab_final/hexShifter8.vhf sub01/vhpl194 1525927551
AR addersub8_muser_programground behavioral C:/Users/James/Desktop/Github/School/Phys301/lab_final/lab_final/ProgramGround.vhf sub01/vhpl115 1525927470
EN m2_1b1_mxilinx_p_counter NULL C:/Users/James/Desktop/Github/School/Phys301/lab_final/lab_final/P_Counter.vhf sub01/vhpl120 1525929471
AR ssd_1dig behavioral C:/Users/James/Desktop/Github/School/Phys301/lab_final/modules/SSD_1dig.vhd sub00/vhpl23 1525976543
AR crenc4bin behavioral C:/Users/James/Desktop/Github/School/Phys301/lab_final/modules/CRenc4bin.vhd sub00/vhpl03 1525976523
AR sel_strobeb behavioral C:/Users/James/Desktop/Github/School/Phys301/lab_final/modules/sel_strobeB.vhd sub00/vhpl17 1525976537
AR mux4ssd behavioral C:/Users/James/Desktop/Github/School/Phys301/lab_final/modules/mux4SSD.vhd sub00/vhpl21 1525976541
EN test_programcounter NULL C:/Users/James/Desktop/Github/School/Phys301/lab_final/lab_final/test_ProgramCounter.vhf sub02/vhpl216 1525929469
EN output_debugmode_muser_lab_final NULL C:/Users/James/Desktop/Github/School/Phys301/lab_final/lab_final/lab_final.vhf sub00/vhpl56 1525927411
EN hexshifter8_muser_i_register NULL C:/Users/James/Desktop/Github/School/Phys301/lab_final/lab_final/I_Register.vhf sub01/vhpl182 1525927539
AR adsu8_mxilinx_alu behavioral C:/Users/James/Desktop/Github/School/Phys301/lab_final/lab_final/ALU.vhf sub00/vhpl81 1525927434
EN m2_1_mxilinx_memory NULL C:/Users/James/Desktop/Github/School/Phys301/lab_final/lab_final/Memory.vhf sub01/vhpl196 1525927443
AR output_debugmode behavioral C:/Users/James/Desktop/Github/School/Phys301/lab_final/lab_final/Output_DebugMode.vhf sub01/vhpl141 1525976567
EN ftclex_mxilinx_p_counter NULL C:/Users/James/Desktop/Github/School/Phys301/lab_final/lab_final/P_Counter.vhf sub01/vhpl124 1525929475
EN add8_mxilinx_address NULL C:/Users/James/Desktop/Github/School/Phys301/lab_final/lab_final/Address.vhf sub01/vhpl166 1525927523
AR addersub8_muser_lab_final behavioral C:/Users/James/Desktop/Github/School/Phys301/lab_final/lab_final/lab_final.vhf sub00/vhpl35 1525927388
AR i_register behavioral C:/Users/James/Desktop/Github/School/Phys301/lab_final/lab_final/I_Register.vhf sub01/vhpl191 1525927548
EN m2_1_mxilinx_p_counter NULL C:/Users/James/Desktop/Github/School/Phys301/lab_final/lab_final/P_Counter.vhf sub01/vhpl122 1525929473
AR full_add_muser_memory behavioral C:/Users/James/Desktop/Github/School/Phys301/lab_final/lab_final/Memory.vhf sub00/vhpl85 1525927438
AR fd4ce_mxilinx_registers behavioral C:/Users/James/Desktop/Github/School/Phys301/lab_final/lab_final/Registers.vhf sub01/vhpl149 1525927506
EN adsu8_mxilinx_alu NULL C:/Users/James/Desktop/Github/School/Phys301/lab_final/lab_final/ALU.vhf sub00/vhpl80 1525927433
EN m2_1b1_mxilinx_test_programcounter NULL C:/Users/James/Desktop/Github/School/Phys301/lab_final/lab_final/test_ProgramCounter.vhf sub02/vhpl206 1525929459
AR add8_mxilinx_memory behavioral C:/Users/James/Desktop/Github/School/Phys301/lab_final/lab_final/Memory.vhf sub00/vhpl97 1525927452
AR mux8bit behavioral C:/Users/James/Desktop/Github/School/Phys301/lab_final/lab_final/MUX8Bit.vhf sub01/vhpl139 1525927496
AR hexshifter8_muser_memory behavioral C:/Users/James/Desktop/Github/School/Phys301/lab_final/lab_final/Memory.vhf sub00/vhpl93 1525927448
EN fd4ce_mxilinx_registers NULL C:/Users/James/Desktop/Github/School/Phys301/lab_final/lab_final/Registers.vhf sub01/vhpl148 1525927505
EN m2_1b1_mxilinx_lab_final NULL C:/Users/James/Desktop/Github/School/Phys301/lab_final/lab_final/lab_final.vhf sub00/vhpl60 1525927415
AR fd4ce_mxilinx_memory behavioral C:/Users/James/Desktop/Github/School/Phys301/lab_final/lab_final/Memory.vhf sub00/vhpl99 1525927454
AR switch_debounce behavioral C:/Users/James/Desktop/Github/School/Phys301/lab_final/modules/debounce.vhd sub00/vhpl01 1525976521
AR fd8ce_mxilinx_d_register behavioral C:/Users/James/Desktop/Github/School/Phys301/lab_final/lab_final/D_Register.vhf sub01/vhpl175 1525927532
EN mux8bit_muser_memory NULL C:/Users/James/Desktop/Github/School/Phys301/lab_final/lab_final/Memory.vhf sub00/vhpl90 1525927445
AR p_counter_muser_test_programcounter behavioral C:/Users/James/Desktop/Github/School/Phys301/lab_final/lab_final/test_ProgramCounter.vhf sub02/vhpl215 1525929468
EN lab9_bcdbus NULL C:/Users/James/Desktop/Github/School/Phys301/lab_final/lab_final/lab9_BCDBus.vhf sub02/vhpl202 1525929453
EN hexshifter8_muser_address NULL C:/Users/James/Desktop/Github/School/Phys301/lab_final/lab_final/Address.vhf sub01/vhpl162 1525927519
EN fd8ce_mxilinx_lab_final NULL C:/Users/James/Desktop/Github/School/Phys301/lab_final/lab_final/lab_final.vhf sub00/vhpl42 1525927397
EN hexshifter8_muser_registers NULL C:/Users/James/Desktop/Github/School/Phys301/lab_final/lab_final/Registers.vhf sub01/vhpl142 1525927499
AR mux8bit_muser_lab_final behavioral C:/Users/James/Desktop/Github/School/Phys301/lab_final/lab_final/lab_final.vhf sub00/vhpl39 1525927394
AR key_detect behavioral C:/Users/James/Desktop/Github/School/Phys301/lab_final/modules/key_detect.vhd sub00/vhpl07 1525976527
EN cb8cled_mxilinx_test_programcounter NULL C:/Users/James/Desktop/Github/School/Phys301/lab_final/lab_final/test_ProgramCounter.vhf sub02/vhpl212 1525929465
EN fd8ce_mxilinx_test_fulladder NULL C:/Users/James/Desktop/Github/School/Phys301/lab_final/lab_final/test_FullAdder.vhf sub02/vhpl220 1525976548
EN decoder16keyen NULL C:/Users/James/Desktop/Github/School/Phys301/lab_final/modules/decoder16keyEn.vhd sub00/vhpl12 1525976532
AR full_addersub8_muser_memory behavioral C:/Users/James/Desktop/Github/School/Phys301/lab_final/lab_final/Memory.vhf sub00/vhpl89 1525927442
EN test_fulladder NULL C:/Users/James/Desktop/Github/School/Phys301/lab_final/lab_final/test_FullAdder.vhf sub02/vhpl230 1525976558
EN ftclex_mxilinx_lab_final NULL C:/Users/James/Desktop/Github/School/Phys301/lab_final/lab_final/lab_final.vhf sub00/vhpl64 1525927417
AR fd4ce_mxilinx_lab_final behavioral C:/Users/James/Desktop/Github/School/Phys301/lab_final/lab_final/lab_final.vhf sub00/vhpl47 1525927402
EN fd8ce_mxilinx_i_register NULL C:/Users/James/Desktop/Github/School/Phys301/lab_final/lab_final/I_Register.vhf sub01/vhpl184 1525927541
AR sram32x8_ex_pgm_instr behavioral C:/Users/James/Desktop/Github/School/Phys301/lab_final/modules/sRAM32x8_ex_pgm_instr.vhd sub00/vhpl29 1525927382
EN add8_mxilinx_d_register NULL C:/Users/James/Desktop/Github/School/Phys301/lab_final/lab_final/D_Register.vhf sub01/vhpl176 1525927533
AR lab_keypad_final behavioral C:/Users/James/Desktop/Github/School/Phys301/lab_final/lab_final/lab_KEYPAD_FINAL.vhf sub00/vhpl27 1525976545
AR address_muser_registers behavioral C:/Users/James/Desktop/Github/School/Phys301/lab_final/lab_final/Registers.vhf sub01/vhpl151 1525927508
EN m2_1_mxilinx_lab_final NULL C:/Users/James/Desktop/Github/School/Phys301/lab_final/lab_final/lab_final.vhf sub00/vhpl62 1525927391
AR cb8cled_mxilinx_lab_final behavioral C:/Users/James/Desktop/Github/School/Phys301/lab_final/lab_final/lab_final.vhf sub00/vhpl69 1525927422
AR programground behavioral C:/Users/James/Desktop/Github/School/Phys301/lab_final/lab_final/ProgramGround.vhf sub01/vhpl119 1525927474
AR m2_1b1_mxilinx_lab_final behavioral C:/Users/James/Desktop/Github/School/Phys301/lab_final/lab_final/lab_final.vhf sub00/vhpl61 1525927416
EN full_add_muser_memory NULL C:/Users/James/Desktop/Github/School/Phys301/lab_final/lab_final/Memory.vhf sub00/vhpl84 1525927437
EN isa NULL C:/Users/James/Desktop/Github/School/Phys301/lab_final/lab_final/ISA.vhf sub00/vhpl24 1525927377
AR full_addersub8 behavioral C:/Users/James/Desktop/Github/School/Phys301/lab_final/lab_final/Full_AdderSub8.vhf sub01/vhpl137 1525976565
EN p_counter_muser_test_programcounter NULL C:/Users/James/Desktop/Github/School/Phys301/lab_final/lab_final/test_ProgramCounter.vhf sub02/vhpl214 1525929467
EN add8_mxilinx_lab_final NULL C:/Users/James/Desktop/Github/School/Phys301/lab_final/lab_final/lab_final.vhf sub00/vhpl44 1525927399
EN fd4ce_mxilinx_test_fulladder NULL C:/Users/James/Desktop/Github/School/Phys301/lab_final/lab_final/test_FullAdder.vhf sub02/vhpl228 1525976556
AR fd8ce_mxilinx_i_register behavioral C:/Users/James/Desktop/Github/School/Phys301/lab_final/lab_final/I_Register.vhf sub01/vhpl185 1525927542
AR cb4cled_mxilinx_test_programcounter behavioral C:/Users/James/Desktop/Github/School/Phys301/lab_final/lab_final/test_ProgramCounter.vhf sub02/vhpl211 1525929464
AR memory behavioral C:/Users/James/Desktop/Github/School/Phys301/lab_final/lab_final/Memory.vhf sub01/vhpl111 1525927466
EN addersub8_muser_test_fulladder NULL C:/Users/James/Desktop/Github/School/Phys301/lab_final/lab_final/test_FullAdder.vhf sub02/vhpl224 1525976552
AR cb4cled_mxilinx_lab_final behavioral C:/Users/James/Desktop/Github/School/Phys301/lab_final/lab_final/lab_final.vhf sub00/vhpl67 1525927420
AR address_muser_lab_final behavioral C:/Users/James/Desktop/Github/School/Phys301/lab_final/lab_final/lab_final.vhf sub00/vhpl49 1525927404
EN adsu8_mxilinx_lab_final NULL C:/Users/James/Desktop/Github/School/Phys301/lab_final/lab_final/lab_final.vhf sub00/vhpl74 1525927427
AR fd4ce_mxilinx_d_register behavioral C:/Users/James/Desktop/Github/School/Phys301/lab_final/lab_final/D_Register.vhf sub01/vhpl179 1525927536
EN fd8ce_mxilinx_memory NULL C:/Users/James/Desktop/Github/School/Phys301/lab_final/lab_final/Memory.vhf sub00/vhpl94 1525927449
AR fd8ce_mxilinx_registers behavioral C:/Users/James/Desktop/Github/School/Phys301/lab_final/lab_final/Registers.vhf sub01/vhpl145 1525927502
AR fd8ce_mxilinx_address behavioral C:/Users/James/Desktop/Github/School/Phys301/lab_final/lab_final/Address.vhf sub01/vhpl165 1525927522
AR sram32x8_ex_pgm_data behavioral C:/Users/James/Desktop/Github/School/Phys301/lab_final/modules/sRAM32x8_ex_pgm_data.vhd sub00/vhpl31 1525927384
EN cb4cled_mxilinx_p_counter NULL C:/Users/James/Desktop/Github/School/Phys301/lab_final/lab_final/P_Counter.vhf sub01/vhpl126 1525929477
EN p_counter_muser_lab_final NULL C:/Users/James/Desktop/Github/School/Phys301/lab_final/lab_final/lab_final.vhf sub00/vhpl70 1525927423
AR fd4ce_mxilinx_address behavioral C:/Users/James/Desktop/Github/School/Phys301/lab_final/lab_final/Address.vhf sub01/vhpl169 1525927526
EN fd4ce_mxilinx_d_register NULL C:/Users/James/Desktop/Github/School/Phys301/lab_final/lab_final/D_Register.vhf sub01/vhpl178 1525927535
AR test_fulladder behavioral C:/Users/James/Desktop/Github/School/Phys301/lab_final/lab_final/test_FullAdder.vhf sub02/vhpl231 1525976559
EN fd8ce_mxilinx_address NULL C:/Users/James/Desktop/Github/School/Phys301/lab_final/lab_final/Address.vhf sub01/vhpl164 1525927521
AR hexshifter8_muser_d_register behavioral C:/Users/James/Desktop/Github/School/Phys301/lab_final/lab_final/D_Register.vhf sub01/vhpl173 1525927530
AR full_addersub8_muser_test_fulladder behavioral C:/Users/James/Desktop/Github/School/Phys301/lab_final/lab_final/test_FullAdder.vhf sub02/vhpl227 1525976555
EN programground NULL C:/Users/James/Desktop/Github/School/Phys301/lab_final/lab_final/ProgramGround.vhf sub01/vhpl118 1525927473
EN i_register_muser_lab_final NULL C:/Users/James/Desktop/Github/School/Phys301/lab_final/lab_final/lab_final.vhf sub00/vhpl52 1525927407
AR full_add_muser_full_addersub8 behavioral C:/Users/James/Desktop/Github/School/Phys301/lab_final/lab_final/Full_AdderSub8.vhf sub01/vhpl133 1525976561
EN memory_muser_lab_final NULL C:/Users/James/Desktop/Github/School/Phys301/lab_final/lab_final/lab_final.vhf sub00/vhpl58 1525927413
EN addersub8_muser_memory NULL C:/Users/James/Desktop/Github/School/Phys301/lab_final/lab_final/Memory.vhf sub00/vhpl86 1525927439
EN full_addersub8_muser_test_fulladder NULL C:/Users/James/Desktop/Github/School/Phys301/lab_final/lab_final/test_FullAdder.vhf sub02/vhpl226 1525976554
EN full_addersub8 NULL C:/Users/James/Desktop/Github/School/Phys301/lab_final/lab_final/Full_AdderSub8.vhf sub01/vhpl136 1525976564
EN registers NULL C:/Users/James/Desktop/Github/School/Phys301/lab_final/lab_final/Registers.vhf sub01/vhpl156 1525927513
AR fd8ce_mxilinx_lab_final behavioral C:/Users/James/Desktop/Github/School/Phys301/lab_final/lab_final/lab_final.vhf sub00/vhpl43 1525927398
EN address_muser_registers NULL C:/Users/James/Desktop/Github/School/Phys301/lab_final/lab_final/Registers.vhf sub01/vhpl150 1525927507
AR fd4ce_mxilinx_i_register behavioral C:/Users/James/Desktop/Github/School/Phys301/lab_final/lab_final/I_Register.vhf sub01/vhpl189 1525927546
AR registers_muser_memory behavioral C:/Users/James/Desktop/Github/School/Phys301/lab_final/lab_final/Memory.vhf sub01/vhpl107 1525927462
AR registers_muser_lab_final behavioral C:/Users/James/Desktop/Github/School/Phys301/lab_final/lab_final/lab_final.vhf sub00/vhpl55 1525927410
AR ftclex_mxilinx_lab_final behavioral C:/Users/James/Desktop/Github/School/Phys301/lab_final/lab_final/lab_final.vhf sub00/vhpl65 1525927418
AR full_addersub8_muser_lab_final behavioral C:/Users/James/Desktop/Github/School/Phys301/lab_final/lab_final/lab_final.vhf sub00/vhpl37 1525927390
AR alu_muser_lab_final behavioral C:/Users/James/Desktop/Github/School/Phys301/lab_final/lab_final/lab_final.vhf sub00/vhpl77 1525927430
EN cb4cled_mxilinx_lab_final NULL C:/Users/James/Desktop/Github/School/Phys301/lab_final/lab_final/lab_final.vhf sub00/vhpl66 1525927419
AR i_register_muser_registers behavioral C:/Users/James/Desktop/Github/School/Phys301/lab_final/lab_final/Registers.vhf sub01/vhpl155 1525927512
EN fd4ce_mxilinx_address NULL C:/Users/James/Desktop/Github/School/Phys301/lab_final/lab_final/Address.vhf sub01/vhpl168 1525927525
AR hexshifter8_muser_i_register behavioral C:/Users/James/Desktop/Github/School/Phys301/lab_final/lab_final/I_Register.vhf sub01/vhpl183 1525927540
AR dcm_100m behavioral C:/Users/James/Desktop/Github/School/Phys301/lab_final/modules/DCM_100M.vhd sub00/vhpl05 1525976525
EN addersub8_muser_full_addersub8 NULL C:/Users/James/Desktop/Github/School/Phys301/lab_final/lab_final/Full_AdderSub8.vhf sub01/vhpl134 1525976562
EN fd4ce_mxilinx_lab_final NULL C:/Users/James/Desktop/Github/School/Phys301/lab_final/lab_final/lab_final.vhf sub00/vhpl46 1525927401
EN cb8cled_mxilinx_p_counter NULL C:/Users/James/Desktop/Github/School/Phys301/lab_final/lab_final/P_Counter.vhf sub01/vhpl128 1525929479
AR m2_1_mxilinx_test_programcounter behavioral C:/Users/James/Desktop/Github/School/Phys301/lab_final/lab_final/test_ProgramCounter.vhf sub02/vhpl205 1525929458
AR full_add_muser_lab_final behavioral C:/Users/James/Desktop/Github/School/Phys301/lab_final/lab_final/lab_final.vhf sub00/vhpl33 1525927386
EN key_detect NULL C:/Users/James/Desktop/Github/School/Phys301/lab_final/modules/key_detect.vhd sub00/vhpl06 1525976526
AR cb8cled_mxilinx_p_counter behavioral C:/Users/James/Desktop/Github/School/Phys301/lab_final/lab_final/P_Counter.vhf sub01/vhpl129 1525929480
EN sram32x8_ex_pgm_instr NULL C:/Users/James/Desktop/Github/School/Phys301/lab_final/modules/sRAM32x8_ex_pgm_instr.vhd sub00/vhpl28 1525927381
AR m2_1b1_mxilinx_p_counter behavioral C:/Users/James/Desktop/Github/School/Phys301/lab_final/lab_final/P_Counter.vhf sub01/vhpl121 1525929472
AR i_register_muser_lab_final behavioral C:/Users/James/Desktop/Github/School/Phys301/lab_final/lab_final/lab_final.vhf sub00/vhpl53 1525927408
EN i_register_muser_memory NULL C:/Users/James/Desktop/Github/School/Phys301/lab_final/lab_final/Memory.vhf sub01/vhpl104 1525927459
EN hexshifter8_muser_lab_final NULL C:/Users/James/Desktop/Github/School/Phys301/lab_final/lab_final/lab_final.vhf sub00/vhpl40 1525927395
EN lab_keypad_final NULL C:/Users/James/Desktop/Github/School/Phys301/lab_final/lab_final/lab_KEYPAD_FINAL.vhf sub00/vhpl26 1525976544
EN addersub8_muser_lab_final NULL C:/Users/James/Desktop/Github/School/Phys301/lab_final/lab_final/lab_final.vhf sub00/vhpl34 1525927387
EN mux4ssd NULL C:/Users/James/Desktop/Github/School/Phys301/lab_final/modules/mux4SSD.vhd sub00/vhpl20 1525976540
AR bin2bcd3en behavioral C:/Users/James/Desktop/Github/School/Phys301/lab_final/modules/bin2BCD3en.vhd sub00/vhpl19 1525976539
EN fd4ce_mxilinx_memory NULL C:/Users/James/Desktop/Github/School/Phys301/lab_final/lab_final/Memory.vhf sub00/vhpl98 1525927453
EN full_add_muser_test_fulladder NULL C:/Users/James/Desktop/Github/School/Phys301/lab_final/lab_final/test_FullAdder.vhf sub02/vhpl222 1525976550
AR dcm_50m behavioral C:/Users/James/Desktop/Github/School/Phys301/lab_final/modules/DCM_50M.vhd sub02/vhpl201 1525929444
AR m2_1_mxilinx_lab_final behavioral C:/Users/James/Desktop/Github/School/Phys301/lab_final/lab_final/lab_final.vhf sub00/vhpl63 1525927392
AR d_register_muser_memory behavioral C:/Users/James/Desktop/Github/School/Phys301/lab_final/lab_final/Memory.vhf sub01/vhpl103 1525927458
EN mux8bit_muser_lab_final NULL C:/Users/James/Desktop/Github/School/Phys301/lab_final/lab_final/lab_final.vhf sub00/vhpl38 1525927393
EN d_register NULL C:/Users/James/Desktop/Github/School/Phys301/lab_final/lab_final/D_Register.vhf sub01/vhpl180 1525927537
AR full_addersub8_muser_programground behavioral C:/Users/James/Desktop/Github/School/Phys301/lab_final/lab_final/ProgramGround.vhf sub01/vhpl117 1525927472
AR cb4cled_mxilinx_p_counter behavioral C:/Users/James/Desktop/Github/School/Phys301/lab_final/lab_final/P_Counter.vhf sub01/vhpl127 1525929478
AR m2_1b1_mxilinx_test_programcounter behavioral C:/Users/James/Desktop/Github/School/Phys301/lab_final/lab_final/test_ProgramCounter.vhf sub02/vhpl207 1525929460
AR output_debugmode_muser_memory behavioral C:/Users/James/Desktop/Github/School/Phys301/lab_final/lab_final/Memory.vhf sub01/vhpl109 1525927464
EN cb8cled_mxilinx_lab_final NULL C:/Users/James/Desktop/Github/School/Phys301/lab_final/lab_final/lab_final.vhf sub00/vhpl68 1525927421
EN output_debugmode_muser_memory NULL C:/Users/James/Desktop/Github/School/Phys301/lab_final/lab_final/Memory.vhf sub01/vhpl108 1525927463
AR p_counter_muser_lab_final behavioral C:/Users/James/Desktop/Github/School/Phys301/lab_final/lab_final/lab_final.vhf sub00/vhpl71 1525927424
AR full_add_muser_programground behavioral C:/Users/James/Desktop/Github/School/Phys301/lab_final/lab_final/ProgramGround.vhf sub01/vhpl113 1525927468
EN ftclex_mxilinx_test_programcounter NULL C:/Users/James/Desktop/Github/School/Phys301/lab_final/lab_final/test_ProgramCounter.vhf sub02/vhpl208 1525929461
AR registers behavioral C:/Users/James/Desktop/Github/School/Phys301/lab_final/lab_final/Registers.vhf sub01/vhpl157 1525927514
EN sel_strobeb NULL C:/Users/James/Desktop/Github/School/Phys301/lab_final/modules/sel_strobeB.vhd sub00/vhpl16 1525976536
AR add8_mxilinx_registers behavioral C:/Users/James/Desktop/Github/School/Phys301/lab_final/lab_final/Registers.vhf sub01/vhpl147 1525927504
AR lab9_bcdbus behavioral C:/Users/James/Desktop/Github/School/Phys301/lab_final/lab_final/lab9_BCDBus.vhf sub02/vhpl203 1525929454
EN d_register_muser_registers NULL C:/Users/James/Desktop/Github/School/Phys301/lab_final/lab_final/Registers.vhf sub01/vhpl152 1525927509
AR d_register_muser_registers behavioral C:/Users/James/Desktop/Github/School/Phys301/lab_final/lab_final/Registers.vhf sub01/vhpl153 1525927510
EN registers_muser_lab_final NULL C:/Users/James/Desktop/Github/School/Phys301/lab_final/lab_final/lab_final.vhf sub00/vhpl54 1525927409
EN memory NULL C:/Users/James/Desktop/Github/School/Phys301/lab_final/lab_final/Memory.vhf sub01/vhpl110 1525927465
EN oneshot NULL C:/Users/James/Desktop/Github/School/Phys301/lab_final/modules/oneshot.vhd sub00/vhpl10 1525976530
EN p_counter NULL C:/Users/James/Desktop/Github/School/Phys301/lab_final/lab_final/P_Counter.vhf sub01/vhpl130 1525929481
EN mux8bit NULL C:/Users/James/Desktop/Github/School/Phys301/lab_final/lab_final/MUX8Bit.vhf sub01/vhpl138 1525927495
AR full_add_muser_addersub8 behavioral C:/Users/James/Desktop/Github/School/Phys301/lab_final/lab_final/addersub8.vhf sub01/vhpl159 1525976569
EN add8_mxilinx_i_register NULL C:/Users/James/Desktop/Github/School/Phys301/lab_final/lab_final/I_Register.vhf sub01/vhpl186 1525927543
AR hexshifter8_muser_registers behavioral C:/Users/James/Desktop/Github/School/Phys301/lab_final/lab_final/Registers.vhf sub01/vhpl143 1525927500
AR cb8cled_mxilinx_test_programcounter behavioral C:/Users/James/Desktop/Github/School/Phys301/lab_final/lab_final/test_ProgramCounter.vhf sub02/vhpl213 1525929466
EN addersub8 NULL C:/Users/James/Desktop/Github/School/Phys301/lab_final/lab_final/addersub8.vhf sub01/vhpl160 1525976570
EN hexshifter8_muser_d_register NULL C:/Users/James/Desktop/Github/School/Phys301/lab_final/lab_final/D_Register.vhf sub01/vhpl172 1525927529
EN full_addersub8_muser_lab_final NULL C:/Users/James/Desktop/Github/School/Phys301/lab_final/lab_final/lab_final.vhf sub00/vhpl36 1525927389
AR lab_final behavioral C:/Users/James/Desktop/Github/School/Phys301/lab_final/lab_final/lab_final.vhf sub00/vhpl79 1525927432
AR add8_mxilinx_lab_final behavioral C:/Users/James/Desktop/Github/School/Phys301/lab_final/lab_final/lab_final.vhf sub00/vhpl45 1525927400
EN alu NULL C:/Users/James/Desktop/Github/School/Phys301/lab_final/lab_final/ALU.vhf sub00/vhpl82 1525927435
AR full_add behavioral C:/Users/James/Desktop/Github/School/Phys301/lab_final/lab_final/Full_Add.vhf sub01/vhpl193 1525976573
AR d_register_muser_lab_final behavioral C:/Users/James/Desktop/Github/School/Phys301/lab_final/lab_final/lab_final.vhf sub00/vhpl51 1525927406
AR m2_1_mxilinx_mux8bit behavioral C:/Users/James/Desktop/Github/School/Phys301/lab_final/lab_final/MUX8Bit.vhf sub01/vhpl199 1525927494
AR ftclex_mxilinx_p_counter behavioral C:/Users/James/Desktop/Github/School/Phys301/lab_final/lab_final/P_Counter.vhf sub01/vhpl125 1525929476
AR key4_dbnc behavioral C:/Users/James/Desktop/Github/School/Phys301/lab_final/modules/key4_dbnc.vhd sub00/vhpl15 1525976535
AR add8_mxilinx_address behavioral C:/Users/James/Desktop/Github/School/Phys301/lab_final/lab_final/Address.vhf sub01/vhpl167 1525927524
AR hexshifter8_muser_lab_final behavioral C:/Users/James/Desktop/Github/School/Phys301/lab_final/lab_final/lab_final.vhf sub00/vhpl41 1525927396
EN full_add_muser_full_addersub8 NULL C:/Users/James/Desktop/Github/School/Phys301/lab_final/lab_final/Full_AdderSub8.vhf sub01/vhpl132 1525976560
AR fd8ce_mxilinx_test_fulladder behavioral C:/Users/James/Desktop/Github/School/Phys301/lab_final/lab_final/test_FullAdder.vhf sub02/vhpl221 1525976549
EN lab_final NULL C:/Users/James/Desktop/Github/School/Phys301/lab_final/lab_final/lab_final.vhf sub00/vhpl78 1525927431
AR addersub8_muser_memory behavioral C:/Users/James/Desktop/Github/School/Phys301/lab_final/lab_final/Memory.vhf sub00/vhpl87 1525927440
AR m2_1_mxilinx_memory behavioral C:/Users/James/Desktop/Github/School/Phys301/lab_final/lab_final/Memory.vhf sub01/vhpl197 1525927444
AR add8_mxilinx_d_register behavioral C:/Users/James/Desktop/Github/School/Phys301/lab_final/lab_final/D_Register.vhf sub01/vhpl177 1525927534
AR hexshifter8_muser_address behavioral C:/Users/James/Desktop/Github/School/Phys301/lab_final/lab_final/Address.vhf sub01/vhpl163 1525927520
EN dcm_50m NULL C:/Users/James/Desktop/Github/School/Phys301/lab_final/modules/DCM_50M.vhd sub02/vhpl200 1525929443
EN output_debugmode_muser_test_fulladder NULL C:/Users/James/Desktop/Github/School/Phys301/lab_final/lab_final/test_FullAdder.vhf sub02/vhpl218 1525976546
EN programground_muser_lab_final NULL C:/Users/James/Desktop/Github/School/Phys301/lab_final/lab_final/lab_final.vhf sub00/vhpl72 1525927425
EN address_muser_lab_final NULL C:/Users/James/Desktop/Github/School/Phys301/lab_final/lab_final/lab_final.vhf sub00/vhpl48 1525927403
