EN fd8ce_mxilinx_d_register NULL C:/Users/James/Desktop/Github/School/Phys301/lab_final/lab_final/D_Register.vhf sub01/vhpl174 1525818097
EN fd4ce_mxilinx_i_register NULL C:/Users/James/Desktop/Github/School/Phys301/lab_final/lab_final/I_Register.vhf sub01/vhpl188 1525818111
AR d_memory_muser_memory behavioral C:/Users/James/Desktop/Github/School/Phys301/lab_final/lab_final/Memory.vhf sub01/vhpl109 1525818022
EN test_memory NULL C:/Users/James/Desktop/Github/School/Phys301/lab_final/lab_final/test_Memory.vhf sub02/vhpl222 1525818655
AR memory_muser_lab_final behavioral C:/Users/James/Desktop/Github/School/Phys301/lab_final/lab_final/lab_final.vhf sub00/vhpl63 1525817970
AR mux8bit_muser_memory behavioral C:/Users/James/Desktop/Github/School/Phys301/lab_final/lab_final/Memory.vhf sub00/vhpl87 1525818002
EN registers_muser_memory NULL C:/Users/James/Desktop/Github/School/Phys301/lab_final/lab_final/Memory.vhf sub01/vhpl102 1525818017
AR oneshot behavioral C:/Users/James/Desktop/Github/School/Phys301/lab_final/modules/oneshot.vhd sub00/vhpl11 1525817912
AR programground_muser_lab_final behavioral C:/Users/James/Desktop/Github/School/Phys301/lab_final/lab_final/lab_final.vhf sub00/vhpl37 1525817938
EN d_memory_muser_memory NULL C:/Users/James/Desktop/Github/School/Phys301/lab_final/lab_final/Memory.vhf sub01/vhpl108 1525818021
EN full_add_muser_addersub8 NULL C:/Users/James/Desktop/Github/School/Phys301/lab_final/lab_final/addersub8.vhf sub02/vhpl212 1525818081
AR col_strobe behavioral C:/Users/James/Documents/Xlink_projects/lab_final/modules/col_strobe.vhd sub00/vhpl09 1525817910
EN switch_debounce NULL C:/Users/James/Desktop/Github/School/Phys301/lab_final/modules/debounce.vhd sub00/vhpl00 1525817901
EN d_register_muser_memory NULL C:/Users/James/Desktop/Github/School/Phys301/lab_final/lab_final/Memory.vhf sub00/vhpl96 1525818013
EN key4_dbnc NULL C:/Users/James/Desktop/Github/School/Phys301/lab_final/modules/key4_dbnc.vhd sub00/vhpl14 1525817915
AR addersub8 behavioral C:/Users/James/Desktop/Github/School/Phys301/lab_final/lab_final/addersub8.vhf sub02/vhpl215 1525818084
AR m2_1_mxilinx_p_counter behavioral C:/Users/James/Desktop/Github/School/Phys301/lab_final/lab_final/P_Counter.vhf sub01/vhpl123 1525818036
EN crenc4bin NULL C:/Users/James/Desktop/Github/School/Phys301/lab_final/modules/CRenc4bin.vhd sub00/vhpl02 1525817903
EN ssd_1dig NULL C:/Users/James/Desktop/Github/School/Phys301/lab_final/modules/SSD_1dig.vhd sub00/vhpl22 1525818649
EN fd8ce_mxilinx_registers NULL C:/Users/James/Desktop/Github/School/Phys301/lab_final/lab_final/Registers.vhf sub01/vhpl148 1525818067
EN alu_muser_lab_final NULL C:/Users/James/Desktop/Github/School/Phys301/lab_final/lab_final/lab_final.vhf sub00/vhpl78 1525817985
EN address_muser_memory NULL C:/Users/James/Desktop/Github/School/Phys301/lab_final/lab_final/Memory.vhf sub01/vhpl100 1525818011
EN full_addersub8_muser_memory NULL C:/Users/James/Desktop/Github/School/Phys301/lab_final/lab_final/Memory.vhf sub02/vhpl204 1525817999
AR instructionsymbols_muser_lab_final behavioral C:/Users/James/Desktop/Github/School/Phys301/lab_final/lab_final/lab_final.vhf sub00/vhpl35 1525817936
AR address behavioral C:/Users/James/Desktop/Github/School/Phys301/lab_final/lab_final/Address.vhf sub01/vhpl171 1525818094
AR i_register_muser_memory behavioral C:/Users/James/Desktop/Github/School/Phys301/lab_final/lab_final/Memory.vhf sub00/vhpl99 1525818016
AR add8_mxilinx_i_register behavioral C:/Users/James/Desktop/Github/School/Phys301/lab_final/lab_final/I_Register.vhf sub01/vhpl187 1525818110
AR address_muser_memory behavioral C:/Users/James/Desktop/Github/School/Phys301/lab_final/lab_final/Memory.vhf sub01/vhpl101 1525818012
EN dcm_100m NULL C:/Users/James/Desktop/Github/School/Phys301/lab_final/modules/DCM_100M.vhd sub00/vhpl04 1525817905
EN add8_mxilinx_memory NULL C:/Users/James/Desktop/Github/School/Phys301/lab_final/lab_final/Memory.vhf sub00/vhpl92 1525818007
EN col_strobe NULL C:/Users/James/Documents/Xlink_projects/lab_final/modules/col_strobe.vhd sub00/vhpl08 1525817909
AR decoder16keyen doric C:/Users/James/Desktop/Github/School/Phys301/lab_final/modules/decoder16keyEn.vhd sub00/vhpl13 1525817914
EN hexshifter8_muser_memory NULL C:/Users/James/Desktop/Github/School/Phys301/lab_final/lab_final/Memory.vhf sub00/vhpl88 1525818003
EN address NULL C:/Users/James/Desktop/Github/School/Phys301/lab_final/lab_final/Address.vhf sub01/vhpl170 1525818093
EN full_add_muser_lab_final NULL C:/Users/James/Desktop/Github/School/Phys301/lab_final/lab_final/lab_final.vhf sub01/vhpl194 1525817941
EN bin2bcd3en NULL C:/Users/James/Desktop/Github/School/Phys301/lab_final/modules/bin2BCD3en.vhd sub00/vhpl18 1525818645
EN i_memory_muser_memory NULL C:/Users/James/Desktop/Github/School/Phys301/lab_final/lab_final/Memory.vhf sub01/vhpl106 1525817993
EN add8_mxilinx_registers NULL C:/Users/James/Desktop/Github/School/Phys301/lab_final/lab_final/Registers.vhf sub01/vhpl150 1525818069
AR addersub8_muser_full_addersub8 behavioral C:/Users/James/Desktop/Github/School/Phys301/lab_final/lab_final/Full_AdderSub8.vhf sub02/vhpl209 1525818050
AR alu behavioral C:/Users/James/Desktop/Github/School/Phys301/lab_final/lab_final/ALU.vhf sub00/vhpl85 1525817992
EN inv8_mxilinx_instructionsymbols NULL C:/Users/James/Desktop/Github/School/Phys301/lab_final/lab_final/InstructionSymbols.vhf sub01/vhpl134 1525818053
AR test_memory behavioral C:/Users/James/Desktop/Github/School/Phys301/lab_final/lab_final/test_Memory.vhf sub02/vhpl223 1525818656
EN d_register_muser_lab_final NULL C:/Users/James/Desktop/Github/School/Phys301/lab_final/lab_final/lab_final.vhf sub00/vhpl48 1525817959
AR p_counter behavioral C:/Users/James/Desktop/Github/School/Phys301/lab_final/lab_final/P_Counter.vhf sub01/vhpl131 1525818044
EN full_add NULL C:/Users/James/Desktop/Github/School/Phys301/lab_final/lab_final/Full_Add.vhf sub02/vhpl216 1525818115
AR output_debugmode_muser_lab_final behavioral C:/Users/James/Desktop/Github/School/Phys301/lab_final/lab_final/lab_final.vhf sub00/vhpl57 1525817966
EN output_debugmode NULL C:/Users/James/Desktop/Github/School/Phys301/lab_final/lab_final/Output_DebugMode.vhf sub01/vhpl144 1525818063
EN sram32x8_ex_pgm_data NULL C:/Users/James/Desktop/Github/School/Phys301/lab_final/modules/sRAM32x8_ex_pgm_data.vhd sub00/vhpl26 1525817927
EN instructionsymbols NULL C:/Users/James/Desktop/Github/School/Phys301/lab_final/lab_final/InstructionSymbols.vhf sub01/vhpl138 1525818057
AR d_register behavioral C:/Users/James/Desktop/Github/School/Phys301/lab_final/lab_final/D_Register.vhf sub01/vhpl181 1525818104
AR hexshifter8 behavioral C:/Users/James/Desktop/Github/School/Phys301/lab_final/lab_final/hexShifter8.vhf sub01/vhpl193 1525818118
AR adsu8_mxilinx_lab_final behavioral C:/Users/James/Desktop/Github/School/Phys301/lab_final/lab_final/lab_final.vhf sub00/vhpl77 1525817984
EN i_register NULL C:/Users/James/Desktop/Github/School/Phys301/lab_final/lab_final/I_Register.vhf sub01/vhpl190 1525818113
AR inv8_mxilinx_lab_final behavioral C:/Users/James/Desktop/Github/School/Phys301/lab_final/lab_final/lab_final.vhf sub00/vhpl31 1525817932
EN i_register_muser_registers NULL C:/Users/James/Desktop/Github/School/Phys301/lab_final/lab_final/Registers.vhf sub01/vhpl156 1525818077
AR fd8ce_mxilinx_memory behavioral C:/Users/James/Desktop/Github/School/Phys301/lab_final/lab_final/Memory.vhf sub00/vhpl91 1525818006
EN hexshifter8 NULL C:/Users/James/Desktop/Github/School/Phys301/lab_final/lab_final/hexShifter8.vhf sub01/vhpl192 1525818117
EN d_memory NULL C:/Users/James/Desktop/Github/School/Phys301/lab_final/lab_final/D_Memory.vhf sub01/vhpl132 1525818045
EN m2_1b1_mxilinx_p_counter NULL C:/Users/James/Desktop/Github/School/Phys301/lab_final/lab_final/P_Counter.vhf sub01/vhpl120 1525818033
AR ssd_1dig behavioral C:/Users/James/Desktop/Github/School/Phys301/lab_final/modules/SSD_1dig.vhd sub00/vhpl23 1525818650
AR crenc4bin behavioral C:/Users/James/Desktop/Github/School/Phys301/lab_final/modules/CRenc4bin.vhd sub00/vhpl03 1525817904
AR sel_strobeb behavioral C:/Users/James/Desktop/Github/School/Phys301/lab_final/modules/sel_strobeB.vhd sub00/vhpl17 1525818644
EN instructionsymbols_muser_programground NULL C:/Users/James/Desktop/Github/School/Phys301/lab_final/lab_final/ProgramGround.vhf sub01/vhpl116 1525818029
AR mux4ssd behavioral C:/Users/James/Desktop/Github/School/Phys301/lab_final/modules/mux4SSD.vhd sub00/vhpl21 1525818648
EN output_debugmode_muser_lab_final NULL C:/Users/James/Desktop/Github/School/Phys301/lab_final/lab_final/lab_final.vhf sub00/vhpl56 1525817965
EN i_memory_muser_lab_final NULL C:/Users/James/Desktop/Github/School/Phys301/lab_final/lab_final/lab_final.vhf sub00/vhpl58 1525817939
EN hexshifter8_muser_i_register NULL C:/Users/James/Desktop/Github/School/Phys301/lab_final/lab_final/I_Register.vhf sub01/vhpl182 1525818105
AR adsu8_mxilinx_alu behavioral C:/Users/James/Desktop/Github/School/Phys301/lab_final/lab_final/ALU.vhf sub00/vhpl83 1525817990
AR output_debugmode behavioral C:/Users/James/Desktop/Github/School/Phys301/lab_final/lab_final/Output_DebugMode.vhf sub01/vhpl145 1525818064
EN instructionsymbols_muser_lab_final NULL C:/Users/James/Desktop/Github/School/Phys301/lab_final/lab_final/lab_final.vhf sub00/vhpl34 1525817935
EN ftclex_mxilinx_p_counter NULL C:/Users/James/Desktop/Github/School/Phys301/lab_final/lab_final/P_Counter.vhf sub01/vhpl124 1525818037
EN add8_mxilinx_address NULL C:/Users/James/Desktop/Github/School/Phys301/lab_final/lab_final/Address.vhf sub01/vhpl166 1525818089
AR addersub8_muser_lab_final behavioral C:/Users/James/Desktop/Github/School/Phys301/lab_final/lab_final/lab_final.vhf sub01/vhpl197 1525817944
AR i_register behavioral C:/Users/James/Desktop/Github/School/Phys301/lab_final/lab_final/I_Register.vhf sub01/vhpl191 1525818114
EN m2_1_mxilinx_p_counter NULL C:/Users/James/Desktop/Github/School/Phys301/lab_final/lab_final/P_Counter.vhf sub01/vhpl122 1525818035
AR full_add_muser_memory behavioral C:/Users/James/Desktop/Github/School/Phys301/lab_final/lab_final/Memory.vhf sub02/vhpl201 1525817996
AR fd4ce_mxilinx_registers behavioral C:/Users/James/Desktop/Github/School/Phys301/lab_final/lab_final/Registers.vhf sub01/vhpl153 1525818072
EN adsu8_mxilinx_alu NULL C:/Users/James/Desktop/Github/School/Phys301/lab_final/lab_final/ALU.vhf sub00/vhpl82 1525817989
AR add8_mxilinx_memory behavioral C:/Users/James/Desktop/Github/School/Phys301/lab_final/lab_final/Memory.vhf sub00/vhpl93 1525818008
AR mux8bit behavioral C:/Users/James/Desktop/Github/School/Phys301/lab_final/lab_final/MUX8Bit.vhf sub01/vhpl143 1525818062
AR hexshifter8_muser_memory behavioral C:/Users/James/Desktop/Github/School/Phys301/lab_final/lab_final/Memory.vhf sub00/vhpl89 1525818004
EN fd4ce_mxilinx_registers NULL C:/Users/James/Desktop/Github/School/Phys301/lab_final/lab_final/Registers.vhf sub01/vhpl152 1525818071
EN m2_1b1_mxilinx_lab_final NULL C:/Users/James/Desktop/Github/School/Phys301/lab_final/lab_final/lab_final.vhf sub00/vhpl64 1525817971
AR fd4ce_mxilinx_memory behavioral C:/Users/James/Desktop/Github/School/Phys301/lab_final/lab_final/Memory.vhf sub00/vhpl95 1525818010
AR switch_debounce behavioral C:/Users/James/Desktop/Github/School/Phys301/lab_final/modules/debounce.vhd sub00/vhpl01 1525817902
AR fd8ce_mxilinx_d_register behavioral C:/Users/James/Desktop/Github/School/Phys301/lab_final/lab_final/D_Register.vhf sub01/vhpl175 1525818098
EN mux8bit_muser_memory NULL C:/Users/James/Desktop/Github/School/Phys301/lab_final/lab_final/Memory.vhf sub00/vhpl86 1525818001
AR instructionsymbols behavioral C:/Users/James/Desktop/Github/School/Phys301/lab_final/lab_final/InstructionSymbols.vhf sub01/vhpl139 1525818058
EN lab9_bcdbus NULL C:/Users/James/Desktop/Github/School/Phys301/lab_final/lab_final/lab9_BCDBus.vhf sub02/vhpl220 1525818653
EN hexshifter8_muser_address NULL C:/Users/James/Desktop/Github/School/Phys301/lab_final/lab_final/Address.vhf sub01/vhpl162 1525818085
EN fd8ce_mxilinx_lab_final NULL C:/Users/James/Desktop/Github/School/Phys301/lab_final/lab_final/lab_final.vhf sub00/vhpl42 1525817951
EN hexshifter8_muser_registers NULL C:/Users/James/Desktop/Github/School/Phys301/lab_final/lab_final/Registers.vhf sub01/vhpl146 1525818065
AR mux8bit_muser_lab_final behavioral C:/Users/James/Desktop/Github/School/Phys301/lab_final/lab_final/lab_final.vhf sub00/vhpl39 1525817948
AR key_detect behavioral C:/Users/James/Desktop/Github/School/Phys301/lab_final/modules/key_detect.vhd sub00/vhpl07 1525817908
EN decoder16keyen NULL C:/Users/James/Desktop/Github/School/Phys301/lab_final/modules/decoder16keyEn.vhd sub00/vhpl12 1525817913
AR full_addersub8_muser_memory behavioral C:/Users/James/Desktop/Github/School/Phys301/lab_final/lab_final/Memory.vhf sub02/vhpl205 1525818000
EN ftclex_mxilinx_lab_final NULL C:/Users/James/Desktop/Github/School/Phys301/lab_final/lab_final/lab_final.vhf sub00/vhpl68 1525817975
AR fd4ce_mxilinx_lab_final behavioral C:/Users/James/Desktop/Github/School/Phys301/lab_final/lab_final/lab_final.vhf sub00/vhpl47 1525817956
EN fd8ce_mxilinx_i_register NULL C:/Users/James/Desktop/Github/School/Phys301/lab_final/lab_final/I_Register.vhf sub01/vhpl184 1525818107
AR sram32x8_ex_pgm_instr behavioral C:/Users/James/Desktop/Github/School/Phys301/lab_final/modules/sRAM32x8_ex_pgm_instr.vhd sub00/vhpl25 1525818652
EN add8_mxilinx_d_register NULL C:/Users/James/Desktop/Github/School/Phys301/lab_final/lab_final/D_Register.vhf sub01/vhpl176 1525818099
AR and8_mxilinx_instructionsymbols behavioral C:/Users/James/Desktop/Github/School/Phys301/lab_final/lab_final/InstructionSymbols.vhf sub01/vhpl137 1525818056
AR lab_keypad_final behavioral C:/Users/James/Desktop/Github/School/Phys301/lab_final/lab_final/lab_KEYPAD_FINAL.vhf sub00/vhpl29 1525817930
AR address_muser_registers behavioral C:/Users/James/Desktop/Github/School/Phys301/lab_final/lab_final/Registers.vhf sub01/vhpl159 1525818074
EN m2_1_mxilinx_lab_final NULL C:/Users/James/Desktop/Github/School/Phys301/lab_final/lab_final/lab_final.vhf sub00/vhpl66 1525817973
EN i_memory NULL C:/Users/James/Desktop/Github/School/Phys301/lab_final/lab_final/I_Memory.vhf sub01/vhpl140 1525818059
AR cb8cled_mxilinx_lab_final behavioral C:/Users/James/Desktop/Github/School/Phys301/lab_final/lab_final/lab_final.vhf sub00/vhpl73 1525817980
AR programground behavioral C:/Users/James/Desktop/Github/School/Phys301/lab_final/lab_final/ProgramGround.vhf sub01/vhpl119 1525818032
AR m2_1b1_mxilinx_lab_final behavioral C:/Users/James/Desktop/Github/School/Phys301/lab_final/lab_final/lab_final.vhf sub00/vhpl65 1525817972
EN full_add_muser_memory NULL C:/Users/James/Desktop/Github/School/Phys301/lab_final/lab_final/Memory.vhf sub02/vhpl200 1525817995
AR full_addersub8 behavioral C:/Users/James/Desktop/Github/School/Phys301/lab_final/lab_final/Full_AdderSub8.vhf sub02/vhpl211 1525818052
EN inv8_mxilinx_lab_final NULL C:/Users/James/Desktop/Github/School/Phys301/lab_final/lab_final/lab_final.vhf sub00/vhpl30 1525817931
EN add8_mxilinx_lab_final NULL C:/Users/James/Desktop/Github/School/Phys301/lab_final/lab_final/lab_final.vhf sub00/vhpl44 1525817953
AR inv8_mxilinx_programground behavioral C:/Users/James/Desktop/Github/School/Phys301/lab_final/lab_final/ProgramGround.vhf sub01/vhpl113 1525818026
EN inv8_mxilinx_programground NULL C:/Users/James/Desktop/Github/School/Phys301/lab_final/lab_final/ProgramGround.vhf sub01/vhpl112 1525818025
AR fd8ce_mxilinx_i_register behavioral C:/Users/James/Desktop/Github/School/Phys301/lab_final/lab_final/I_Register.vhf sub01/vhpl185 1525818108
EN and8_mxilinx_programground NULL C:/Users/James/Desktop/Github/School/Phys301/lab_final/lab_final/ProgramGround.vhf sub01/vhpl114 1525818027
AR memory behavioral C:/Users/James/Desktop/Github/School/Phys301/lab_final/lab_final/Memory.vhf sub01/vhpl111 1525818024
AR cb4cled_mxilinx_lab_final behavioral C:/Users/James/Desktop/Github/School/Phys301/lab_final/lab_final/lab_final.vhf sub00/vhpl71 1525817978
AR address_muser_lab_final behavioral C:/Users/James/Desktop/Github/School/Phys301/lab_final/lab_final/lab_final.vhf sub00/vhpl53 1525817958
AR i_memory_muser_lab_final behavioral C:/Users/James/Desktop/Github/School/Phys301/lab_final/lab_final/lab_final.vhf sub00/vhpl59 1525817940
EN adsu8_mxilinx_lab_final NULL C:/Users/James/Desktop/Github/School/Phys301/lab_final/lab_final/lab_final.vhf sub00/vhpl76 1525817983
AR fd4ce_mxilinx_d_register behavioral C:/Users/James/Desktop/Github/School/Phys301/lab_final/lab_final/D_Register.vhf sub01/vhpl179 1525818102
EN fd8ce_mxilinx_memory NULL C:/Users/James/Desktop/Github/School/Phys301/lab_final/lab_final/Memory.vhf sub00/vhpl90 1525818005
AR fd8ce_mxilinx_registers behavioral C:/Users/James/Desktop/Github/School/Phys301/lab_final/lab_final/Registers.vhf sub01/vhpl149 1525818068
AR fd8ce_mxilinx_address behavioral C:/Users/James/Desktop/Github/School/Phys301/lab_final/lab_final/Address.vhf sub01/vhpl165 1525818088
AR sram32x8_ex_pgm_data behavioral C:/Users/James/Desktop/Github/School/Phys301/lab_final/modules/sRAM32x8_ex_pgm_data.vhd sub00/vhpl27 1525817928
EN cb4cled_mxilinx_p_counter NULL C:/Users/James/Desktop/Github/School/Phys301/lab_final/lab_final/P_Counter.vhf sub01/vhpl126 1525818039
EN p_counter_muser_lab_final NULL C:/Users/James/Desktop/Github/School/Phys301/lab_final/lab_final/lab_final.vhf sub00/vhpl74 1525817981
AR fd4ce_mxilinx_address behavioral C:/Users/James/Desktop/Github/School/Phys301/lab_final/lab_final/Address.vhf sub01/vhpl169 1525818092
EN fd4ce_mxilinx_d_register NULL C:/Users/James/Desktop/Github/School/Phys301/lab_final/lab_final/D_Register.vhf sub01/vhpl178 1525818101
EN fd8ce_mxilinx_address NULL C:/Users/James/Desktop/Github/School/Phys301/lab_final/lab_final/Address.vhf sub01/vhpl164 1525818087
AR hexshifter8_muser_d_register behavioral C:/Users/James/Desktop/Github/School/Phys301/lab_final/lab_final/D_Register.vhf sub01/vhpl173 1525818096
EN programground NULL C:/Users/James/Desktop/Github/School/Phys301/lab_final/lab_final/ProgramGround.vhf sub01/vhpl118 1525818031
EN i_register_muser_lab_final NULL C:/Users/James/Desktop/Github/School/Phys301/lab_final/lab_final/lab_final.vhf sub00/vhpl50 1525817961
AR full_add_muser_full_addersub8 behavioral C:/Users/James/Desktop/Github/School/Phys301/lab_final/lab_final/Full_AdderSub8.vhf sub02/vhpl207 1525818048
EN memory_muser_lab_final NULL C:/Users/James/Desktop/Github/School/Phys301/lab_final/lab_final/lab_final.vhf sub00/vhpl62 1525817969
EN addersub8_muser_memory NULL C:/Users/James/Desktop/Github/School/Phys301/lab_final/lab_final/Memory.vhf sub02/vhpl202 1525817997
EN full_addersub8 NULL C:/Users/James/Desktop/Github/School/Phys301/lab_final/lab_final/Full_AdderSub8.vhf sub02/vhpl210 1525818051
EN registers NULL C:/Users/James/Desktop/Github/School/Phys301/lab_final/lab_final/Registers.vhf sub01/vhpl160 1525818079
AR fd8ce_mxilinx_lab_final behavioral C:/Users/James/Desktop/Github/School/Phys301/lab_final/lab_final/lab_final.vhf sub00/vhpl43 1525817952
AR i_memory behavioral C:/Users/James/Desktop/Github/School/Phys301/lab_final/lab_final/I_Memory.vhf sub01/vhpl141 1525818060
EN address_muser_registers NULL C:/Users/James/Desktop/Github/School/Phys301/lab_final/lab_final/Registers.vhf sub01/vhpl158 1525818073
AR fd4ce_mxilinx_i_register behavioral C:/Users/James/Desktop/Github/School/Phys301/lab_final/lab_final/I_Register.vhf sub01/vhpl189 1525818112
AR registers_muser_memory behavioral C:/Users/James/Desktop/Github/School/Phys301/lab_final/lab_final/Memory.vhf sub01/vhpl103 1525818018
AR registers_muser_lab_final behavioral C:/Users/James/Desktop/Github/School/Phys301/lab_final/lab_final/lab_final.vhf sub00/vhpl55 1525817964
AR ftclex_mxilinx_lab_final behavioral C:/Users/James/Desktop/Github/School/Phys301/lab_final/lab_final/lab_final.vhf sub00/vhpl69 1525817976
AR full_addersub8_muser_lab_final behavioral C:/Users/James/Desktop/Github/School/Phys301/lab_final/lab_final/lab_final.vhf sub01/vhpl199 1525817946
AR alu_muser_lab_final behavioral C:/Users/James/Desktop/Github/School/Phys301/lab_final/lab_final/lab_final.vhf sub00/vhpl79 1525817986
EN cb4cled_mxilinx_lab_final NULL C:/Users/James/Desktop/Github/School/Phys301/lab_final/lab_final/lab_final.vhf sub00/vhpl70 1525817977
AR i_register_muser_registers behavioral C:/Users/James/Desktop/Github/School/Phys301/lab_final/lab_final/Registers.vhf sub01/vhpl157 1525818078
EN fd4ce_mxilinx_address NULL C:/Users/James/Desktop/Github/School/Phys301/lab_final/lab_final/Address.vhf sub01/vhpl168 1525818091
AR hexshifter8_muser_i_register behavioral C:/Users/James/Desktop/Github/School/Phys301/lab_final/lab_final/I_Register.vhf sub01/vhpl183 1525818106
AR dcm_100m behavioral C:/Users/James/Desktop/Github/School/Phys301/lab_final/modules/DCM_100M.vhd sub00/vhpl05 1525817906
EN addersub8_muser_full_addersub8 NULL C:/Users/James/Desktop/Github/School/Phys301/lab_final/lab_final/Full_AdderSub8.vhf sub02/vhpl208 1525818049
AR inv8_mxilinx_instructionsymbols behavioral C:/Users/James/Desktop/Github/School/Phys301/lab_final/lab_final/InstructionSymbols.vhf sub01/vhpl135 1525818054
EN and8_mxilinx_lab_final NULL C:/Users/James/Desktop/Github/School/Phys301/lab_final/lab_final/lab_final.vhf sub00/vhpl32 1525817933
EN fd4ce_mxilinx_lab_final NULL C:/Users/James/Desktop/Github/School/Phys301/lab_final/lab_final/lab_final.vhf sub00/vhpl46 1525817955
EN cb8cled_mxilinx_p_counter NULL C:/Users/James/Desktop/Github/School/Phys301/lab_final/lab_final/P_Counter.vhf sub01/vhpl128 1525818041
EN and8_mxilinx_instructionsymbols NULL C:/Users/James/Desktop/Github/School/Phys301/lab_final/lab_final/InstructionSymbols.vhf sub01/vhpl136 1525818055
AR full_add_muser_lab_final behavioral C:/Users/James/Desktop/Github/School/Phys301/lab_final/lab_final/lab_final.vhf sub01/vhpl195 1525817942
EN key_detect NULL C:/Users/James/Desktop/Github/School/Phys301/lab_final/modules/key_detect.vhd sub00/vhpl06 1525817907
AR cb8cled_mxilinx_p_counter behavioral C:/Users/James/Desktop/Github/School/Phys301/lab_final/lab_final/P_Counter.vhf sub01/vhpl129 1525818042
EN sram32x8_ex_pgm_instr NULL C:/Users/James/Desktop/Github/School/Phys301/lab_final/modules/sRAM32x8_ex_pgm_instr.vhd sub00/vhpl24 1525818651
AR m2_1b1_mxilinx_p_counter behavioral C:/Users/James/Desktop/Github/School/Phys301/lab_final/lab_final/P_Counter.vhf sub01/vhpl121 1525818034
AR i_register_muser_lab_final behavioral C:/Users/James/Desktop/Github/School/Phys301/lab_final/lab_final/lab_final.vhf sub00/vhpl51 1525817962
EN i_register_muser_memory NULL C:/Users/James/Desktop/Github/School/Phys301/lab_final/lab_final/Memory.vhf sub00/vhpl98 1525818015
AR d_memory behavioral C:/Users/James/Desktop/Github/School/Phys301/lab_final/lab_final/D_Memory.vhf sub01/vhpl133 1525818046
EN hexshifter8_muser_lab_final NULL C:/Users/James/Desktop/Github/School/Phys301/lab_final/lab_final/lab_final.vhf sub00/vhpl40 1525817949
EN lab_keypad_final NULL C:/Users/James/Desktop/Github/School/Phys301/lab_final/lab_final/lab_KEYPAD_FINAL.vhf sub00/vhpl28 1525817929
EN addersub8_muser_lab_final NULL C:/Users/James/Desktop/Github/School/Phys301/lab_final/lab_final/lab_final.vhf sub01/vhpl196 1525817943
AR and8_mxilinx_programground behavioral C:/Users/James/Desktop/Github/School/Phys301/lab_final/lab_final/ProgramGround.vhf sub01/vhpl115 1525818028
EN mux4ssd NULL C:/Users/James/Desktop/Github/School/Phys301/lab_final/modules/mux4SSD.vhd sub00/vhpl20 1525818647
AR bin2bcd3en behavioral C:/Users/James/Desktop/Github/School/Phys301/lab_final/modules/bin2BCD3en.vhd sub00/vhpl19 1525818646
EN fd4ce_mxilinx_memory NULL C:/Users/James/Desktop/Github/School/Phys301/lab_final/lab_final/Memory.vhf sub00/vhpl94 1525818009
AR dcm_50m behavioral C:/Users/James/Desktop/Github/School/Phys301/lab_final/modules/DCM_50M.vhd sub02/vhpl219 1525818642
AR m2_1_mxilinx_lab_final behavioral C:/Users/James/Desktop/Github/School/Phys301/lab_final/lab_final/lab_final.vhf sub00/vhpl67 1525817974
AR d_register_muser_memory behavioral C:/Users/James/Desktop/Github/School/Phys301/lab_final/lab_final/Memory.vhf sub00/vhpl97 1525818014
EN mux8bit_muser_lab_final NULL C:/Users/James/Desktop/Github/School/Phys301/lab_final/lab_final/lab_final.vhf sub00/vhpl38 1525817947
EN d_register NULL C:/Users/James/Desktop/Github/School/Phys301/lab_final/lab_final/D_Register.vhf sub01/vhpl180 1525818103
AR cb4cled_mxilinx_p_counter behavioral C:/Users/James/Desktop/Github/School/Phys301/lab_final/lab_final/P_Counter.vhf sub01/vhpl127 1525818040
EN d_memory_muser_lab_final NULL C:/Users/James/Desktop/Github/School/Phys301/lab_final/lab_final/lab_final.vhf sub00/vhpl60 1525817967
AR output_debugmode_muser_memory behavioral C:/Users/James/Desktop/Github/School/Phys301/lab_final/lab_final/Memory.vhf sub01/vhpl105 1525818020
EN cb8cled_mxilinx_lab_final NULL C:/Users/James/Desktop/Github/School/Phys301/lab_final/lab_final/lab_final.vhf sub00/vhpl72 1525817979
EN output_debugmode_muser_memory NULL C:/Users/James/Desktop/Github/School/Phys301/lab_final/lab_final/Memory.vhf sub01/vhpl104 1525818019
AR p_counter_muser_lab_final behavioral C:/Users/James/Desktop/Github/School/Phys301/lab_final/lab_final/lab_final.vhf sub00/vhpl75 1525817982
AR registers behavioral C:/Users/James/Desktop/Github/School/Phys301/lab_final/lab_final/Registers.vhf sub01/vhpl161 1525818080
EN sel_strobeb NULL C:/Users/James/Desktop/Github/School/Phys301/lab_final/modules/sel_strobeB.vhd sub00/vhpl16 1525818643
AR add8_mxilinx_registers behavioral C:/Users/James/Desktop/Github/School/Phys301/lab_final/lab_final/Registers.vhf sub01/vhpl151 1525818070
AR and8_mxilinx_lab_final behavioral C:/Users/James/Desktop/Github/School/Phys301/lab_final/lab_final/lab_final.vhf sub00/vhpl33 1525817934
AR lab9_bcdbus behavioral C:/Users/James/Desktop/Github/School/Phys301/lab_final/lab_final/lab9_BCDBus.vhf sub02/vhpl221 1525818654
EN d_register_muser_registers NULL C:/Users/James/Desktop/Github/School/Phys301/lab_final/lab_final/Registers.vhf sub01/vhpl154 1525818075
EN registers_muser_lab_final NULL C:/Users/James/Desktop/Github/School/Phys301/lab_final/lab_final/lab_final.vhf sub00/vhpl54 1525817963
AR d_register_muser_registers behavioral C:/Users/James/Desktop/Github/School/Phys301/lab_final/lab_final/Registers.vhf sub01/vhpl155 1525818076
EN memory NULL C:/Users/James/Desktop/Github/School/Phys301/lab_final/lab_final/Memory.vhf sub01/vhpl110 1525818023
EN oneshot NULL C:/Users/James/Desktop/Github/School/Phys301/lab_final/modules/oneshot.vhd sub00/vhpl10 1525817911
EN p_counter NULL C:/Users/James/Desktop/Github/School/Phys301/lab_final/lab_final/P_Counter.vhf sub01/vhpl130 1525818043
EN mux8bit NULL C:/Users/James/Desktop/Github/School/Phys301/lab_final/lab_final/MUX8Bit.vhf sub01/vhpl142 1525818061
EN add8_mxilinx_i_register NULL C:/Users/James/Desktop/Github/School/Phys301/lab_final/lab_final/I_Register.vhf sub01/vhpl186 1525818109
AR full_add_muser_addersub8 behavioral C:/Users/James/Desktop/Github/School/Phys301/lab_final/lab_final/addersub8.vhf sub02/vhpl213 1525818082
AR hexshifter8_muser_registers behavioral C:/Users/James/Desktop/Github/School/Phys301/lab_final/lab_final/Registers.vhf sub01/vhpl147 1525818066
EN addersub8 NULL C:/Users/James/Desktop/Github/School/Phys301/lab_final/lab_final/addersub8.vhf sub02/vhpl214 1525818083
EN hexshifter8_muser_d_register NULL C:/Users/James/Desktop/Github/School/Phys301/lab_final/lab_final/D_Register.vhf sub01/vhpl172 1525818095
EN full_addersub8_muser_lab_final NULL C:/Users/James/Desktop/Github/School/Phys301/lab_final/lab_final/lab_final.vhf sub01/vhpl198 1525817945
AR d_memory_muser_lab_final behavioral C:/Users/James/Desktop/Github/School/Phys301/lab_final/lab_final/lab_final.vhf sub00/vhpl61 1525817968
AR lab_final behavioral C:/Users/James/Desktop/Github/School/Phys301/lab_final/lab_final/lab_final.vhf sub00/vhpl81 1525817988
AR add8_mxilinx_lab_final behavioral C:/Users/James/Desktop/Github/School/Phys301/lab_final/lab_final/lab_final.vhf sub00/vhpl45 1525817954
EN alu NULL C:/Users/James/Desktop/Github/School/Phys301/lab_final/lab_final/ALU.vhf sub00/vhpl84 1525817991
AR d_register_muser_lab_final behavioral C:/Users/James/Desktop/Github/School/Phys301/lab_final/lab_final/lab_final.vhf sub00/vhpl49 1525817960
AR full_add behavioral C:/Users/James/Desktop/Github/School/Phys301/lab_final/lab_final/Full_Add.vhf sub02/vhpl217 1525818116
AR ftclex_mxilinx_p_counter behavioral C:/Users/James/Desktop/Github/School/Phys301/lab_final/lab_final/P_Counter.vhf sub01/vhpl125 1525818038
AR key4_dbnc behavioral C:/Users/James/Desktop/Github/School/Phys301/lab_final/modules/key4_dbnc.vhd sub00/vhpl15 1525817916
AR add8_mxilinx_address behavioral C:/Users/James/Desktop/Github/School/Phys301/lab_final/lab_final/Address.vhf sub01/vhpl167 1525818090
AR instructionsymbols_muser_programground behavioral C:/Users/James/Desktop/Github/School/Phys301/lab_final/lab_final/ProgramGround.vhf sub01/vhpl117 1525818030
AR hexshifter8_muser_lab_final behavioral C:/Users/James/Desktop/Github/School/Phys301/lab_final/lab_final/lab_final.vhf sub00/vhpl41 1525817950
EN full_add_muser_full_addersub8 NULL C:/Users/James/Desktop/Github/School/Phys301/lab_final/lab_final/Full_AdderSub8.vhf sub02/vhpl206 1525818047
EN lab_final NULL C:/Users/James/Desktop/Github/School/Phys301/lab_final/lab_final/lab_final.vhf sub00/vhpl80 1525817987
AR addersub8_muser_memory behavioral C:/Users/James/Desktop/Github/School/Phys301/lab_final/lab_final/Memory.vhf sub02/vhpl203 1525817998
AR add8_mxilinx_d_register behavioral C:/Users/James/Desktop/Github/School/Phys301/lab_final/lab_final/D_Register.vhf sub01/vhpl177 1525818100
AR i_memory_muser_memory behavioral C:/Users/James/Desktop/Github/School/Phys301/lab_final/lab_final/Memory.vhf sub01/vhpl107 1525817994
AR hexshifter8_muser_address behavioral C:/Users/James/Desktop/Github/School/Phys301/lab_final/lab_final/Address.vhf sub01/vhpl163 1525818086
EN dcm_50m NULL C:/Users/James/Desktop/Github/School/Phys301/lab_final/modules/DCM_50M.vhd sub02/vhpl218 1525818641
EN programground_muser_lab_final NULL C:/Users/James/Desktop/Github/School/Phys301/lab_final/lab_final/lab_final.vhf sub00/vhpl36 1525817937
EN address_muser_lab_final NULL C:/Users/James/Desktop/Github/School/Phys301/lab_final/lab_final/lab_final.vhf sub00/vhpl52 1525817957
