V3 289
FL C:/Users/James/Desktop/Github/School/Phys301/lab_final/lab_final/addersub8.vhd 2018/05/12.21:48:39 P.20131013
EN work/addersub8 1526201642 \
      FL C:/Users/James/Desktop/Github/School/Phys301/lab_final/lab_final/addersub8.vhd \
      PB ieee/std_logic_1164 1381692176
AR work/addersub8/Behavioral 1526201643 \
      FL C:/Users/James/Desktop/Github/School/Phys301/lab_final/lab_final/addersub8.vhd \
      EN work/addersub8 1526201642
FL C:/Users/James/Desktop/Github/School/Phys301/lab_final/lab_final/Address.vhf 2018/05/13.01:38:46 P.20131013
EN work/FD8CE_MXILINX_Address 1526201025 \
      FL C:/Users/James/Desktop/Github/School/Phys301/lab_final/lab_final/Address.vhf \
      PB ieee/std_logic_1164 1381692176 PB ieee/NUMERIC_STD 1381692181 LB UNISIM \
      PH unisim/VCOMPONENTS 1381692182
AR work/FD8CE_MXILINX_Address/BEHAVIORAL 1526201026 \
      FL C:/Users/James/Desktop/Github/School/Phys301/lab_final/lab_final/Address.vhf \
      EN work/FD8CE_MXILINX_Address 1526201025 CP FDCE
EN work/FD4CE_MXILINX_Address 1526201027 \
      FL C:/Users/James/Desktop/Github/School/Phys301/lab_final/lab_final/Address.vhf \
      PB ieee/std_logic_1164 1381692176 PB ieee/NUMERIC_STD 1381692181 LB UNISIM \
      PH unisim/VCOMPONENTS 1381692182
AR work/FD4CE_MXILINX_Address/BEHAVIORAL 1526201028 \
      FL C:/Users/James/Desktop/Github/School/Phys301/lab_final/lab_final/Address.vhf \
      EN work/FD4CE_MXILINX_Address 1526201027 CP FDCE
EN work/Eight_Register_Shift_MUSER_Address 1526201029 \
      FL C:/Users/James/Desktop/Github/School/Phys301/lab_final/lab_final/Address.vhf \
      PB ieee/std_logic_1164 1381692176 PB ieee/NUMERIC_STD 1381692181 LB UNISIM \
      PH unisim/VCOMPONENTS 1381692182
AR work/Eight_Register_Shift_MUSER_Address/BEHAVIORAL 1526201030 \
      FL C:/Users/James/Desktop/Github/School/Phys301/lab_final/lab_final/Address.vhf \
      EN work/Eight_Register_Shift_MUSER_Address 1526201029 \
      CP FD4CE_MXILINX_Address CP FD8CE_MXILINX_Address
EN work/Address 1526201031 \
      FL C:/Users/James/Desktop/Github/School/Phys301/lab_final/lab_final/Address.vhf \
      PB ieee/std_logic_1164 1381692176 PB ieee/NUMERIC_STD 1381692181 LB UNISIM \
      PH unisim/VCOMPONENTS 1381692182
AR work/Address/BEHAVIORAL 1526201032 \
      FL C:/Users/James/Desktop/Github/School/Phys301/lab_final/lab_final/Address.vhf \
      EN work/Address 1526201031 CP FD8CE_MXILINX_Address CP FD4CE_MXILINX_Address \
      CP AND4 CP OR2 CP AND4B2 CP AND5B2 CP AND2 \
      CP Eight_Register_Shift_MUSER_Address
FL C:/Users/James/Desktop/Github/School/Phys301/lab_final/lab_final/ALU.vhf 2018/05/13.01:21:46 P.20131013
EN work/ADSU8_MXILINX_ALU 1526201574 \
      FL C:/Users/James/Desktop/Github/School/Phys301/lab_final/lab_final/ALU.vhf \
      PB ieee/std_logic_1164 1381692176 PB ieee/NUMERIC_STD 1381692181 LB UNISIM \
      PH unisim/VCOMPONENTS 1381692182
AR work/ADSU8_MXILINX_ALU/BEHAVIORAL 1526201575 \
      FL C:/Users/James/Desktop/Github/School/Phys301/lab_final/lab_final/ALU.vhf \
      EN work/ADSU8_MXILINX_ALU 1526201574 CP FMAP CP XOR3 CP MUXCY_L CP MUXCY \
      CP XORCY CP MUXCY_D CP INV CP XOR2
EN work/ALU 1526201576 \
      FL C:/Users/James/Desktop/Github/School/Phys301/lab_final/lab_final/ALU.vhf \
      PB ieee/std_logic_1164 1381692176 PB ieee/NUMERIC_STD 1381692181 LB UNISIM \
      PH unisim/VCOMPONENTS 1381692182
AR work/ALU/BEHAVIORAL 1526201577 \
      FL C:/Users/James/Desktop/Github/School/Phys301/lab_final/lab_final/ALU.vhf \
      EN work/ALU 1526201576 CP ADSU8_MXILINX_ALU
FL C:/Users/James/Desktop/Github/School/Phys301/lab_final/lab_final/Eight_Register_Shift.vhf 2018/05/13.01:21:51 P.20131013
EN work/FD8CE_MXILINX_Eight_Register_Shift 1526201644 \
      FL C:/Users/James/Desktop/Github/School/Phys301/lab_final/lab_final/Eight_Register_Shift.vhf \
      PB ieee/std_logic_1164 1381692176 PB ieee/NUMERIC_STD 1381692181 LB UNISIM \
      PH unisim/VCOMPONENTS 1381692182
AR work/FD8CE_MXILINX_Eight_Register_Shift/BEHAVIORAL 1526201645 \
      FL C:/Users/James/Desktop/Github/School/Phys301/lab_final/lab_final/Eight_Register_Shift.vhf \
      EN work/FD8CE_MXILINX_Eight_Register_Shift 1526201644 CP FDCE
EN work/FD4CE_MXILINX_Eight_Register_Shift 1526201646 \
      FL C:/Users/James/Desktop/Github/School/Phys301/lab_final/lab_final/Eight_Register_Shift.vhf \
      PB ieee/std_logic_1164 1381692176 PB ieee/NUMERIC_STD 1381692181 LB UNISIM \
      PH unisim/VCOMPONENTS 1381692182
AR work/FD4CE_MXILINX_Eight_Register_Shift/BEHAVIORAL 1526201647 \
      FL C:/Users/James/Desktop/Github/School/Phys301/lab_final/lab_final/Eight_Register_Shift.vhf \
      EN work/FD4CE_MXILINX_Eight_Register_Shift 1526201646 CP FDCE
EN work/Eight_Register_Shift 1526201648 \
      FL C:/Users/James/Desktop/Github/School/Phys301/lab_final/lab_final/Eight_Register_Shift.vhf \
      PB ieee/std_logic_1164 1381692176 PB ieee/NUMERIC_STD 1381692181 LB UNISIM \
      PH unisim/VCOMPONENTS 1381692182
AR work/Eight_Register_Shift/BEHAVIORAL 1526201649 \
      FL C:/Users/James/Desktop/Github/School/Phys301/lab_final/lab_final/Eight_Register_Shift.vhf \
      EN work/Eight_Register_Shift 1526201648 \
      CP FD4CE_MXILINX_Eight_Register_Shift CP FD8CE_MXILINX_Eight_Register_Shift
FL C:/Users/James/Desktop/Github/School/Phys301/lab_final/lab_final/Full_AdderSub8.vhf 2018/05/13.01:21:49 P.20131013
EN work/Full_Add_MUSER_Full_AdderSub8 1526201618 \
      FL C:/Users/James/Desktop/Github/School/Phys301/lab_final/lab_final/Full_AdderSub8.vhf \
      PB ieee/std_logic_1164 1381692176 PB ieee/NUMERIC_STD 1381692181 LB UNISIM \
      PH unisim/VCOMPONENTS 1381692182
AR work/Full_Add_MUSER_Full_AdderSub8/BEHAVIORAL 1526201619 \
      FL C:/Users/James/Desktop/Github/School/Phys301/lab_final/lab_final/Full_AdderSub8.vhf \
      EN work/Full_Add_MUSER_Full_AdderSub8 1526201618 CP NAND2 CP XOR2
EN work/addersub8_MUSER_Full_AdderSub8 1526201620 \
      FL C:/Users/James/Desktop/Github/School/Phys301/lab_final/lab_final/Full_AdderSub8.vhf \
      PB ieee/std_logic_1164 1381692176 PB ieee/NUMERIC_STD 1381692181 LB UNISIM \
      PH unisim/VCOMPONENTS 1381692182
AR work/addersub8_MUSER_Full_AdderSub8/BEHAVIORAL 1526201621 \
      FL C:/Users/James/Desktop/Github/School/Phys301/lab_final/lab_final/Full_AdderSub8.vhf \
      EN work/addersub8_MUSER_Full_AdderSub8 1526201620 CP XOR2 \
      CP Full_Add_MUSER_Full_AdderSub8
EN work/Full_AdderSub8 1526201622 \
      FL C:/Users/James/Desktop/Github/School/Phys301/lab_final/lab_final/Full_AdderSub8.vhf \
      PB ieee/std_logic_1164 1381692176 PB ieee/NUMERIC_STD 1381692181 LB UNISIM \
      PH unisim/VCOMPONENTS 1381692182
AR work/Full_AdderSub8/BEHAVIORAL 1526201623 \
      FL C:/Users/James/Desktop/Github/School/Phys301/lab_final/lab_final/Full_AdderSub8.vhf \
      EN work/Full_AdderSub8 1526201622 CP addersub8_MUSER_Full_AdderSub8 CP NOR2
FL C:/Users/James/Desktop/Github/School/Phys301/lab_final/lab_final/ISA.vhf 2018/05/13.01:21:48 P.20131013
EN work/ISA 1526201524 \
      FL C:/Users/James/Desktop/Github/School/Phys301/lab_final/lab_final/ISA.vhf \
      PB ieee/std_logic_1164 1381692176 PB ieee/NUMERIC_STD 1381692181 LB UNISIM \
      PH unisim/VCOMPONENTS 1381692182
AR work/ISA/BEHAVIORAL 1526201525 \
      FL C:/Users/James/Desktop/Github/School/Phys301/lab_final/lab_final/ISA.vhf \
      EN work/ISA 1526201524 CP AND4B4 CP AND4B3 CP AND4 CP AND4B2 CP AND4B1 CP AND2
FL C:/Users/James/Desktop/Github/School/Phys301/lab_final/lab_final/lab_final.vhf 2018/05/13.01:51:35 P.20131013
EN work/FD8CE_MXILINX_lab_final 1526201532 \
      FL C:/Users/James/Desktop/Github/School/Phys301/lab_final/lab_final/lab_final.vhf \
      PB ieee/std_logic_1164 1381692176 PB ieee/NUMERIC_STD 1381692181 LB UNISIM \
      PH unisim/VCOMPONENTS 1381692182
AR work/FD8CE_MXILINX_lab_final/BEHAVIORAL 1526201533 \
      FL C:/Users/James/Desktop/Github/School/Phys301/lab_final/lab_final/lab_final.vhf \
      EN work/FD8CE_MXILINX_lab_final 1526201532 CP FDCE
EN work/FD4CE_MXILINX_lab_final 1526201534 \
      FL C:/Users/James/Desktop/Github/School/Phys301/lab_final/lab_final/lab_final.vhf \
      PB ieee/std_logic_1164 1381692176 PB ieee/NUMERIC_STD 1381692181 LB UNISIM \
      PH unisim/VCOMPONENTS 1381692182
AR work/FD4CE_MXILINX_lab_final/BEHAVIORAL 1526201535 \
      FL C:/Users/James/Desktop/Github/School/Phys301/lab_final/lab_final/lab_final.vhf \
      EN work/FD4CE_MXILINX_lab_final 1526201534 CP FDCE
EN work/Eight_Register_Shift_MUSER_lab_final 1526201536 \
      FL C:/Users/James/Desktop/Github/School/Phys301/lab_final/lab_final/lab_final.vhf \
      PB ieee/std_logic_1164 1381692176 PB ieee/NUMERIC_STD 1381692181 LB UNISIM \
      PH unisim/VCOMPONENTS 1381692182
AR work/Eight_Register_Shift_MUSER_lab_final/BEHAVIORAL 1526201537 \
      FL C:/Users/James/Desktop/Github/School/Phys301/lab_final/lab_final/lab_final.vhf \
      EN work/Eight_Register_Shift_MUSER_lab_final 1526201536 \
      CP FD4CE_MXILINX_lab_final CP FD8CE_MXILINX_lab_final
EN work/Registers_MUSER_lab_final 1526201538 \
      FL C:/Users/James/Desktop/Github/School/Phys301/lab_final/lab_final/lab_final.vhf \
      PB ieee/std_logic_1164 1381692176 PB ieee/NUMERIC_STD 1381692181 LB UNISIM \
      PH unisim/VCOMPONENTS 1381692182
AR work/Registers_MUSER_lab_final/BEHAVIORAL 1526201539 \
      FL C:/Users/James/Desktop/Github/School/Phys301/lab_final/lab_final/lab_final.vhf \
      EN work/Registers_MUSER_lab_final 1526201538 CP AND3 \
      CP Eight_Register_Shift_MUSER_lab_final CP AND4B2
EN work/M2_1_MXILINX_lab_final 1526201540 \
      FL C:/Users/James/Desktop/Github/School/Phys301/lab_final/lab_final/lab_final.vhf \
      PB ieee/std_logic_1164 1381692176 PB ieee/NUMERIC_STD 1381692181 LB UNISIM \
      PH unisim/VCOMPONENTS 1381692182
AR work/M2_1_MXILINX_lab_final/BEHAVIORAL 1526201541 \
      FL C:/Users/James/Desktop/Github/School/Phys301/lab_final/lab_final/lab_final.vhf \
      EN work/M2_1_MXILINX_lab_final 1526201540 CP AND2B1 CP OR2 CP AND2
EN work/MUX8Bit_MUSER_lab_final 1526201542 \
      FL C:/Users/James/Desktop/Github/School/Phys301/lab_final/lab_final/lab_final.vhf \
      PB ieee/std_logic_1164 1381692176 PB ieee/NUMERIC_STD 1381692181 LB UNISIM \
      PH unisim/VCOMPONENTS 1381692182
AR work/MUX8Bit_MUSER_lab_final/BEHAVIORAL 1526201543 \
      FL C:/Users/James/Desktop/Github/School/Phys301/lab_final/lab_final/lab_final.vhf \
      EN work/MUX8Bit_MUSER_lab_final 1526201542 CP M2_1_MXILINX_lab_final
EN work/Output_DebugMode_MUSER_lab_final 1526201544 \
      FL C:/Users/James/Desktop/Github/School/Phys301/lab_final/lab_final/lab_final.vhf \
      PB ieee/std_logic_1164 1381692176 PB ieee/NUMERIC_STD 1381692181 LB UNISIM \
      PH unisim/VCOMPONENTS 1381692182
AR work/Output_DebugMode_MUSER_lab_final/BEHAVIORAL 1526201545 \
      FL C:/Users/James/Desktop/Github/School/Phys301/lab_final/lab_final/lab_final.vhf \
      EN work/Output_DebugMode_MUSER_lab_final 1526201544 CP GND CP sel_strobeB \
      CP bin2BCD3en CP mux4SSD CP SSD_1dig CP PULLUP CP DCM_100M CP INV
EN work/MemoryV2_MUSER_lab_final 1526201546 \
      FL C:/Users/James/Desktop/Github/School/Phys301/lab_final/lab_final/lab_final.vhf \
      PB ieee/std_logic_1164 1381692176 PB ieee/NUMERIC_STD 1381692181 LB UNISIM \
      PH unisim/VCOMPONENTS 1381692182
AR work/MemoryV2_MUSER_lab_final/BEHAVIORAL 1526201547 \
      FL C:/Users/James/Desktop/Github/School/Phys301/lab_final/lab_final/lab_final.vhf \
      EN work/MemoryV2_MUSER_lab_final 1526201546 CP INV \
      CP Output_DebugMode_MUSER_lab_final CP MUX8Bit_MUSER_lab_final \
      CP lab_KEYPAD_FINAL CP BUF CP NAND2 CP sRAM32x8_ex_pgm_instr \
      CP sRAM32x8_ex_pgm_data CP AND2 CP Registers_MUSER_lab_final
EN work/M2_1B1_MXILINX_lab_final 1526201548 \
      FL C:/Users/James/Desktop/Github/School/Phys301/lab_final/lab_final/lab_final.vhf \
      PB ieee/std_logic_1164 1381692176 PB ieee/NUMERIC_STD 1381692181 LB UNISIM \
      PH unisim/VCOMPONENTS 1381692182
AR work/M2_1B1_MXILINX_lab_final/BEHAVIORAL 1526201549 \
      FL C:/Users/James/Desktop/Github/School/Phys301/lab_final/lab_final/lab_final.vhf \
      EN work/M2_1B1_MXILINX_lab_final 1526201548 CP AND2B2 CP OR2 CP AND2
EN work/FTCLEX_MXILINX_lab_final 1526201550 \
      FL C:/Users/James/Desktop/Github/School/Phys301/lab_final/lab_final/lab_final.vhf \
      PB ieee/std_logic_1164 1381692176 PB ieee/NUMERIC_STD 1381692181 LB UNISIM \
      PH unisim/VCOMPONENTS 1381692182
AR work/FTCLEX_MXILINX_lab_final/BEHAVIORAL 1526201551 \
      FL C:/Users/James/Desktop/Github/School/Phys301/lab_final/lab_final/lab_final.vhf \
      EN work/FTCLEX_MXILINX_lab_final 1526201550 CP M2_1_MXILINX_lab_final \
      CP XOR2 CP FDCE
EN work/CB4CLED_MXILINX_lab_final 1526201552 \
      FL C:/Users/James/Desktop/Github/School/Phys301/lab_final/lab_final/lab_final.vhf \
      PB ieee/std_logic_1164 1381692176 PB ieee/NUMERIC_STD 1381692181 LB UNISIM \
      PH unisim/VCOMPONENTS 1381692182
AR work/CB4CLED_MXILINX_lab_final/BEHAVIORAL 1526201553 \
      FL C:/Users/James/Desktop/Github/School/Phys301/lab_final/lab_final/lab_final.vhf \
      EN work/CB4CLED_MXILINX_lab_final 1526201552 CP FTCLEX_MXILINX_lab_final \
      CP M2_1_MXILINX_lab_final CP M2_1B1_MXILINX_lab_final CP VCC CP AND2B2 CP AND4 \
      CP AND4B4 CP AND3 CP AND3B3 CP AND2 CP OR2
EN work/CB8CLED_MXILINX_lab_final 1526201554 \
      FL C:/Users/James/Desktop/Github/School/Phys301/lab_final/lab_final/lab_final.vhf \
      PB ieee/std_logic_1164 1381692176 PB ieee/NUMERIC_STD 1381692181 LB UNISIM \
      PH unisim/VCOMPONENTS 1381692182
AR work/CB8CLED_MXILINX_lab_final/BEHAVIORAL 1526201555 \
      FL C:/Users/James/Desktop/Github/School/Phys301/lab_final/lab_final/lab_final.vhf \
      EN work/CB8CLED_MXILINX_lab_final 1526201554 CP FTCLEX_MXILINX_lab_final \
      CP M2_1_MXILINX_lab_final CP M2_1B1_MXILINX_lab_final CP AND5 CP AND4 \
      CP AND4B3 CP AND2B2 CP VCC CP AND2B1 CP AND3 CP AND3B2 CP AND3B3 CP AND4B4 CP AND2 \
      CP AND5B4 CP OR2
EN work/P_Counter_MUSER_lab_final 1526201556 \
      FL C:/Users/James/Desktop/Github/School/Phys301/lab_final/lab_final/lab_final.vhf \
      PB ieee/std_logic_1164 1381692176 PB ieee/NUMERIC_STD 1381692181 LB UNISIM \
      PH unisim/VCOMPONENTS 1381692182
AR work/P_Counter_MUSER_lab_final/BEHAVIORAL 1526201557 \
      FL C:/Users/James/Desktop/Github/School/Phys301/lab_final/lab_final/lab_final.vhf \
      EN work/P_Counter_MUSER_lab_final 1526201556 CP CB8CLED_MXILINX_lab_final \
      CP PULLUP CP OR2 CP CB4CLED_MXILINX_lab_final CP AND3B2 CP AND3B1 CP OR3 \
      CP AND2B1
EN work/Full_Add_MUSER_lab_final 1526201558 \
      FL C:/Users/James/Desktop/Github/School/Phys301/lab_final/lab_final/lab_final.vhf \
      PB ieee/std_logic_1164 1381692176 PB ieee/NUMERIC_STD 1381692181 LB UNISIM \
      PH unisim/VCOMPONENTS 1381692182
AR work/Full_Add_MUSER_lab_final/BEHAVIORAL 1526201559 \
      FL C:/Users/James/Desktop/Github/School/Phys301/lab_final/lab_final/lab_final.vhf \
      EN work/Full_Add_MUSER_lab_final 1526201558 CP NAND2 CP XOR2
EN work/addersub8_MUSER_lab_final 1526201560 \
      FL C:/Users/James/Desktop/Github/School/Phys301/lab_final/lab_final/lab_final.vhf \
      PB ieee/std_logic_1164 1381692176 PB ieee/NUMERIC_STD 1381692181 LB UNISIM \
      PH unisim/VCOMPONENTS 1381692182
AR work/addersub8_MUSER_lab_final/BEHAVIORAL 1526201561 \
      FL C:/Users/James/Desktop/Github/School/Phys301/lab_final/lab_final/lab_final.vhf \
      EN work/addersub8_MUSER_lab_final 1526201560 CP XOR2 \
      CP Full_Add_MUSER_lab_final
EN work/Full_AdderSub8_MUSER_lab_final 1526201562 \
      FL C:/Users/James/Desktop/Github/School/Phys301/lab_final/lab_final/lab_final.vhf \
      PB ieee/std_logic_1164 1381692176 PB ieee/NUMERIC_STD 1381692181 LB UNISIM \
      PH unisim/VCOMPONENTS 1381692182
AR work/Full_AdderSub8_MUSER_lab_final/BEHAVIORAL 1526201563 \
      FL C:/Users/James/Desktop/Github/School/Phys301/lab_final/lab_final/lab_final.vhf \
      EN work/Full_AdderSub8_MUSER_lab_final 1526201562 \
      CP addersub8_MUSER_lab_final CP NOR2
EN work/Register_8bit_MUSER_lab_final 1526201564 \
      FL C:/Users/James/Desktop/Github/School/Phys301/lab_final/lab_final/lab_final.vhf \
      PB ieee/std_logic_1164 1381692176 PB ieee/NUMERIC_STD 1381692181 LB UNISIM \
      PH unisim/VCOMPONENTS 1381692182
AR work/Register_8bit_MUSER_lab_final/BEHAVIORAL 1526201565 \
      FL C:/Users/James/Desktop/Github/School/Phys301/lab_final/lab_final/lab_final.vhf \
      EN work/Register_8bit_MUSER_lab_final 1526201564 CP FD8CE_MXILINX_lab_final
EN work/ProgramGround_MUSER_lab_final 1526201566 \
      FL C:/Users/James/Desktop/Github/School/Phys301/lab_final/lab_final/lab_final.vhf \
      PB ieee/std_logic_1164 1381692176 PB ieee/NUMERIC_STD 1381692181 LB UNISIM \
      PH unisim/VCOMPONENTS 1381692182
AR work/ProgramGround_MUSER_lab_final/BEHAVIORAL 1526201567 \
      FL C:/Users/James/Desktop/Github/School/Phys301/lab_final/lab_final/lab_final.vhf \
      EN work/ProgramGround_MUSER_lab_final 1526201566 CP ISA \
      CP Full_AdderSub8_MUSER_lab_final CP OR3 CP OR4 CP OR2 \
      CP Register_8bit_MUSER_lab_final CP NOR3
EN work/ADSU8_MXILINX_lab_final 1526201568 \
      FL C:/Users/James/Desktop/Github/School/Phys301/lab_final/lab_final/lab_final.vhf \
      PB ieee/std_logic_1164 1381692176 PB ieee/NUMERIC_STD 1381692181 LB UNISIM \
      PH unisim/VCOMPONENTS 1381692182
AR work/ADSU8_MXILINX_lab_final/BEHAVIORAL 1526201569 \
      FL C:/Users/James/Desktop/Github/School/Phys301/lab_final/lab_final/lab_final.vhf \
      EN work/ADSU8_MXILINX_lab_final 1526201568 CP FMAP CP XOR3 CP MUXCY_L CP MUXCY \
      CP XORCY CP MUXCY_D CP INV CP XOR2
EN work/ALU_MUSER_lab_final 1526201570 \
      FL C:/Users/James/Desktop/Github/School/Phys301/lab_final/lab_final/lab_final.vhf \
      PB ieee/std_logic_1164 1381692176 PB ieee/NUMERIC_STD 1381692181 LB UNISIM \
      PH unisim/VCOMPONENTS 1381692182
AR work/ALU_MUSER_lab_final/BEHAVIORAL 1526201571 \
      FL C:/Users/James/Desktop/Github/School/Phys301/lab_final/lab_final/lab_final.vhf \
      EN work/ALU_MUSER_lab_final 1526201570 CP ADSU8_MXILINX_lab_final
EN work/lab_final 1526201572 \
      FL C:/Users/James/Desktop/Github/School/Phys301/lab_final/lab_final/lab_final.vhf \
      PB ieee/std_logic_1164 1381692176 PB ieee/NUMERIC_STD 1381692181 LB UNISIM \
      PH unisim/VCOMPONENTS 1381692182
AR work/lab_final/BEHAVIORAL 1526201573 \
      FL C:/Users/James/Desktop/Github/School/Phys301/lab_final/lab_final/lab_final.vhf \
      EN work/lab_final 1526201572 CP AND2 CP ALU_MUSER_lab_final CP INV CP DCM_100M \
      CP M2_1_MXILINX_lab_final CP ProgramGround_MUSER_lab_final \
      CP P_Counter_MUSER_lab_final CP GND CP OR3 CP MemoryV2_MUSER_lab_final
FL C:/Users/James/Desktop/Github/School/Phys301/lab_final/lab_final/lab_KEYPAD_FINAL.vhf 2018/05/13.01:21:42 P.20131013
EN work/lab_KEYPAD_FINAL 1526201526 \
      FL C:/Users/James/Desktop/Github/School/Phys301/lab_final/lab_final/lab_KEYPAD_FINAL.vhf \
      PB ieee/std_logic_1164 1381692176 PB ieee/NUMERIC_STD 1381692181 LB UNISIM \
      PH unisim/VCOMPONENTS 1381692182
AR work/lab_KEYPAD_FINAL/BEHAVIORAL 1526201527 \
      FL C:/Users/James/Desktop/Github/School/Phys301/lab_final/lab_final/lab_KEYPAD_FINAL.vhf \
      EN work/lab_KEYPAD_FINAL 1526201526 CP CRenc4bin CP PULLDOWN CP PULLUP \
      CP DCM_100M CP key_detect CP col_strobe CP oneshot CP decoder16keyEn \
      CP key4_dbnc
FL C:/Users/James/Desktop/Github/School/Phys301/lab_final/lab_final/MemoryV2.vhf 2018/05/13.01:51:36 P.20131013
EN work/FD8CE_MXILINX_MemoryV2 1526201578 \
      FL C:/Users/James/Desktop/Github/School/Phys301/lab_final/lab_final/MemoryV2.vhf \
      PB ieee/std_logic_1164 1381692176 PB ieee/NUMERIC_STD 1381692181 LB UNISIM \
      PH unisim/VCOMPONENTS 1381692182
AR work/FD8CE_MXILINX_MemoryV2/BEHAVIORAL 1526201579 \
      FL C:/Users/James/Desktop/Github/School/Phys301/lab_final/lab_final/MemoryV2.vhf \
      EN work/FD8CE_MXILINX_MemoryV2 1526201578 CP FDCE
EN work/FD4CE_MXILINX_MemoryV2 1526201580 \
      FL C:/Users/James/Desktop/Github/School/Phys301/lab_final/lab_final/MemoryV2.vhf \
      PB ieee/std_logic_1164 1381692176 PB ieee/NUMERIC_STD 1381692181 LB UNISIM \
      PH unisim/VCOMPONENTS 1381692182
AR work/FD4CE_MXILINX_MemoryV2/BEHAVIORAL 1526201581 \
      FL C:/Users/James/Desktop/Github/School/Phys301/lab_final/lab_final/MemoryV2.vhf \
      EN work/FD4CE_MXILINX_MemoryV2 1526201580 CP FDCE
EN work/Eight_Register_Shift_MUSER_MemoryV2 1526201582 \
      FL C:/Users/James/Desktop/Github/School/Phys301/lab_final/lab_final/MemoryV2.vhf \
      PB ieee/std_logic_1164 1381692176 PB ieee/NUMERIC_STD 1381692181 LB UNISIM \
      PH unisim/VCOMPONENTS 1381692182
AR work/Eight_Register_Shift_MUSER_MemoryV2/BEHAVIORAL 1526201583 \
      FL C:/Users/James/Desktop/Github/School/Phys301/lab_final/lab_final/MemoryV2.vhf \
      EN work/Eight_Register_Shift_MUSER_MemoryV2 1526201582 \
      CP FD4CE_MXILINX_MemoryV2 CP FD8CE_MXILINX_MemoryV2
EN work/Registers_MUSER_MemoryV2 1526201584 \
      FL C:/Users/James/Desktop/Github/School/Phys301/lab_final/lab_final/MemoryV2.vhf \
      PB ieee/std_logic_1164 1381692176 PB ieee/NUMERIC_STD 1381692181 LB UNISIM \
      PH unisim/VCOMPONENTS 1381692182
AR work/Registers_MUSER_MemoryV2/BEHAVIORAL 1526201585 \
      FL C:/Users/James/Desktop/Github/School/Phys301/lab_final/lab_final/MemoryV2.vhf \
      EN work/Registers_MUSER_MemoryV2 1526201584 CP AND3 \
      CP Eight_Register_Shift_MUSER_MemoryV2 CP AND4B2
EN work/M2_1_MXILINX_MemoryV2 1526201586 \
      FL C:/Users/James/Desktop/Github/School/Phys301/lab_final/lab_final/MemoryV2.vhf \
      PB ieee/std_logic_1164 1381692176 PB ieee/NUMERIC_STD 1381692181 LB UNISIM \
      PH unisim/VCOMPONENTS 1381692182
AR work/M2_1_MXILINX_MemoryV2/BEHAVIORAL 1526201587 \
      FL C:/Users/James/Desktop/Github/School/Phys301/lab_final/lab_final/MemoryV2.vhf \
      EN work/M2_1_MXILINX_MemoryV2 1526201586 CP AND2B1 CP OR2 CP AND2
EN work/MUX8Bit_MUSER_MemoryV2 1526201588 \
      FL C:/Users/James/Desktop/Github/School/Phys301/lab_final/lab_final/MemoryV2.vhf \
      PB ieee/std_logic_1164 1381692176 PB ieee/NUMERIC_STD 1381692181 LB UNISIM \
      PH unisim/VCOMPONENTS 1381692182
AR work/MUX8Bit_MUSER_MemoryV2/BEHAVIORAL 1526201589 \
      FL C:/Users/James/Desktop/Github/School/Phys301/lab_final/lab_final/MemoryV2.vhf \
      EN work/MUX8Bit_MUSER_MemoryV2 1526201588 CP M2_1_MXILINX_MemoryV2
EN work/Output_DebugMode_MUSER_MemoryV2 1526201590 \
      FL C:/Users/James/Desktop/Github/School/Phys301/lab_final/lab_final/MemoryV2.vhf \
      PB ieee/std_logic_1164 1381692176 PB ieee/NUMERIC_STD 1381692181 LB UNISIM \
      PH unisim/VCOMPONENTS 1381692182
AR work/Output_DebugMode_MUSER_MemoryV2/BEHAVIORAL 1526201591 \
      FL C:/Users/James/Desktop/Github/School/Phys301/lab_final/lab_final/MemoryV2.vhf \
      EN work/Output_DebugMode_MUSER_MemoryV2 1526201590 CP GND CP sel_strobeB \
      CP bin2BCD3en CP mux4SSD CP SSD_1dig CP PULLUP CP DCM_100M CP INV
EN work/MemoryV2 1526201592 \
      FL C:/Users/James/Desktop/Github/School/Phys301/lab_final/lab_final/MemoryV2.vhf \
      PB ieee/std_logic_1164 1381692176 PB ieee/NUMERIC_STD 1381692181 LB UNISIM \
      PH unisim/VCOMPONENTS 1381692182
AR work/MemoryV2/BEHAVIORAL 1526201593 \
      FL C:/Users/James/Desktop/Github/School/Phys301/lab_final/lab_final/MemoryV2.vhf \
      EN work/MemoryV2 1526201592 CP INV CP Output_DebugMode_MUSER_MemoryV2 \
      CP MUX8Bit_MUSER_MemoryV2 CP lab_KEYPAD_FINAL CP BUF CP NAND2 \
      CP sRAM32x8_ex_pgm_instr CP sRAM32x8_ex_pgm_data CP AND2 \
      CP Registers_MUSER_MemoryV2
FL C:/Users/James/Desktop/Github/School/Phys301/lab_final/lab_final/MUX8Bit.vhf 2018/05/13.01:21:48 P.20131013
EN work/M2_1_MXILINX_MUX8Bit 1526201624 \
      FL C:/Users/James/Desktop/Github/School/Phys301/lab_final/lab_final/MUX8Bit.vhf \
      PB ieee/std_logic_1164 1381692176 PB ieee/NUMERIC_STD 1381692181 LB UNISIM \
      PH unisim/VCOMPONENTS 1381692182
AR work/M2_1_MXILINX_MUX8Bit/BEHAVIORAL 1526201625 \
      FL C:/Users/James/Desktop/Github/School/Phys301/lab_final/lab_final/MUX8Bit.vhf \
      EN work/M2_1_MXILINX_MUX8Bit 1526201624 CP AND2B1 CP OR2 CP AND2
EN work/MUX8Bit 1526201626 \
      FL C:/Users/James/Desktop/Github/School/Phys301/lab_final/lab_final/MUX8Bit.vhf \
      PB ieee/std_logic_1164 1381692176 PB ieee/NUMERIC_STD 1381692181 LB UNISIM \
      PH unisim/VCOMPONENTS 1381692182
AR work/MUX8Bit/BEHAVIORAL 1526201627 \
      FL C:/Users/James/Desktop/Github/School/Phys301/lab_final/lab_final/MUX8Bit.vhf \
      EN work/MUX8Bit 1526201626 CP M2_1_MXILINX_MUX8Bit
FL C:/Users/James/Desktop/Github/School/Phys301/lab_final/lab_final/Output_DebugMode.vhf 2018/05/13.01:21:48 P.20131013
EN work/Output_DebugMode 1526201628 \
      FL C:/Users/James/Desktop/Github/School/Phys301/lab_final/lab_final/Output_DebugMode.vhf \
      PB ieee/std_logic_1164 1381692176 PB ieee/NUMERIC_STD 1381692181 LB UNISIM \
      PH unisim/VCOMPONENTS 1381692182
AR work/Output_DebugMode/BEHAVIORAL 1526201629 \
      FL C:/Users/James/Desktop/Github/School/Phys301/lab_final/lab_final/Output_DebugMode.vhf \
      EN work/Output_DebugMode 1526201628 CP GND CP sel_strobeB CP bin2BCD3en \
      CP mux4SSD CP SSD_1dig CP PULLUP CP DCM_100M CP INV
FL C:/Users/James/Desktop/Github/School/Phys301/lab_final/lab_final/ProgramGround.vhf 2018/05/13.01:49:31 P.20131013
EN work/Full_Add_MUSER_ProgramGround 1526201594 \
      FL C:/Users/James/Desktop/Github/School/Phys301/lab_final/lab_final/ProgramGround.vhf \
      PB ieee/std_logic_1164 1381692176 PB ieee/NUMERIC_STD 1381692181 LB UNISIM \
      PH unisim/VCOMPONENTS 1381692182
AR work/Full_Add_MUSER_ProgramGround/BEHAVIORAL 1526201595 \
      FL C:/Users/James/Desktop/Github/School/Phys301/lab_final/lab_final/ProgramGround.vhf \
      EN work/Full_Add_MUSER_ProgramGround 1526201594 CP NAND2 CP XOR2
EN work/addersub8_MUSER_ProgramGround 1526201596 \
      FL C:/Users/James/Desktop/Github/School/Phys301/lab_final/lab_final/ProgramGround.vhf \
      PB ieee/std_logic_1164 1381692176 PB ieee/NUMERIC_STD 1381692181 LB UNISIM \
      PH unisim/VCOMPONENTS 1381692182
AR work/addersub8_MUSER_ProgramGround/BEHAVIORAL 1526201597 \
      FL C:/Users/James/Desktop/Github/School/Phys301/lab_final/lab_final/ProgramGround.vhf \
      EN work/addersub8_MUSER_ProgramGround 1526201596 CP XOR2 \
      CP Full_Add_MUSER_ProgramGround
EN work/Full_AdderSub8_MUSER_ProgramGround 1526201598 \
      FL C:/Users/James/Desktop/Github/School/Phys301/lab_final/lab_final/ProgramGround.vhf \
      PB ieee/std_logic_1164 1381692176 PB ieee/NUMERIC_STD 1381692181 LB UNISIM \
      PH unisim/VCOMPONENTS 1381692182
AR work/Full_AdderSub8_MUSER_ProgramGround/BEHAVIORAL 1526201599 \
      FL C:/Users/James/Desktop/Github/School/Phys301/lab_final/lab_final/ProgramGround.vhf \
      EN work/Full_AdderSub8_MUSER_ProgramGround 1526201598 \
      CP addersub8_MUSER_ProgramGround CP NOR2
EN work/FD8CE_MXILINX_ProgramGround 1526201600 \
      FL C:/Users/James/Desktop/Github/School/Phys301/lab_final/lab_final/ProgramGround.vhf \
      PB ieee/std_logic_1164 1381692176 PB ieee/NUMERIC_STD 1381692181 LB UNISIM \
      PH unisim/VCOMPONENTS 1381692182
AR work/FD8CE_MXILINX_ProgramGround/BEHAVIORAL 1526201601 \
      FL C:/Users/James/Desktop/Github/School/Phys301/lab_final/lab_final/ProgramGround.vhf \
      EN work/FD8CE_MXILINX_ProgramGround 1526201600 CP FDCE
EN work/Register_8bit_MUSER_ProgramGround 1526201602 \
      FL C:/Users/James/Desktop/Github/School/Phys301/lab_final/lab_final/ProgramGround.vhf \
      PB ieee/std_logic_1164 1381692176 PB ieee/NUMERIC_STD 1381692181 LB UNISIM \
      PH unisim/VCOMPONENTS 1381692182
AR work/Register_8bit_MUSER_ProgramGround/BEHAVIORAL 1526201603 \
      FL C:/Users/James/Desktop/Github/School/Phys301/lab_final/lab_final/ProgramGround.vhf \
      EN work/Register_8bit_MUSER_ProgramGround 1526201602 \
      CP FD8CE_MXILINX_ProgramGround
EN work/ProgramGround 1526201604 \
      FL C:/Users/James/Desktop/Github/School/Phys301/lab_final/lab_final/ProgramGround.vhf \
      PB ieee/std_logic_1164 1381692176 PB ieee/NUMERIC_STD 1381692181 LB UNISIM \
      PH unisim/VCOMPONENTS 1381692182
AR work/ProgramGround/BEHAVIORAL 1526201605 \
      FL C:/Users/James/Desktop/Github/School/Phys301/lab_final/lab_final/ProgramGround.vhf \
      EN work/ProgramGround 1526201604 CP ISA \
      CP Full_AdderSub8_MUSER_ProgramGround CP OR3 CP OR4 CP OR2 \
      CP Register_8bit_MUSER_ProgramGround CP NOR3
FL C:/Users/James/Desktop/Github/School/Phys301/lab_final/lab_final/P_Counter.vhf 2018/05/13.01:21:47 P.20131013
EN work/M2_1B1_MXILINX_P_Counter 1526201606 \
      FL C:/Users/James/Desktop/Github/School/Phys301/lab_final/lab_final/P_Counter.vhf \
      PB ieee/std_logic_1164 1381692176 PB ieee/NUMERIC_STD 1381692181 LB UNISIM \
      PH unisim/VCOMPONENTS 1381692182
AR work/M2_1B1_MXILINX_P_Counter/BEHAVIORAL 1526201607 \
      FL C:/Users/James/Desktop/Github/School/Phys301/lab_final/lab_final/P_Counter.vhf \
      EN work/M2_1B1_MXILINX_P_Counter 1526201606 CP AND2B2 CP OR2 CP AND2
EN work/M2_1_MXILINX_P_Counter 1526201608 \
      FL C:/Users/James/Desktop/Github/School/Phys301/lab_final/lab_final/P_Counter.vhf \
      PB ieee/std_logic_1164 1381692176 PB ieee/NUMERIC_STD 1381692181 LB UNISIM \
      PH unisim/VCOMPONENTS 1381692182
AR work/M2_1_MXILINX_P_Counter/BEHAVIORAL 1526201609 \
      FL C:/Users/James/Desktop/Github/School/Phys301/lab_final/lab_final/P_Counter.vhf \
      EN work/M2_1_MXILINX_P_Counter 1526201608 CP AND2B1 CP OR2 CP AND2
EN work/FTCLEX_MXILINX_P_Counter 1526201610 \
      FL C:/Users/James/Desktop/Github/School/Phys301/lab_final/lab_final/P_Counter.vhf \
      PB ieee/std_logic_1164 1381692176 PB ieee/NUMERIC_STD 1381692181 LB UNISIM \
      PH unisim/VCOMPONENTS 1381692182
AR work/FTCLEX_MXILINX_P_Counter/BEHAVIORAL 1526201611 \
      FL C:/Users/James/Desktop/Github/School/Phys301/lab_final/lab_final/P_Counter.vhf \
      EN work/FTCLEX_MXILINX_P_Counter 1526201610 CP M2_1_MXILINX_P_Counter \
      CP XOR2 CP FDCE
EN work/CB4CLED_MXILINX_P_Counter 1526201612 \
      FL C:/Users/James/Desktop/Github/School/Phys301/lab_final/lab_final/P_Counter.vhf \
      PB ieee/std_logic_1164 1381692176 PB ieee/NUMERIC_STD 1381692181 LB UNISIM \
      PH unisim/VCOMPONENTS 1381692182
AR work/CB4CLED_MXILINX_P_Counter/BEHAVIORAL 1526201613 \
      FL C:/Users/James/Desktop/Github/School/Phys301/lab_final/lab_final/P_Counter.vhf \
      EN work/CB4CLED_MXILINX_P_Counter 1526201612 CP FTCLEX_MXILINX_P_Counter \
      CP M2_1_MXILINX_P_Counter CP M2_1B1_MXILINX_P_Counter CP VCC CP AND2B2 CP AND4 \
      CP AND4B4 CP AND3 CP AND3B3 CP AND2 CP OR2
EN work/CB8CLED_MXILINX_P_Counter 1526201614 \
      FL C:/Users/James/Desktop/Github/School/Phys301/lab_final/lab_final/P_Counter.vhf \
      PB ieee/std_logic_1164 1381692176 PB ieee/NUMERIC_STD 1381692181 LB UNISIM \
      PH unisim/VCOMPONENTS 1381692182
AR work/CB8CLED_MXILINX_P_Counter/BEHAVIORAL 1526201615 \
      FL C:/Users/James/Desktop/Github/School/Phys301/lab_final/lab_final/P_Counter.vhf \
      EN work/CB8CLED_MXILINX_P_Counter 1526201614 CP FTCLEX_MXILINX_P_Counter \
      CP M2_1_MXILINX_P_Counter CP M2_1B1_MXILINX_P_Counter CP AND5 CP AND4 \
      CP AND4B3 CP AND2B2 CP VCC CP AND2B1 CP AND3 CP AND3B2 CP AND3B3 CP AND4B4 CP AND2 \
      CP AND5B4 CP OR2
EN work/P_Counter 1526201616 \
      FL C:/Users/James/Desktop/Github/School/Phys301/lab_final/lab_final/P_Counter.vhf \
      PB ieee/std_logic_1164 1381692176 PB ieee/NUMERIC_STD 1381692181 LB UNISIM \
      PH unisim/VCOMPONENTS 1381692182
AR work/P_Counter/BEHAVIORAL 1526201617 \
      FL C:/Users/James/Desktop/Github/School/Phys301/lab_final/lab_final/P_Counter.vhf \
      EN work/P_Counter 1526201616 CP CB8CLED_MXILINX_P_Counter CP PULLUP CP OR2 \
      CP CB4CLED_MXILINX_P_Counter CP AND3B2 CP AND3B1 CP OR3 CP AND2B1
FL C:/Users/James/Desktop/Github/School/Phys301/lab_final/lab_final/Registers.vhf 2018/05/13.01:51:31 P.20131013
EN work/FD8CE_MXILINX_Registers 1526201630 \
      FL C:/Users/James/Desktop/Github/School/Phys301/lab_final/lab_final/Registers.vhf \
      PB ieee/std_logic_1164 1381692176 PB ieee/NUMERIC_STD 1381692181 LB UNISIM \
      PH unisim/VCOMPONENTS 1381692182
AR work/FD8CE_MXILINX_Registers/BEHAVIORAL 1526201631 \
      FL C:/Users/James/Desktop/Github/School/Phys301/lab_final/lab_final/Registers.vhf \
      EN work/FD8CE_MXILINX_Registers 1526201630 CP FDCE
EN work/FD4CE_MXILINX_Registers 1526201632 \
      FL C:/Users/James/Desktop/Github/School/Phys301/lab_final/lab_final/Registers.vhf \
      PB ieee/std_logic_1164 1381692176 PB ieee/NUMERIC_STD 1381692181 LB UNISIM \
      PH unisim/VCOMPONENTS 1381692182
AR work/FD4CE_MXILINX_Registers/BEHAVIORAL 1526201633 \
      FL C:/Users/James/Desktop/Github/School/Phys301/lab_final/lab_final/Registers.vhf \
      EN work/FD4CE_MXILINX_Registers 1526201632 CP FDCE
EN work/Eight_Register_Shift_MUSER_Registers 1526201634 \
      FL C:/Users/James/Desktop/Github/School/Phys301/lab_final/lab_final/Registers.vhf \
      PB ieee/std_logic_1164 1381692176 PB ieee/NUMERIC_STD 1381692181 LB UNISIM \
      PH unisim/VCOMPONENTS 1381692182
AR work/Eight_Register_Shift_MUSER_Registers/BEHAVIORAL 1526201635 \
      FL C:/Users/James/Desktop/Github/School/Phys301/lab_final/lab_final/Registers.vhf \
      EN work/Eight_Register_Shift_MUSER_Registers 1526201634 \
      CP FD4CE_MXILINX_Registers CP FD8CE_MXILINX_Registers
EN work/Registers 1526201636 \
      FL C:/Users/James/Desktop/Github/School/Phys301/lab_final/lab_final/Registers.vhf \
      PB ieee/std_logic_1164 1381692176 PB ieee/NUMERIC_STD 1381692181 LB UNISIM \
      PH unisim/VCOMPONENTS 1381692182
AR work/Registers/BEHAVIORAL 1526201637 \
      FL C:/Users/James/Desktop/Github/School/Phys301/lab_final/lab_final/Registers.vhf \
      EN work/Registers 1526201636 CP AND3 CP Eight_Register_Shift_MUSER_Registers \
      CP AND4B2
FL C:/Users/James/Desktop/Github/School/Phys301/lab_final/lab_final/Register_8bit.vhf 2018/05/13.01:21:50 P.20131013
EN work/FD8CE_MXILINX_Register_8bit 1526201638 \
      FL C:/Users/James/Desktop/Github/School/Phys301/lab_final/lab_final/Register_8bit.vhf \
      PB ieee/std_logic_1164 1381692176 PB ieee/NUMERIC_STD 1381692181 LB UNISIM \
      PH unisim/VCOMPONENTS 1381692182
AR work/FD8CE_MXILINX_Register_8bit/BEHAVIORAL 1526201639 \
      FL C:/Users/James/Desktop/Github/School/Phys301/lab_final/lab_final/Register_8bit.vhf \
      EN work/FD8CE_MXILINX_Register_8bit 1526201638 CP FDCE
EN work/Register_8bit 1526201640 \
      FL C:/Users/James/Desktop/Github/School/Phys301/lab_final/lab_final/Register_8bit.vhf \
      PB ieee/std_logic_1164 1381692176 PB ieee/NUMERIC_STD 1381692181 LB UNISIM \
      PH unisim/VCOMPONENTS 1381692182
AR work/Register_8bit/BEHAVIORAL 1526201641 \
      FL C:/Users/James/Desktop/Github/School/Phys301/lab_final/lab_final/Register_8bit.vhf \
      EN work/Register_8bit 1526201640 CP FD8CE_MXILINX_Register_8bit
FL C:/Users/James/Desktop/Github/School/Phys301/lab_final/modules/bin2BCD3en.vhd 2016/09/28.15:04:02 P.20131013
EN work/bin2BCD3en 1526201518 \
      FL C:/Users/James/Desktop/Github/School/Phys301/lab_final/modules/bin2BCD3en.vhd \
      PB ieee/std_logic_1164 1381692176 PB ieee/std_logic_arith 1381692177 \
      PB ieee/STD_LOGIC_UNSIGNED 1381692179 LB UNISIM PH unisim/VCOMPONENTS 1381692182
AR work/bin2BCD3en/Behavioral 1526201519 \
      FL C:/Users/James/Desktop/Github/School/Phys301/lab_final/modules/bin2BCD3en.vhd \
      EN work/bin2BCD3en 1526201518
FL C:/Users/James/Desktop/Github/School/Phys301/lab_final/modules/CRenc4bin.vhd 2016/09/28.15:04:10 P.20131013
EN work/CRenc4bin 1526201502 \
      FL C:/Users/James/Desktop/Github/School/Phys301/lab_final/modules/CRenc4bin.vhd \
      PB ieee/std_logic_1164 1381692176 PB ieee/std_logic_arith 1381692177 \
      PB ieee/STD_LOGIC_UNSIGNED 1381692179
AR work/CRenc4bin/Behavioral 1526201503 \
      FL C:/Users/James/Desktop/Github/School/Phys301/lab_final/modules/CRenc4bin.vhd \
      EN work/CRenc4bin 1526201502
FL C:/Users/James/Desktop/Github/School/Phys301/lab_final/modules/DCM_100M.vhd 2016/10/04.10:12:56 P.20131013
EN work/DCM_100M 1526201504 \
      FL C:/Users/James/Desktop/Github/School/Phys301/lab_final/modules/DCM_100M.vhd \
      PB ieee/std_logic_1164 1381692176 PB ieee/NUMERIC_STD 1381692181
AR work/DCM_100M/Behavioral 1526201505 \
      FL C:/Users/James/Desktop/Github/School/Phys301/lab_final/modules/DCM_100M.vhd \
      EN work/DCM_100M 1526201504
FL C:/Users/James/Desktop/Github/School/Phys301/lab_final/modules/debounce.vhd 2017/10/17.14:25:30 P.20131013
EN work/switch_debounce 1526201500 \
      FL C:/Users/James/Desktop/Github/School/Phys301/lab_final/modules/debounce.vhd \
      PB ieee/std_logic_1164 1381692176 PB ieee/std_logic_arith 1381692177 \
      PB ieee/STD_LOGIC_UNSIGNED 1381692179
AR work/switch_debounce/Behavioral 1526201501 \
      FL C:/Users/James/Desktop/Github/School/Phys301/lab_final/modules/debounce.vhd \
      EN work/switch_debounce 1526201500
FL C:/Users/James/Desktop/Github/School/Phys301/lab_final/modules/decoder16keyEn.vhd 2017/10/10.10:41:18 P.20131013
EN work/decoder16keyEn 1526201512 \
      FL C:/Users/James/Desktop/Github/School/Phys301/lab_final/modules/decoder16keyEn.vhd \
      PB ieee/std_logic_1164 1381692176 PB ieee/std_logic_arith 1381692177 \
      PB ieee/STD_LOGIC_UNSIGNED 1381692179
AR work/decoder16keyEn/Doric 1526201513 \
      FL C:/Users/James/Desktop/Github/School/Phys301/lab_final/modules/decoder16keyEn.vhd \
      EN work/decoder16keyEn 1526201512
FL C:/Users/James/Desktop/Github/School/Phys301/lab_final/modules/key4_dbnc.vhd 2017/10/10.10:41:18 P.20131013
EN work/key4_dbnc 1526201514 \
      FL C:/Users/James/Desktop/Github/School/Phys301/lab_final/modules/key4_dbnc.vhd \
      PB ieee/std_logic_1164 1381692176 PB ieee/NUMERIC_STD 1381692181
AR work/key4_dbnc/Behavioral 1526201515 \
      FL C:/Users/James/Desktop/Github/School/Phys301/lab_final/modules/key4_dbnc.vhd \
      EN work/key4_dbnc 1526201514 CP switch_debounce
FL C:/Users/James/Desktop/Github/School/Phys301/lab_final/modules/key_detect.vhd 2017/10/10.10:41:18 P.20131013
EN work/key_detect 1526201506 \
      FL C:/Users/James/Desktop/Github/School/Phys301/lab_final/modules/key_detect.vhd \
      PB ieee/std_logic_1164 1381692176 PB ieee/std_logic_arith 1381692177 \
      PB ieee/STD_LOGIC_UNSIGNED 1381692179
AR work/key_detect/Behavioral 1526201507 \
      FL C:/Users/James/Desktop/Github/School/Phys301/lab_final/modules/key_detect.vhd \
      EN work/key_detect 1526201506
FL C:/Users/James/Desktop/Github/School/Phys301/lab_final/modules/mux4SSD.vhd 2016/09/28.15:04:24 P.20131013
EN work/mux4SSD 1526201520 \
      FL C:/Users/James/Desktop/Github/School/Phys301/lab_final/modules/mux4SSD.vhd \
      PB ieee/std_logic_1164 1381692176 PB ieee/std_logic_arith 1381692177 \
      PB ieee/STD_LOGIC_UNSIGNED 1381692179
AR work/mux4SSD/Behavioral 1526201521 \
      FL C:/Users/James/Desktop/Github/School/Phys301/lab_final/modules/mux4SSD.vhd \
      EN work/mux4SSD 1526201520
FL C:/Users/James/Desktop/Github/School/Phys301/lab_final/modules/oneshot.vhd 2017/10/10.10:41:20 P.20131013
EN work/oneshot 1526201510 \
      FL C:/Users/James/Desktop/Github/School/Phys301/lab_final/modules/oneshot.vhd \
      PB ieee/std_logic_1164 1381692176 PB ieee/NUMERIC_STD 1381692181 \
      PB ieee/std_logic_arith 1381692177
AR work/oneshot/Behavioral 1526201511 \
      FL C:/Users/James/Desktop/Github/School/Phys301/lab_final/modules/oneshot.vhd \
      EN work/oneshot 1526201510
FL C:/Users/James/Desktop/Github/School/Phys301/lab_final/modules/sel_strobeB.vhd 2016/09/28.15:04:28 P.20131013
EN work/sel_strobeB 1526201516 \
      FL C:/Users/James/Desktop/Github/School/Phys301/lab_final/modules/sel_strobeB.vhd \
      PB ieee/std_logic_1164 1381692176 PB ieee/std_logic_arith 1381692177 \
      PB ieee/STD_LOGIC_UNSIGNED 1381692179
AR work/sel_strobeB/Behavioral 1526201517 \
      FL C:/Users/James/Desktop/Github/School/Phys301/lab_final/modules/sel_strobeB.vhd \
      EN work/sel_strobeB 1526201516
FL C:/Users/James/Desktop/Github/School/Phys301/lab_final/modules/sRAM32x8_ex_pgm_data.vhd 2016/11/17.11:21:28 P.20131013
EN work/sRAM32x8_ex_pgm_data 1526201530 \
      FL C:/Users/James/Desktop/Github/School/Phys301/lab_final/modules/sRAM32x8_ex_pgm_data.vhd \
      PB ieee/std_logic_1164 1381692176 PB ieee/NUMERIC_STD 1381692181 \
      PB ieee/STD_LOGIC_UNSIGNED 1381692179 LB UNISIM PH unisim/VCOMPONENTS 1381692182
AR work/sRAM32x8_ex_pgm_data/Behavioral 1526201531 \
      FL C:/Users/James/Desktop/Github/School/Phys301/lab_final/modules/sRAM32x8_ex_pgm_data.vhd \
      EN work/sRAM32x8_ex_pgm_data 1526201530
FL C:/Users/James/Desktop/Github/School/Phys301/lab_final/modules/sRAM32x8_ex_pgm_instr.vhd 2016/11/17.11:21:04 P.20131013
EN work/sRAM32x8_ex_pgm_instr 1526201528 \
      FL C:/Users/James/Desktop/Github/School/Phys301/lab_final/modules/sRAM32x8_ex_pgm_instr.vhd \
      PB ieee/std_logic_1164 1381692176 PB ieee/NUMERIC_STD 1381692181 \
      PB ieee/STD_LOGIC_UNSIGNED 1381692179 LB UNISIM PH unisim/VCOMPONENTS 1381692182
AR work/sRAM32x8_ex_pgm_instr/Behavioral 1526201529 \
      FL C:/Users/James/Desktop/Github/School/Phys301/lab_final/modules/sRAM32x8_ex_pgm_instr.vhd \
      EN work/sRAM32x8_ex_pgm_instr 1526201528
FL C:/Users/James/Desktop/Github/School/Phys301/lab_final/modules/SSD_1dig.vhd 2016/09/28.15:04:34 P.20131013
EN work/SSD_1dig 1526201522 \
      FL C:/Users/James/Desktop/Github/School/Phys301/lab_final/modules/SSD_1dig.vhd \
      PB ieee/std_logic_1164 1381692176 PB ieee/std_logic_arith 1381692177 \
      PB ieee/STD_LOGIC_UNSIGNED 1381692179
AR work/SSD_1dig/Behavioral 1526201523 \
      FL C:/Users/James/Desktop/Github/School/Phys301/lab_final/modules/SSD_1dig.vhd \
      EN work/SSD_1dig 1526201522
FL C:/Users/James/Documents/Xlink_projects/lab_final/modules/col_strobe.vhd 2016/09/28.15:04:08 P.20131013
EN work/col_strobe 1526201508 \
      FL C:/Users/James/Documents/Xlink_projects/lab_final/modules/col_strobe.vhd \
      PB ieee/std_logic_1164 1381692176 PB ieee/std_logic_arith 1381692177 \
      PB ieee/STD_LOGIC_UNSIGNED 1381692179
AR work/col_strobe/Behavioral 1526201509 \
      FL C:/Users/James/Documents/Xlink_projects/lab_final/modules/col_strobe.vhd \
      EN work/col_strobe 1526201508
