V3 306
FL C:/Users/James/Desktop/Github/School/Phys301/lab_final/lab_final/addersub8.vhd 2018/05/13.03:01:20 P.20131013
EN work/addersub8 1526251153 \
      FL C:/Users/James/Desktop/Github/School/Phys301/lab_final/lab_final/addersub8.vhd \
      PB ieee/std_logic_1164 1381692176
AR work/addersub8/Behavioral 1526251154 \
      FL C:/Users/James/Desktop/Github/School/Phys301/lab_final/lab_final/addersub8.vhd \
      EN work/addersub8 1526251153
FL C:/Users/James/Desktop/Github/School/Phys301/lab_final/lab_final/ALU_Final.vhf 2018/05/13.13:56:59 P.20131013
EN work/Full_Add_MUSER_ALU_Final 1526251107 \
      FL C:/Users/James/Desktop/Github/School/Phys301/lab_final/lab_final/ALU_Final.vhf \
      PB ieee/std_logic_1164 1381692176 PB ieee/NUMERIC_STD 1381692181 LB UNISIM \
      PH unisim/VCOMPONENTS 1381692182
AR work/Full_Add_MUSER_ALU_Final/BEHAVIORAL 1526251108 \
      FL C:/Users/James/Desktop/Github/School/Phys301/lab_final/lab_final/ALU_Final.vhf \
      EN work/Full_Add_MUSER_ALU_Final 1526251107 CP NAND2 CP XOR2
EN work/addersub8_MUSER_ALU_Final 1526251109 \
      FL C:/Users/James/Desktop/Github/School/Phys301/lab_final/lab_final/ALU_Final.vhf \
      PB ieee/std_logic_1164 1381692176 PB ieee/NUMERIC_STD 1381692181 LB UNISIM \
      PH unisim/VCOMPONENTS 1381692182
AR work/addersub8_MUSER_ALU_Final/BEHAVIORAL 1526251110 \
      FL C:/Users/James/Desktop/Github/School/Phys301/lab_final/lab_final/ALU_Final.vhf \
      EN work/addersub8_MUSER_ALU_Final 1526251109 CP XOR2 \
      CP Full_Add_MUSER_ALU_Final
EN work/Full_AdderSub8_MUSER_ALU_Final 1526251111 \
      FL C:/Users/James/Desktop/Github/School/Phys301/lab_final/lab_final/ALU_Final.vhf \
      PB ieee/std_logic_1164 1381692176 PB ieee/NUMERIC_STD 1381692181 LB UNISIM \
      PH unisim/VCOMPONENTS 1381692182
AR work/Full_AdderSub8_MUSER_ALU_Final/BEHAVIORAL 1526251112 \
      FL C:/Users/James/Desktop/Github/School/Phys301/lab_final/lab_final/ALU_Final.vhf \
      EN work/Full_AdderSub8_MUSER_ALU_Final 1526251111 \
      CP addersub8_MUSER_ALU_Final CP NOR2
EN work/ALU_Final 1526251113 \
      FL C:/Users/James/Desktop/Github/School/Phys301/lab_final/lab_final/ALU_Final.vhf \
      PB ieee/std_logic_1164 1381692176 PB ieee/NUMERIC_STD 1381692181 LB UNISIM \
      PH unisim/VCOMPONENTS 1381692182
AR work/ALU_Final/BEHAVIORAL 1526251114 \
      FL C:/Users/James/Desktop/Github/School/Phys301/lab_final/lab_final/ALU_Final.vhf \
      EN work/ALU_Final 1526251113 CP Full_AdderSub8_MUSER_ALU_Final CP BUF CP AND2 \
      CP AND3B1 CP OR2
FL C:/Users/James/Desktop/Github/School/Phys301/lab_final/lab_final/Eight_Register_Shift.vhf 2018/05/13.13:56:58 P.20131013
EN work/FD8CE_MXILINX_Eight_Register_Shift 1526251141 \
      FL C:/Users/James/Desktop/Github/School/Phys301/lab_final/lab_final/Eight_Register_Shift.vhf \
      PB ieee/std_logic_1164 1381692176 PB ieee/NUMERIC_STD 1381692181 LB UNISIM \
      PH unisim/VCOMPONENTS 1381692182
AR work/FD8CE_MXILINX_Eight_Register_Shift/BEHAVIORAL 1526251142 \
      FL C:/Users/James/Desktop/Github/School/Phys301/lab_final/lab_final/Eight_Register_Shift.vhf \
      EN work/FD8CE_MXILINX_Eight_Register_Shift 1526251141 CP FDCE
EN work/FD4CE_MXILINX_Eight_Register_Shift 1526251143 \
      FL C:/Users/James/Desktop/Github/School/Phys301/lab_final/lab_final/Eight_Register_Shift.vhf \
      PB ieee/std_logic_1164 1381692176 PB ieee/NUMERIC_STD 1381692181 LB UNISIM \
      PH unisim/VCOMPONENTS 1381692182
AR work/FD4CE_MXILINX_Eight_Register_Shift/BEHAVIORAL 1526251144 \
      FL C:/Users/James/Desktop/Github/School/Phys301/lab_final/lab_final/Eight_Register_Shift.vhf \
      EN work/FD4CE_MXILINX_Eight_Register_Shift 1526251143 CP FDCE
EN work/Eight_Register_Shift 1526251145 \
      FL C:/Users/James/Desktop/Github/School/Phys301/lab_final/lab_final/Eight_Register_Shift.vhf \
      PB ieee/std_logic_1164 1381692176 PB ieee/NUMERIC_STD 1381692181 LB UNISIM \
      PH unisim/VCOMPONENTS 1381692182
AR work/Eight_Register_Shift/BEHAVIORAL 1526251146 \
      FL C:/Users/James/Desktop/Github/School/Phys301/lab_final/lab_final/Eight_Register_Shift.vhf \
      EN work/Eight_Register_Shift 1526251145 \
      CP FD4CE_MXILINX_Eight_Register_Shift CP FD8CE_MXILINX_Eight_Register_Shift
FL C:/Users/James/Desktop/Github/School/Phys301/lab_final/lab_final/Full_AdderSub8.vhf 2018/05/13.13:56:59 P.20131013
EN work/Full_Add_MUSER_Full_AdderSub8 1526251147 \
      FL C:/Users/James/Desktop/Github/School/Phys301/lab_final/lab_final/Full_AdderSub8.vhf \
      PB ieee/std_logic_1164 1381692176 PB ieee/NUMERIC_STD 1381692181 LB UNISIM \
      PH unisim/VCOMPONENTS 1381692182
AR work/Full_Add_MUSER_Full_AdderSub8/BEHAVIORAL 1526251148 \
      FL C:/Users/James/Desktop/Github/School/Phys301/lab_final/lab_final/Full_AdderSub8.vhf \
      EN work/Full_Add_MUSER_Full_AdderSub8 1526251147 CP NAND2 CP XOR2
EN work/addersub8_MUSER_Full_AdderSub8 1526251149 \
      FL C:/Users/James/Desktop/Github/School/Phys301/lab_final/lab_final/Full_AdderSub8.vhf \
      PB ieee/std_logic_1164 1381692176 PB ieee/NUMERIC_STD 1381692181 LB UNISIM \
      PH unisim/VCOMPONENTS 1381692182
AR work/addersub8_MUSER_Full_AdderSub8/BEHAVIORAL 1526251150 \
      FL C:/Users/James/Desktop/Github/School/Phys301/lab_final/lab_final/Full_AdderSub8.vhf \
      EN work/addersub8_MUSER_Full_AdderSub8 1526251149 CP XOR2 \
      CP Full_Add_MUSER_Full_AdderSub8
EN work/Full_AdderSub8 1526251151 \
      FL C:/Users/James/Desktop/Github/School/Phys301/lab_final/lab_final/Full_AdderSub8.vhf \
      PB ieee/std_logic_1164 1381692176 PB ieee/NUMERIC_STD 1381692181 LB UNISIM \
      PH unisim/VCOMPONENTS 1381692182
AR work/Full_AdderSub8/BEHAVIORAL 1526251152 \
      FL C:/Users/James/Desktop/Github/School/Phys301/lab_final/lab_final/Full_AdderSub8.vhf \
      EN work/Full_AdderSub8 1526251151 CP addersub8_MUSER_Full_AdderSub8 CP NOR2
FL C:/Users/James/Desktop/Github/School/Phys301/lab_final/lab_final/ISA.vhf 2018/05/13.13:56:58 P.20131013
EN work/ISA 1526251003 \
      FL C:/Users/James/Desktop/Github/School/Phys301/lab_final/lab_final/ISA.vhf \
      PB ieee/std_logic_1164 1381692176 PB ieee/NUMERIC_STD 1381692181 LB UNISIM \
      PH unisim/VCOMPONENTS 1381692182
AR work/ISA/BEHAVIORAL 1526251004 \
      FL C:/Users/James/Desktop/Github/School/Phys301/lab_final/lab_final/ISA.vhf \
      EN work/ISA 1526251003 CP AND4B4 CP AND4B3 CP AND4 CP AND4B2 CP AND4B1 CP AND2
FL C:/Users/James/Desktop/Github/School/Phys301/lab_final/lab_final/KEYPAD_Final.vhf 2018/05/13.14:44:00 P.20131013
EN work/KEYPAD_Final 1526251115 \
      FL C:/Users/James/Desktop/Github/School/Phys301/lab_final/lab_final/KEYPAD_Final.vhf \
      PB ieee/std_logic_1164 1381692176 PB ieee/NUMERIC_STD 1381692181 LB UNISIM \
      PH unisim/VCOMPONENTS 1381692182
AR work/KEYPAD_Final/BEHAVIORAL 1526251116 \
      FL C:/Users/James/Desktop/Github/School/Phys301/lab_final/lab_final/KEYPAD_Final.vhf \
      EN work/KEYPAD_Final 1526251115 CP CRenc4bin CP PULLDOWN CP PULLUP CP DCM_100M \
      CP key_detect CP key4_dbnc CP col_strobe CP decoder16keyEn
FL C:/Users/James/Desktop/Github/School/Phys301/lab_final/lab_final/lab_final.vhf 2018/05/13.15:36:16 P.20131013
EN work/M2_1_MXILINX_lab_final 1526251009 \
      FL C:/Users/James/Desktop/Github/School/Phys301/lab_final/lab_final/lab_final.vhf \
      PB ieee/std_logic_1164 1381692176 PB ieee/NUMERIC_STD 1381692181 LB UNISIM \
      PH unisim/VCOMPONENTS 1381692182
AR work/M2_1_MXILINX_lab_final/BEHAVIORAL 1526251010 \
      FL C:/Users/James/Desktop/Github/School/Phys301/lab_final/lab_final/lab_final.vhf \
      EN work/M2_1_MXILINX_lab_final 1526251009 CP AND2B1 CP OR2 CP AND2
EN work/MUX8_generic_MUSER_lab_final 1526251011 \
      FL C:/Users/James/Desktop/Github/School/Phys301/lab_final/lab_final/lab_final.vhf \
      PB ieee/std_logic_1164 1381692176 PB ieee/NUMERIC_STD 1381692181 LB UNISIM \
      PH unisim/VCOMPONENTS 1381692182
AR work/MUX8_generic_MUSER_lab_final/BEHAVIORAL 1526251012 \
      FL C:/Users/James/Desktop/Github/School/Phys301/lab_final/lab_final/lab_final.vhf \
      EN work/MUX8_generic_MUSER_lab_final 1526251011 CP M2_1_MXILINX_lab_final
EN work/Full_Add_MUSER_lab_final 1526251013 \
      FL C:/Users/James/Desktop/Github/School/Phys301/lab_final/lab_final/lab_final.vhf \
      PB ieee/std_logic_1164 1381692176 PB ieee/NUMERIC_STD 1381692181 LB UNISIM \
      PH unisim/VCOMPONENTS 1381692182
AR work/Full_Add_MUSER_lab_final/BEHAVIORAL 1526251014 \
      FL C:/Users/James/Desktop/Github/School/Phys301/lab_final/lab_final/lab_final.vhf \
      EN work/Full_Add_MUSER_lab_final 1526251013 CP NAND2 CP XOR2
EN work/addersub8_MUSER_lab_final 1526251015 \
      FL C:/Users/James/Desktop/Github/School/Phys301/lab_final/lab_final/lab_final.vhf \
      PB ieee/std_logic_1164 1381692176 PB ieee/NUMERIC_STD 1381692181 LB UNISIM \
      PH unisim/VCOMPONENTS 1381692182
AR work/addersub8_MUSER_lab_final/BEHAVIORAL 1526251016 \
      FL C:/Users/James/Desktop/Github/School/Phys301/lab_final/lab_final/lab_final.vhf \
      EN work/addersub8_MUSER_lab_final 1526251015 CP XOR2 \
      CP Full_Add_MUSER_lab_final
EN work/Full_AdderSub8_MUSER_lab_final 1526251017 \
      FL C:/Users/James/Desktop/Github/School/Phys301/lab_final/lab_final/lab_final.vhf \
      PB ieee/std_logic_1164 1381692176 PB ieee/NUMERIC_STD 1381692181 LB UNISIM \
      PH unisim/VCOMPONENTS 1381692182
AR work/Full_AdderSub8_MUSER_lab_final/BEHAVIORAL 1526251018 \
      FL C:/Users/James/Desktop/Github/School/Phys301/lab_final/lab_final/lab_final.vhf \
      EN work/Full_AdderSub8_MUSER_lab_final 1526251017 \
      CP addersub8_MUSER_lab_final CP NOR2
EN work/ALU_Final_MUSER_lab_final 1526251019 \
      FL C:/Users/James/Desktop/Github/School/Phys301/lab_final/lab_final/lab_final.vhf \
      PB ieee/std_logic_1164 1381692176 PB ieee/NUMERIC_STD 1381692181 LB UNISIM \
      PH unisim/VCOMPONENTS 1381692182
AR work/ALU_Final_MUSER_lab_final/BEHAVIORAL 1526251020 \
      FL C:/Users/James/Desktop/Github/School/Phys301/lab_final/lab_final/lab_final.vhf \
      EN work/ALU_Final_MUSER_lab_final 1526251019 \
      CP Full_AdderSub8_MUSER_lab_final CP BUF CP AND2 CP AND3B1 CP OR2
EN work/FD8CE_MXILINX_lab_final 1526251021 \
      FL C:/Users/James/Desktop/Github/School/Phys301/lab_final/lab_final/lab_final.vhf \
      PB ieee/std_logic_1164 1381692176 PB ieee/NUMERIC_STD 1381692181 LB UNISIM \
      PH unisim/VCOMPONENTS 1381692182
AR work/FD8CE_MXILINX_lab_final/BEHAVIORAL 1526251022 \
      FL C:/Users/James/Desktop/Github/School/Phys301/lab_final/lab_final/lab_final.vhf \
      EN work/FD8CE_MXILINX_lab_final 1526251021 CP FDCE
EN work/Register_8bit_MUSER_lab_final 1526251023 \
      FL C:/Users/James/Desktop/Github/School/Phys301/lab_final/lab_final/lab_final.vhf \
      PB ieee/std_logic_1164 1381692176 PB ieee/NUMERIC_STD 1381692181 LB UNISIM \
      PH unisim/VCOMPONENTS 1381692182
AR work/Register_8bit_MUSER_lab_final/BEHAVIORAL 1526251024 \
      FL C:/Users/James/Desktop/Github/School/Phys301/lab_final/lab_final/lab_final.vhf \
      EN work/Register_8bit_MUSER_lab_final 1526251023 CP FD8CE_MXILINX_lab_final
EN work/MUX_DR_MUSER_lab_final 1526251025 \
      FL C:/Users/James/Desktop/Github/School/Phys301/lab_final/lab_final/lab_final.vhf \
      PB ieee/std_logic_1164 1381692176 PB ieee/NUMERIC_STD 1381692181 LB UNISIM \
      PH unisim/VCOMPONENTS 1381692182
AR work/MUX_DR_MUSER_lab_final/BEHAVIORAL 1526251026 \
      FL C:/Users/James/Desktop/Github/School/Phys301/lab_final/lab_final/lab_final.vhf \
      EN work/MUX_DR_MUSER_lab_final 1526251025 CP AND4B3 CP AND4B2 CP AND4B4
EN work/ProgramGround_MUSER_lab_final 1526251027 \
      FL C:/Users/James/Desktop/Github/School/Phys301/lab_final/lab_final/lab_final.vhf \
      PB ieee/std_logic_1164 1381692176 PB ieee/NUMERIC_STD 1381692181 LB UNISIM \
      PH unisim/VCOMPONENTS 1381692182
AR work/ProgramGround_MUSER_lab_final/BEHAVIORAL 1526251028 \
      FL C:/Users/James/Desktop/Github/School/Phys301/lab_final/lab_final/lab_final.vhf \
      EN work/ProgramGround_MUSER_lab_final 1526251027 CP ISA CP OR3 \
      CP Register_8bit_MUSER_lab_final CP NOR3 CP OR4 CP XOR2 \
      CP MUX_DR_MUSER_lab_final CP OR2 CP AND2 CP ALU_Final_MUSER_lab_final CP OR3B1 \
      CP MUX8_generic_MUSER_lab_final
EN work/FD4CE_MXILINX_lab_final 1526251029 \
      FL C:/Users/James/Desktop/Github/School/Phys301/lab_final/lab_final/lab_final.vhf \
      PB ieee/std_logic_1164 1381692176 PB ieee/NUMERIC_STD 1381692181 LB UNISIM \
      PH unisim/VCOMPONENTS 1381692182
AR work/FD4CE_MXILINX_lab_final/BEHAVIORAL 1526251030 \
      FL C:/Users/James/Desktop/Github/School/Phys301/lab_final/lab_final/lab_final.vhf \
      EN work/FD4CE_MXILINX_lab_final 1526251029 CP FDCE
EN work/Eight_Register_Shift_MUSER_lab_final 1526251031 \
      FL C:/Users/James/Desktop/Github/School/Phys301/lab_final/lab_final/lab_final.vhf \
      PB ieee/std_logic_1164 1381692176 PB ieee/NUMERIC_STD 1381692181 LB UNISIM \
      PH unisim/VCOMPONENTS 1381692182
AR work/Eight_Register_Shift_MUSER_lab_final/BEHAVIORAL 1526251032 \
      FL C:/Users/James/Desktop/Github/School/Phys301/lab_final/lab_final/lab_final.vhf \
      EN work/Eight_Register_Shift_MUSER_lab_final 1526251031 \
      CP FD4CE_MXILINX_lab_final CP FD8CE_MXILINX_lab_final
EN work/Registers_MUSER_lab_final 1526251033 \
      FL C:/Users/James/Desktop/Github/School/Phys301/lab_final/lab_final/lab_final.vhf \
      PB ieee/std_logic_1164 1381692176 PB ieee/NUMERIC_STD 1381692181 LB UNISIM \
      PH unisim/VCOMPONENTS 1381692182
AR work/Registers_MUSER_lab_final/BEHAVIORAL 1526251034 \
      FL C:/Users/James/Desktop/Github/School/Phys301/lab_final/lab_final/lab_final.vhf \
      EN work/Registers_MUSER_lab_final 1526251033 CP AND3 \
      CP Eight_Register_Shift_MUSER_lab_final CP AND4B2
EN work/Output_DebugMode_MUSER_lab_final 1526251035 \
      FL C:/Users/James/Desktop/Github/School/Phys301/lab_final/lab_final/lab_final.vhf \
      PB ieee/std_logic_1164 1381692176 PB ieee/NUMERIC_STD 1381692181 LB UNISIM \
      PH unisim/VCOMPONENTS 1381692182
AR work/Output_DebugMode_MUSER_lab_final/BEHAVIORAL 1526251036 \
      FL C:/Users/James/Desktop/Github/School/Phys301/lab_final/lab_final/lab_final.vhf \
      EN work/Output_DebugMode_MUSER_lab_final 1526251035 CP GND CP sel_strobeB \
      CP bin2BCD3en CP mux4SSD CP SSD_1dig CP PULLUP CP DCM_100M CP INV
EN work/KEYPAD_Final_MUSER_lab_final 1526251037 \
      FL C:/Users/James/Desktop/Github/School/Phys301/lab_final/lab_final/lab_final.vhf \
      PB ieee/std_logic_1164 1381692176 PB ieee/NUMERIC_STD 1381692181 LB UNISIM \
      PH unisim/VCOMPONENTS 1381692182
AR work/KEYPAD_Final_MUSER_lab_final/BEHAVIORAL 1526251038 \
      FL C:/Users/James/Desktop/Github/School/Phys301/lab_final/lab_final/lab_final.vhf \
      EN work/KEYPAD_Final_MUSER_lab_final 1526251037 CP CRenc4bin CP PULLDOWN \
      CP PULLUP CP DCM_100M CP key_detect CP key4_dbnc CP col_strobe \
      CP decoder16keyEn
EN work/MUX8Bit_MUSER_lab_final 1526251039 \
      FL C:/Users/James/Desktop/Github/School/Phys301/lab_final/lab_final/lab_final.vhf \
      PB ieee/std_logic_1164 1381692176 PB ieee/NUMERIC_STD 1381692181 LB UNISIM \
      PH unisim/VCOMPONENTS 1381692182
AR work/MUX8Bit_MUSER_lab_final/BEHAVIORAL 1526251040 \
      FL C:/Users/James/Desktop/Github/School/Phys301/lab_final/lab_final/lab_final.vhf \
      EN work/MUX8Bit_MUSER_lab_final 1526251039 CP M2_1_MXILINX_lab_final
EN work/MemoryV2_MUSER_lab_final 1526251041 \
      FL C:/Users/James/Desktop/Github/School/Phys301/lab_final/lab_final/lab_final.vhf \
      PB ieee/std_logic_1164 1381692176 PB ieee/NUMERIC_STD 1381692181 LB UNISIM \
      PH unisim/VCOMPONENTS 1381692182
AR work/MemoryV2_MUSER_lab_final/BEHAVIORAL 1526251042 \
      FL C:/Users/James/Desktop/Github/School/Phys301/lab_final/lab_final/lab_final.vhf \
      EN work/MemoryV2_MUSER_lab_final 1526251041 CP INV \
      CP Output_DebugMode_MUSER_lab_final CP MUX8Bit_MUSER_lab_final CP BUF \
      CP NAND2 CP sRAM32x8_ex_pgm_instr CP sRAM32x8_ex_pgm_data CP AND2 \
      CP Registers_MUSER_lab_final CP KEYPAD_Final_MUSER_lab_final \
      CP MUX8_generic_MUSER_lab_final
EN work/M2_1B1_MXILINX_lab_final 1526251043 \
      FL C:/Users/James/Desktop/Github/School/Phys301/lab_final/lab_final/lab_final.vhf \
      PB ieee/std_logic_1164 1381692176 PB ieee/NUMERIC_STD 1381692181 LB UNISIM \
      PH unisim/VCOMPONENTS 1381692182
AR work/M2_1B1_MXILINX_lab_final/BEHAVIORAL 1526251044 \
      FL C:/Users/James/Desktop/Github/School/Phys301/lab_final/lab_final/lab_final.vhf \
      EN work/M2_1B1_MXILINX_lab_final 1526251043 CP AND2B2 CP OR2 CP AND2
EN work/FTCLEX_MXILINX_lab_final 1526251045 \
      FL C:/Users/James/Desktop/Github/School/Phys301/lab_final/lab_final/lab_final.vhf \
      PB ieee/std_logic_1164 1381692176 PB ieee/NUMERIC_STD 1381692181 LB UNISIM \
      PH unisim/VCOMPONENTS 1381692182
AR work/FTCLEX_MXILINX_lab_final/BEHAVIORAL 1526251046 \
      FL C:/Users/James/Desktop/Github/School/Phys301/lab_final/lab_final/lab_final.vhf \
      EN work/FTCLEX_MXILINX_lab_final 1526251045 CP M2_1_MXILINX_lab_final \
      CP XOR2 CP FDCE
EN work/CB4CLED_MXILINX_lab_final 1526251047 \
      FL C:/Users/James/Desktop/Github/School/Phys301/lab_final/lab_final/lab_final.vhf \
      PB ieee/std_logic_1164 1381692176 PB ieee/NUMERIC_STD 1381692181 LB UNISIM \
      PH unisim/VCOMPONENTS 1381692182
AR work/CB4CLED_MXILINX_lab_final/BEHAVIORAL 1526251048 \
      FL C:/Users/James/Desktop/Github/School/Phys301/lab_final/lab_final/lab_final.vhf \
      EN work/CB4CLED_MXILINX_lab_final 1526251047 CP FTCLEX_MXILINX_lab_final \
      CP M2_1_MXILINX_lab_final CP M2_1B1_MXILINX_lab_final CP VCC CP AND2B2 CP AND4 \
      CP AND4B4 CP AND3 CP AND3B3 CP AND2 CP OR2
EN work/CB8CLED_MXILINX_lab_final 1526251049 \
      FL C:/Users/James/Desktop/Github/School/Phys301/lab_final/lab_final/lab_final.vhf \
      PB ieee/std_logic_1164 1381692176 PB ieee/NUMERIC_STD 1381692181 LB UNISIM \
      PH unisim/VCOMPONENTS 1381692182
AR work/CB8CLED_MXILINX_lab_final/BEHAVIORAL 1526251050 \
      FL C:/Users/James/Desktop/Github/School/Phys301/lab_final/lab_final/lab_final.vhf \
      EN work/CB8CLED_MXILINX_lab_final 1526251049 CP FTCLEX_MXILINX_lab_final \
      CP M2_1_MXILINX_lab_final CP M2_1B1_MXILINX_lab_final CP AND5 CP AND4 \
      CP AND4B3 CP AND2B2 CP VCC CP AND2B1 CP AND3 CP AND3B2 CP AND3B3 CP AND4B4 CP AND2 \
      CP AND5B4 CP OR2
EN work/P_Counter_MUSER_lab_final 1526251051 \
      FL C:/Users/James/Desktop/Github/School/Phys301/lab_final/lab_final/lab_final.vhf \
      PB ieee/std_logic_1164 1381692176 PB ieee/NUMERIC_STD 1381692181 LB UNISIM \
      PH unisim/VCOMPONENTS 1381692182
AR work/P_Counter_MUSER_lab_final/BEHAVIORAL 1526251052 \
      FL C:/Users/James/Desktop/Github/School/Phys301/lab_final/lab_final/lab_final.vhf \
      EN work/P_Counter_MUSER_lab_final 1526251051 CP CB8CLED_MXILINX_lab_final \
      CP PULLUP CP OR2 CP CB4CLED_MXILINX_lab_final CP AND3B2 CP AND3B1 CP OR3 \
      CP AND2B1 CP AND2
EN work/lab_final 1526251053 \
      FL C:/Users/James/Desktop/Github/School/Phys301/lab_final/lab_final/lab_final.vhf \
      PB ieee/std_logic_1164 1381692176 PB ieee/NUMERIC_STD 1381692181 LB UNISIM \
      PH unisim/VCOMPONENTS 1381692182
AR work/lab_final/BEHAVIORAL 1526251054 \
      FL C:/Users/James/Desktop/Github/School/Phys301/lab_final/lab_final/lab_final.vhf \
      EN work/lab_final 1526251053 CP AND2 CP INV CP DCM_100M \
      CP M2_1_MXILINX_lab_final CP P_Counter_MUSER_lab_final CP GND CP OR3 \
      CP MemoryV2_MUSER_lab_final CP ProgramGround_MUSER_lab_final
FL C:/Users/James/Desktop/Github/School/Phys301/lab_final/lab_final/MemoryV2.vhf 2018/05/13.15:36:12 P.20131013
EN work/M2_1_MXILINX_MemoryV2 1526251055 \
      FL C:/Users/James/Desktop/Github/School/Phys301/lab_final/lab_final/MemoryV2.vhf \
      PB ieee/std_logic_1164 1381692176 PB ieee/NUMERIC_STD 1381692181 LB UNISIM \
      PH unisim/VCOMPONENTS 1381692182
AR work/M2_1_MXILINX_MemoryV2/BEHAVIORAL 1526251056 \
      FL C:/Users/James/Desktop/Github/School/Phys301/lab_final/lab_final/MemoryV2.vhf \
      EN work/M2_1_MXILINX_MemoryV2 1526251055 CP AND2B1 CP OR2 CP AND2
EN work/MUX8_generic_MUSER_MemoryV2 1526251057 \
      FL C:/Users/James/Desktop/Github/School/Phys301/lab_final/lab_final/MemoryV2.vhf \
      PB ieee/std_logic_1164 1381692176 PB ieee/NUMERIC_STD 1381692181 LB UNISIM \
      PH unisim/VCOMPONENTS 1381692182
AR work/MUX8_generic_MUSER_MemoryV2/BEHAVIORAL 1526251058 \
      FL C:/Users/James/Desktop/Github/School/Phys301/lab_final/lab_final/MemoryV2.vhf \
      EN work/MUX8_generic_MUSER_MemoryV2 1526251057 CP M2_1_MXILINX_MemoryV2
EN work/FD8CE_MXILINX_MemoryV2 1526251059 \
      FL C:/Users/James/Desktop/Github/School/Phys301/lab_final/lab_final/MemoryV2.vhf \
      PB ieee/std_logic_1164 1381692176 PB ieee/NUMERIC_STD 1381692181 LB UNISIM \
      PH unisim/VCOMPONENTS 1381692182
AR work/FD8CE_MXILINX_MemoryV2/BEHAVIORAL 1526251060 \
      FL C:/Users/James/Desktop/Github/School/Phys301/lab_final/lab_final/MemoryV2.vhf \
      EN work/FD8CE_MXILINX_MemoryV2 1526251059 CP FDCE
EN work/FD4CE_MXILINX_MemoryV2 1526251061 \
      FL C:/Users/James/Desktop/Github/School/Phys301/lab_final/lab_final/MemoryV2.vhf \
      PB ieee/std_logic_1164 1381692176 PB ieee/NUMERIC_STD 1381692181 LB UNISIM \
      PH unisim/VCOMPONENTS 1381692182
AR work/FD4CE_MXILINX_MemoryV2/BEHAVIORAL 1526251062 \
      FL C:/Users/James/Desktop/Github/School/Phys301/lab_final/lab_final/MemoryV2.vhf \
      EN work/FD4CE_MXILINX_MemoryV2 1526251061 CP FDCE
EN work/Eight_Register_Shift_MUSER_MemoryV2 1526251063 \
      FL C:/Users/James/Desktop/Github/School/Phys301/lab_final/lab_final/MemoryV2.vhf \
      PB ieee/std_logic_1164 1381692176 PB ieee/NUMERIC_STD 1381692181 LB UNISIM \
      PH unisim/VCOMPONENTS 1381692182
AR work/Eight_Register_Shift_MUSER_MemoryV2/BEHAVIORAL 1526251064 \
      FL C:/Users/James/Desktop/Github/School/Phys301/lab_final/lab_final/MemoryV2.vhf \
      EN work/Eight_Register_Shift_MUSER_MemoryV2 1526251063 \
      CP FD4CE_MXILINX_MemoryV2 CP FD8CE_MXILINX_MemoryV2
EN work/Registers_MUSER_MemoryV2 1526251065 \
      FL C:/Users/James/Desktop/Github/School/Phys301/lab_final/lab_final/MemoryV2.vhf \
      PB ieee/std_logic_1164 1381692176 PB ieee/NUMERIC_STD 1381692181 LB UNISIM \
      PH unisim/VCOMPONENTS 1381692182
AR work/Registers_MUSER_MemoryV2/BEHAVIORAL 1526251066 \
      FL C:/Users/James/Desktop/Github/School/Phys301/lab_final/lab_final/MemoryV2.vhf \
      EN work/Registers_MUSER_MemoryV2 1526251065 CP AND3 \
      CP Eight_Register_Shift_MUSER_MemoryV2 CP AND4B2
EN work/Output_DebugMode_MUSER_MemoryV2 1526251067 \
      FL C:/Users/James/Desktop/Github/School/Phys301/lab_final/lab_final/MemoryV2.vhf \
      PB ieee/std_logic_1164 1381692176 PB ieee/NUMERIC_STD 1381692181 LB UNISIM \
      PH unisim/VCOMPONENTS 1381692182
AR work/Output_DebugMode_MUSER_MemoryV2/BEHAVIORAL 1526251068 \
      FL C:/Users/James/Desktop/Github/School/Phys301/lab_final/lab_final/MemoryV2.vhf \
      EN work/Output_DebugMode_MUSER_MemoryV2 1526251067 CP GND CP sel_strobeB \
      CP bin2BCD3en CP mux4SSD CP SSD_1dig CP PULLUP CP DCM_100M CP INV
EN work/KEYPAD_Final_MUSER_MemoryV2 1526251069 \
      FL C:/Users/James/Desktop/Github/School/Phys301/lab_final/lab_final/MemoryV2.vhf \
      PB ieee/std_logic_1164 1381692176 PB ieee/NUMERIC_STD 1381692181 LB UNISIM \
      PH unisim/VCOMPONENTS 1381692182
AR work/KEYPAD_Final_MUSER_MemoryV2/BEHAVIORAL 1526251070 \
      FL C:/Users/James/Desktop/Github/School/Phys301/lab_final/lab_final/MemoryV2.vhf \
      EN work/KEYPAD_Final_MUSER_MemoryV2 1526251069 CP CRenc4bin CP PULLDOWN \
      CP PULLUP CP DCM_100M CP key_detect CP key4_dbnc CP col_strobe \
      CP decoder16keyEn
EN work/MUX8Bit_MUSER_MemoryV2 1526251071 \
      FL C:/Users/James/Desktop/Github/School/Phys301/lab_final/lab_final/MemoryV2.vhf \
      PB ieee/std_logic_1164 1381692176 PB ieee/NUMERIC_STD 1381692181 LB UNISIM \
      PH unisim/VCOMPONENTS 1381692182
AR work/MUX8Bit_MUSER_MemoryV2/BEHAVIORAL 1526251072 \
      FL C:/Users/James/Desktop/Github/School/Phys301/lab_final/lab_final/MemoryV2.vhf \
      EN work/MUX8Bit_MUSER_MemoryV2 1526251071 CP M2_1_MXILINX_MemoryV2
EN work/MemoryV2 1526251073 \
      FL C:/Users/James/Desktop/Github/School/Phys301/lab_final/lab_final/MemoryV2.vhf \
      PB ieee/std_logic_1164 1381692176 PB ieee/NUMERIC_STD 1381692181 LB UNISIM \
      PH unisim/VCOMPONENTS 1381692182
AR work/MemoryV2/BEHAVIORAL 1526251074 \
      FL C:/Users/James/Desktop/Github/School/Phys301/lab_final/lab_final/MemoryV2.vhf \
      EN work/MemoryV2 1526251073 CP INV CP Output_DebugMode_MUSER_MemoryV2 \
      CP MUX8Bit_MUSER_MemoryV2 CP BUF CP NAND2 CP sRAM32x8_ex_pgm_instr \
      CP sRAM32x8_ex_pgm_data CP AND2 CP Registers_MUSER_MemoryV2 \
      CP KEYPAD_Final_MUSER_MemoryV2 CP MUX8_generic_MUSER_MemoryV2
FL C:/Users/James/Desktop/Github/School/Phys301/lab_final/lab_final/MUX8Bit.vhf 2018/05/13.15:31:06 P.20131013
EN work/M2_1_MXILINX_MUX8Bit 1526251117 \
      FL C:/Users/James/Desktop/Github/School/Phys301/lab_final/lab_final/MUX8Bit.vhf \
      PB ieee/std_logic_1164 1381692176 PB ieee/NUMERIC_STD 1381692181 LB UNISIM \
      PH unisim/VCOMPONENTS 1381692182
AR work/M2_1_MXILINX_MUX8Bit/BEHAVIORAL 1526251118 \
      FL C:/Users/James/Desktop/Github/School/Phys301/lab_final/lab_final/MUX8Bit.vhf \
      EN work/M2_1_MXILINX_MUX8Bit 1526251117 CP AND2B1 CP OR2 CP AND2
EN work/MUX8Bit 1526251119 \
      FL C:/Users/James/Desktop/Github/School/Phys301/lab_final/lab_final/MUX8Bit.vhf \
      PB ieee/std_logic_1164 1381692176 PB ieee/NUMERIC_STD 1381692181 LB UNISIM \
      PH unisim/VCOMPONENTS 1381692182
AR work/MUX8Bit/BEHAVIORAL 1526251120 \
      FL C:/Users/James/Desktop/Github/School/Phys301/lab_final/lab_final/MUX8Bit.vhf \
      EN work/MUX8Bit 1526251119 CP M2_1_MXILINX_MUX8Bit
FL C:/Users/James/Desktop/Github/School/Phys301/lab_final/lab_final/MUX8_generic.vhf 2018/05/13.15:31:12 P.20131013
EN work/M2_1_MXILINX_MUX8_generic 1526251121 \
      FL C:/Users/James/Desktop/Github/School/Phys301/lab_final/lab_final/MUX8_generic.vhf \
      PB ieee/std_logic_1164 1381692176 PB ieee/NUMERIC_STD 1381692181 LB UNISIM \
      PH unisim/VCOMPONENTS 1381692182
AR work/M2_1_MXILINX_MUX8_generic/BEHAVIORAL 1526251122 \
      FL C:/Users/James/Desktop/Github/School/Phys301/lab_final/lab_final/MUX8_generic.vhf \
      EN work/M2_1_MXILINX_MUX8_generic 1526251121 CP AND2B1 CP OR2 CP AND2
EN work/MUX8_generic 1526251123 \
      FL C:/Users/James/Desktop/Github/School/Phys301/lab_final/lab_final/MUX8_generic.vhf \
      PB ieee/std_logic_1164 1381692176 PB ieee/NUMERIC_STD 1381692181 LB UNISIM \
      PH unisim/VCOMPONENTS 1381692182
AR work/MUX8_generic/BEHAVIORAL 1526251124 \
      FL C:/Users/James/Desktop/Github/School/Phys301/lab_final/lab_final/MUX8_generic.vhf \
      EN work/MUX8_generic 1526251123 CP M2_1_MXILINX_MUX8_generic
FL C:/Users/James/Desktop/Github/School/Phys301/lab_final/lab_final/MUX_DR.vhf 2018/05/13.13:56:58 P.20131013
EN work/MUX_DR 1526251125 \
      FL C:/Users/James/Desktop/Github/School/Phys301/lab_final/lab_final/MUX_DR.vhf \
      PB ieee/std_logic_1164 1381692176 PB ieee/NUMERIC_STD 1381692181 LB UNISIM \
      PH unisim/VCOMPONENTS 1381692182
AR work/MUX_DR/BEHAVIORAL 1526251126 \
      FL C:/Users/James/Desktop/Github/School/Phys301/lab_final/lab_final/MUX_DR.vhf \
      EN work/MUX_DR 1526251125 CP AND4B3 CP AND4B2 CP AND4B4
FL C:/Users/James/Desktop/Github/School/Phys301/lab_final/lab_final/Output_DebugMode.vhf 2018/05/13.14:40:55 P.20131013
EN work/Output_DebugMode 1526251127 \
      FL C:/Users/James/Desktop/Github/School/Phys301/lab_final/lab_final/Output_DebugMode.vhf \
      PB ieee/std_logic_1164 1381692176 PB ieee/NUMERIC_STD 1381692181 LB UNISIM \
      PH unisim/VCOMPONENTS 1381692182
AR work/Output_DebugMode/BEHAVIORAL 1526251128 \
      FL C:/Users/James/Desktop/Github/School/Phys301/lab_final/lab_final/Output_DebugMode.vhf \
      EN work/Output_DebugMode 1526251127 CP GND CP sel_strobeB CP bin2BCD3en \
      CP mux4SSD CP SSD_1dig CP PULLUP CP DCM_100M CP INV
FL C:/Users/James/Desktop/Github/School/Phys301/lab_final/lab_final/ProgramGround.vhf 2018/05/13.15:31:19 P.20131013
EN work/M2_1_MXILINX_ProgramGround 1526251075 \
      FL C:/Users/James/Desktop/Github/School/Phys301/lab_final/lab_final/ProgramGround.vhf \
      PB ieee/std_logic_1164 1381692176 PB ieee/NUMERIC_STD 1381692181 LB UNISIM \
      PH unisim/VCOMPONENTS 1381692182
AR work/M2_1_MXILINX_ProgramGround/BEHAVIORAL 1526251076 \
      FL C:/Users/James/Desktop/Github/School/Phys301/lab_final/lab_final/ProgramGround.vhf \
      EN work/M2_1_MXILINX_ProgramGround 1526251075 CP AND2B1 CP OR2 CP AND2
EN work/MUX8_generic_MUSER_ProgramGround 1526251077 \
      FL C:/Users/James/Desktop/Github/School/Phys301/lab_final/lab_final/ProgramGround.vhf \
      PB ieee/std_logic_1164 1381692176 PB ieee/NUMERIC_STD 1381692181 LB UNISIM \
      PH unisim/VCOMPONENTS 1381692182
AR work/MUX8_generic_MUSER_ProgramGround/BEHAVIORAL 1526251078 \
      FL C:/Users/James/Desktop/Github/School/Phys301/lab_final/lab_final/ProgramGround.vhf \
      EN work/MUX8_generic_MUSER_ProgramGround 1526251077 \
      CP M2_1_MXILINX_ProgramGround
EN work/Full_Add_MUSER_ProgramGround 1526251079 \
      FL C:/Users/James/Desktop/Github/School/Phys301/lab_final/lab_final/ProgramGround.vhf \
      PB ieee/std_logic_1164 1381692176 PB ieee/NUMERIC_STD 1381692181 LB UNISIM \
      PH unisim/VCOMPONENTS 1381692182
AR work/Full_Add_MUSER_ProgramGround/BEHAVIORAL 1526251080 \
      FL C:/Users/James/Desktop/Github/School/Phys301/lab_final/lab_final/ProgramGround.vhf \
      EN work/Full_Add_MUSER_ProgramGround 1526251079 CP NAND2 CP XOR2
EN work/addersub8_MUSER_ProgramGround 1526251081 \
      FL C:/Users/James/Desktop/Github/School/Phys301/lab_final/lab_final/ProgramGround.vhf \
      PB ieee/std_logic_1164 1381692176 PB ieee/NUMERIC_STD 1381692181 LB UNISIM \
      PH unisim/VCOMPONENTS 1381692182
AR work/addersub8_MUSER_ProgramGround/BEHAVIORAL 1526251082 \
      FL C:/Users/James/Desktop/Github/School/Phys301/lab_final/lab_final/ProgramGround.vhf \
      EN work/addersub8_MUSER_ProgramGround 1526251081 CP XOR2 \
      CP Full_Add_MUSER_ProgramGround
EN work/Full_AdderSub8_MUSER_ProgramGround 1526251083 \
      FL C:/Users/James/Desktop/Github/School/Phys301/lab_final/lab_final/ProgramGround.vhf \
      PB ieee/std_logic_1164 1381692176 PB ieee/NUMERIC_STD 1381692181 LB UNISIM \
      PH unisim/VCOMPONENTS 1381692182
AR work/Full_AdderSub8_MUSER_ProgramGround/BEHAVIORAL 1526251084 \
      FL C:/Users/James/Desktop/Github/School/Phys301/lab_final/lab_final/ProgramGround.vhf \
      EN work/Full_AdderSub8_MUSER_ProgramGround 1526251083 \
      CP addersub8_MUSER_ProgramGround CP NOR2
EN work/ALU_Final_MUSER_ProgramGround 1526251085 \
      FL C:/Users/James/Desktop/Github/School/Phys301/lab_final/lab_final/ProgramGround.vhf \
      PB ieee/std_logic_1164 1381692176 PB ieee/NUMERIC_STD 1381692181 LB UNISIM \
      PH unisim/VCOMPONENTS 1381692182
AR work/ALU_Final_MUSER_ProgramGround/BEHAVIORAL 1526251086 \
      FL C:/Users/James/Desktop/Github/School/Phys301/lab_final/lab_final/ProgramGround.vhf \
      EN work/ALU_Final_MUSER_ProgramGround 1526251085 \
      CP Full_AdderSub8_MUSER_ProgramGround CP BUF CP AND2 CP AND3B1 CP OR2
EN work/FD8CE_MXILINX_ProgramGround 1526251087 \
      FL C:/Users/James/Desktop/Github/School/Phys301/lab_final/lab_final/ProgramGround.vhf \
      PB ieee/std_logic_1164 1381692176 PB ieee/NUMERIC_STD 1381692181 LB UNISIM \
      PH unisim/VCOMPONENTS 1381692182
AR work/FD8CE_MXILINX_ProgramGround/BEHAVIORAL 1526251088 \
      FL C:/Users/James/Desktop/Github/School/Phys301/lab_final/lab_final/ProgramGround.vhf \
      EN work/FD8CE_MXILINX_ProgramGround 1526251087 CP FDCE
EN work/Register_8bit_MUSER_ProgramGround 1526251089 \
      FL C:/Users/James/Desktop/Github/School/Phys301/lab_final/lab_final/ProgramGround.vhf \
      PB ieee/std_logic_1164 1381692176 PB ieee/NUMERIC_STD 1381692181 LB UNISIM \
      PH unisim/VCOMPONENTS 1381692182
AR work/Register_8bit_MUSER_ProgramGround/BEHAVIORAL 1526251090 \
      FL C:/Users/James/Desktop/Github/School/Phys301/lab_final/lab_final/ProgramGround.vhf \
      EN work/Register_8bit_MUSER_ProgramGround 1526251089 \
      CP FD8CE_MXILINX_ProgramGround
EN work/MUX_DR_MUSER_ProgramGround 1526251091 \
      FL C:/Users/James/Desktop/Github/School/Phys301/lab_final/lab_final/ProgramGround.vhf \
      PB ieee/std_logic_1164 1381692176 PB ieee/NUMERIC_STD 1381692181 LB UNISIM \
      PH unisim/VCOMPONENTS 1381692182
AR work/MUX_DR_MUSER_ProgramGround/BEHAVIORAL 1526251092 \
      FL C:/Users/James/Desktop/Github/School/Phys301/lab_final/lab_final/ProgramGround.vhf \
      EN work/MUX_DR_MUSER_ProgramGround 1526251091 CP AND4B3 CP AND4B2 CP AND4B4
EN work/ProgramGround 1526251093 \
      FL C:/Users/James/Desktop/Github/School/Phys301/lab_final/lab_final/ProgramGround.vhf \
      PB ieee/std_logic_1164 1381692176 PB ieee/NUMERIC_STD 1381692181 LB UNISIM \
      PH unisim/VCOMPONENTS 1381692182
AR work/ProgramGround/BEHAVIORAL 1526251094 \
      FL C:/Users/James/Desktop/Github/School/Phys301/lab_final/lab_final/ProgramGround.vhf \
      EN work/ProgramGround 1526251093 CP ISA CP OR3 \
      CP Register_8bit_MUSER_ProgramGround CP NOR3 CP OR4 CP XOR2 \
      CP MUX_DR_MUSER_ProgramGround CP OR2 CP AND2 CP ALU_Final_MUSER_ProgramGround \
      CP OR3B1 CP MUX8_generic_MUSER_ProgramGround
FL C:/Users/James/Desktop/Github/School/Phys301/lab_final/lab_final/P_Counter.vhf 2018/05/13.14:13:29 P.20131013
EN work/M2_1B1_MXILINX_P_Counter 1526251095 \
      FL C:/Users/James/Desktop/Github/School/Phys301/lab_final/lab_final/P_Counter.vhf \
      PB ieee/std_logic_1164 1381692176 PB ieee/NUMERIC_STD 1381692181 LB UNISIM \
      PH unisim/VCOMPONENTS 1381692182
AR work/M2_1B1_MXILINX_P_Counter/BEHAVIORAL 1526251096 \
      FL C:/Users/James/Desktop/Github/School/Phys301/lab_final/lab_final/P_Counter.vhf \
      EN work/M2_1B1_MXILINX_P_Counter 1526251095 CP AND2B2 CP OR2 CP AND2
EN work/M2_1_MXILINX_P_Counter 1526251097 \
      FL C:/Users/James/Desktop/Github/School/Phys301/lab_final/lab_final/P_Counter.vhf \
      PB ieee/std_logic_1164 1381692176 PB ieee/NUMERIC_STD 1381692181 LB UNISIM \
      PH unisim/VCOMPONENTS 1381692182
AR work/M2_1_MXILINX_P_Counter/BEHAVIORAL 1526251098 \
      FL C:/Users/James/Desktop/Github/School/Phys301/lab_final/lab_final/P_Counter.vhf \
      EN work/M2_1_MXILINX_P_Counter 1526251097 CP AND2B1 CP OR2 CP AND2
EN work/FTCLEX_MXILINX_P_Counter 1526251099 \
      FL C:/Users/James/Desktop/Github/School/Phys301/lab_final/lab_final/P_Counter.vhf \
      PB ieee/std_logic_1164 1381692176 PB ieee/NUMERIC_STD 1381692181 LB UNISIM \
      PH unisim/VCOMPONENTS 1381692182
AR work/FTCLEX_MXILINX_P_Counter/BEHAVIORAL 1526251100 \
      FL C:/Users/James/Desktop/Github/School/Phys301/lab_final/lab_final/P_Counter.vhf \
      EN work/FTCLEX_MXILINX_P_Counter 1526251099 CP M2_1_MXILINX_P_Counter \
      CP XOR2 CP FDCE
EN work/CB4CLED_MXILINX_P_Counter 1526251101 \
      FL C:/Users/James/Desktop/Github/School/Phys301/lab_final/lab_final/P_Counter.vhf \
      PB ieee/std_logic_1164 1381692176 PB ieee/NUMERIC_STD 1381692181 LB UNISIM \
      PH unisim/VCOMPONENTS 1381692182
AR work/CB4CLED_MXILINX_P_Counter/BEHAVIORAL 1526251102 \
      FL C:/Users/James/Desktop/Github/School/Phys301/lab_final/lab_final/P_Counter.vhf \
      EN work/CB4CLED_MXILINX_P_Counter 1526251101 CP FTCLEX_MXILINX_P_Counter \
      CP M2_1_MXILINX_P_Counter CP M2_1B1_MXILINX_P_Counter CP VCC CP AND2B2 CP AND4 \
      CP AND4B4 CP AND3 CP AND3B3 CP AND2 CP OR2
EN work/CB8CLED_MXILINX_P_Counter 1526251103 \
      FL C:/Users/James/Desktop/Github/School/Phys301/lab_final/lab_final/P_Counter.vhf \
      PB ieee/std_logic_1164 1381692176 PB ieee/NUMERIC_STD 1381692181 LB UNISIM \
      PH unisim/VCOMPONENTS 1381692182
AR work/CB8CLED_MXILINX_P_Counter/BEHAVIORAL 1526251104 \
      FL C:/Users/James/Desktop/Github/School/Phys301/lab_final/lab_final/P_Counter.vhf \
      EN work/CB8CLED_MXILINX_P_Counter 1526251103 CP FTCLEX_MXILINX_P_Counter \
      CP M2_1_MXILINX_P_Counter CP M2_1B1_MXILINX_P_Counter CP AND5 CP AND4 \
      CP AND4B3 CP AND2B2 CP VCC CP AND2B1 CP AND3 CP AND3B2 CP AND3B3 CP AND4B4 CP AND2 \
      CP AND5B4 CP OR2
EN work/P_Counter 1526251105 \
      FL C:/Users/James/Desktop/Github/School/Phys301/lab_final/lab_final/P_Counter.vhf \
      PB ieee/std_logic_1164 1381692176 PB ieee/NUMERIC_STD 1381692181 LB UNISIM \
      PH unisim/VCOMPONENTS 1381692182
AR work/P_Counter/BEHAVIORAL 1526251106 \
      FL C:/Users/James/Desktop/Github/School/Phys301/lab_final/lab_final/P_Counter.vhf \
      EN work/P_Counter 1526251105 CP CB8CLED_MXILINX_P_Counter CP PULLUP CP OR2 \
      CP CB4CLED_MXILINX_P_Counter CP AND3B2 CP AND3B1 CP OR3 CP AND2B1 CP AND2
FL C:/Users/James/Desktop/Github/School/Phys301/lab_final/lab_final/Registers.vhf 2018/05/13.13:57:00 P.20131013
EN work/FD8CE_MXILINX_Registers 1526251129 \
      FL C:/Users/James/Desktop/Github/School/Phys301/lab_final/lab_final/Registers.vhf \
      PB ieee/std_logic_1164 1381692176 PB ieee/NUMERIC_STD 1381692181 LB UNISIM \
      PH unisim/VCOMPONENTS 1381692182
AR work/FD8CE_MXILINX_Registers/BEHAVIORAL 1526251130 \
      FL C:/Users/James/Desktop/Github/School/Phys301/lab_final/lab_final/Registers.vhf \
      EN work/FD8CE_MXILINX_Registers 1526251129 CP FDCE
EN work/FD4CE_MXILINX_Registers 1526251131 \
      FL C:/Users/James/Desktop/Github/School/Phys301/lab_final/lab_final/Registers.vhf \
      PB ieee/std_logic_1164 1381692176 PB ieee/NUMERIC_STD 1381692181 LB UNISIM \
      PH unisim/VCOMPONENTS 1381692182
AR work/FD4CE_MXILINX_Registers/BEHAVIORAL 1526251132 \
      FL C:/Users/James/Desktop/Github/School/Phys301/lab_final/lab_final/Registers.vhf \
      EN work/FD4CE_MXILINX_Registers 1526251131 CP FDCE
EN work/Eight_Register_Shift_MUSER_Registers 1526251133 \
      FL C:/Users/James/Desktop/Github/School/Phys301/lab_final/lab_final/Registers.vhf \
      PB ieee/std_logic_1164 1381692176 PB ieee/NUMERIC_STD 1381692181 LB UNISIM \
      PH unisim/VCOMPONENTS 1381692182
AR work/Eight_Register_Shift_MUSER_Registers/BEHAVIORAL 1526251134 \
      FL C:/Users/James/Desktop/Github/School/Phys301/lab_final/lab_final/Registers.vhf \
      EN work/Eight_Register_Shift_MUSER_Registers 1526251133 \
      CP FD4CE_MXILINX_Registers CP FD8CE_MXILINX_Registers
EN work/Registers 1526251135 \
      FL C:/Users/James/Desktop/Github/School/Phys301/lab_final/lab_final/Registers.vhf \
      PB ieee/std_logic_1164 1381692176 PB ieee/NUMERIC_STD 1381692181 LB UNISIM \
      PH unisim/VCOMPONENTS 1381692182
AR work/Registers/BEHAVIORAL 1526251136 \
      FL C:/Users/James/Desktop/Github/School/Phys301/lab_final/lab_final/Registers.vhf \
      EN work/Registers 1526251135 CP AND3 CP Eight_Register_Shift_MUSER_Registers \
      CP AND4B2
FL C:/Users/James/Desktop/Github/School/Phys301/lab_final/lab_final/Register_8bit.vhf 2018/05/13.13:56:58 P.20131013
EN work/FD8CE_MXILINX_Register_8bit 1526251137 \
      FL C:/Users/James/Desktop/Github/School/Phys301/lab_final/lab_final/Register_8bit.vhf \
      PB ieee/std_logic_1164 1381692176 PB ieee/NUMERIC_STD 1381692181 LB UNISIM \
      PH unisim/VCOMPONENTS 1381692182
AR work/FD8CE_MXILINX_Register_8bit/BEHAVIORAL 1526251138 \
      FL C:/Users/James/Desktop/Github/School/Phys301/lab_final/lab_final/Register_8bit.vhf \
      EN work/FD8CE_MXILINX_Register_8bit 1526251137 CP FDCE
EN work/Register_8bit 1526251139 \
      FL C:/Users/James/Desktop/Github/School/Phys301/lab_final/lab_final/Register_8bit.vhf \
      PB ieee/std_logic_1164 1381692176 PB ieee/NUMERIC_STD 1381692181 LB UNISIM \
      PH unisim/VCOMPONENTS 1381692182
AR work/Register_8bit/BEHAVIORAL 1526251140 \
      FL C:/Users/James/Desktop/Github/School/Phys301/lab_final/lab_final/Register_8bit.vhf \
      EN work/Register_8bit 1526251139 CP FD8CE_MXILINX_Register_8bit
FL C:/Users/James/Desktop/Github/School/Phys301/lab_final/modules/bin2BCD3en.vhd 2016/09/28.15:04:02 P.20131013
EN work/bin2BCD3en 1526250985 \
      FL C:/Users/James/Desktop/Github/School/Phys301/lab_final/modules/bin2BCD3en.vhd \
      PB ieee/std_logic_1164 1381692176 PB ieee/std_logic_arith 1381692177 \
      PB ieee/STD_LOGIC_UNSIGNED 1381692179 LB UNISIM PH unisim/VCOMPONENTS 1381692182
AR work/bin2BCD3en/Behavioral 1526250986 \
      FL C:/Users/James/Desktop/Github/School/Phys301/lab_final/modules/bin2BCD3en.vhd \
      EN work/bin2BCD3en 1526250985
FL C:/Users/James/Desktop/Github/School/Phys301/lab_final/modules/CRenc4bin.vhd 2016/09/28.15:04:10 P.20131013
EN work/CRenc4bin 1526250993 \
      FL C:/Users/James/Desktop/Github/School/Phys301/lab_final/modules/CRenc4bin.vhd \
      PB ieee/std_logic_1164 1381692176 PB ieee/std_logic_arith 1381692177 \
      PB ieee/STD_LOGIC_UNSIGNED 1381692179
AR work/CRenc4bin/Behavioral 1526250994 \
      FL C:/Users/James/Desktop/Github/School/Phys301/lab_final/modules/CRenc4bin.vhd \
      EN work/CRenc4bin 1526250993
FL C:/Users/James/Desktop/Github/School/Phys301/lab_final/modules/DCM_100M.vhd 2016/10/04.10:12:56 P.20131013
EN work/DCM_100M 1526250991 \
      FL C:/Users/James/Desktop/Github/School/Phys301/lab_final/modules/DCM_100M.vhd \
      PB ieee/std_logic_1164 1381692176 PB ieee/NUMERIC_STD 1381692181
AR work/DCM_100M/Behavioral 1526250992 \
      FL C:/Users/James/Desktop/Github/School/Phys301/lab_final/modules/DCM_100M.vhd \
      EN work/DCM_100M 1526250991
FL C:/Users/James/Desktop/Github/School/Phys301/lab_final/modules/debounce.vhd 2017/10/17.14:25:30 P.20131013
EN work/switch_debounce 1526250981 \
      FL C:/Users/James/Desktop/Github/School/Phys301/lab_final/modules/debounce.vhd \
      PB ieee/std_logic_1164 1381692176 PB ieee/std_logic_arith 1381692177 \
      PB ieee/STD_LOGIC_UNSIGNED 1381692179
AR work/switch_debounce/Behavioral 1526250982 \
      FL C:/Users/James/Desktop/Github/School/Phys301/lab_final/modules/debounce.vhd \
      EN work/switch_debounce 1526250981
FL C:/Users/James/Desktop/Github/School/Phys301/lab_final/modules/decoder16keyEn.vhd 2017/10/10.10:41:18 P.20131013
EN work/decoder16keyEn 1526251001 \
      FL C:/Users/James/Desktop/Github/School/Phys301/lab_final/modules/decoder16keyEn.vhd \
      PB ieee/std_logic_1164 1381692176 PB ieee/std_logic_arith 1381692177 \
      PB ieee/STD_LOGIC_UNSIGNED 1381692179
AR work/decoder16keyEn/Doric 1526251002 \
      FL C:/Users/James/Desktop/Github/School/Phys301/lab_final/modules/decoder16keyEn.vhd \
      EN work/decoder16keyEn 1526251001
FL C:/Users/James/Desktop/Github/School/Phys301/lab_final/modules/key4_dbnc.vhd 2017/10/10.10:41:18 P.20131013
EN work/key4_dbnc 1526250997 \
      FL C:/Users/James/Desktop/Github/School/Phys301/lab_final/modules/key4_dbnc.vhd \
      PB ieee/std_logic_1164 1381692176 PB ieee/NUMERIC_STD 1381692181
AR work/key4_dbnc/Behavioral 1526250998 \
      FL C:/Users/James/Desktop/Github/School/Phys301/lab_final/modules/key4_dbnc.vhd \
      EN work/key4_dbnc 1526250997 CP switch_debounce
FL C:/Users/James/Desktop/Github/School/Phys301/lab_final/modules/key_detect.vhd 2017/10/10.10:41:18 P.20131013
EN work/key_detect 1526250995 \
      FL C:/Users/James/Desktop/Github/School/Phys301/lab_final/modules/key_detect.vhd \
      PB ieee/std_logic_1164 1381692176 PB ieee/std_logic_arith 1381692177 \
      PB ieee/STD_LOGIC_UNSIGNED 1381692179
AR work/key_detect/Behavioral 1526250996 \
      FL C:/Users/James/Desktop/Github/School/Phys301/lab_final/modules/key_detect.vhd \
      EN work/key_detect 1526250995
FL C:/Users/James/Desktop/Github/School/Phys301/lab_final/modules/mux4SSD.vhd 2016/09/28.15:04:24 P.20131013
EN work/mux4SSD 1526250987 \
      FL C:/Users/James/Desktop/Github/School/Phys301/lab_final/modules/mux4SSD.vhd \
      PB ieee/std_logic_1164 1381692176 PB ieee/std_logic_arith 1381692177 \
      PB ieee/STD_LOGIC_UNSIGNED 1381692179
AR work/mux4SSD/Behavioral 1526250988 \
      FL C:/Users/James/Desktop/Github/School/Phys301/lab_final/modules/mux4SSD.vhd \
      EN work/mux4SSD 1526250987
FL C:/Users/James/Desktop/Github/School/Phys301/lab_final/modules/sel_strobeB.vhd 2016/09/28.15:04:28 P.20131013
EN work/sel_strobeB 1526250983 \
      FL C:/Users/James/Desktop/Github/School/Phys301/lab_final/modules/sel_strobeB.vhd \
      PB ieee/std_logic_1164 1381692176 PB ieee/std_logic_arith 1381692177 \
      PB ieee/STD_LOGIC_UNSIGNED 1381692179
AR work/sel_strobeB/Behavioral 1526250984 \
      FL C:/Users/James/Desktop/Github/School/Phys301/lab_final/modules/sel_strobeB.vhd \
      EN work/sel_strobeB 1526250983
FL C:/Users/James/Desktop/Github/School/Phys301/lab_final/modules/sRAM32x8_ex_pgm_data.vhd 2016/11/17.11:21:28 P.20131013
EN work/sRAM32x8_ex_pgm_data 1526251007 \
      FL C:/Users/James/Desktop/Github/School/Phys301/lab_final/modules/sRAM32x8_ex_pgm_data.vhd \
      PB ieee/std_logic_1164 1381692176 PB ieee/NUMERIC_STD 1381692181 \
      PB ieee/STD_LOGIC_UNSIGNED 1381692179 LB UNISIM PH unisim/VCOMPONENTS 1381692182
AR work/sRAM32x8_ex_pgm_data/Behavioral 1526251008 \
      FL C:/Users/James/Desktop/Github/School/Phys301/lab_final/modules/sRAM32x8_ex_pgm_data.vhd \
      EN work/sRAM32x8_ex_pgm_data 1526251007
FL C:/Users/James/Desktop/Github/School/Phys301/lab_final/modules/sRAM32x8_ex_pgm_instr.vhd 2016/11/17.11:21:04 P.20131013
EN work/sRAM32x8_ex_pgm_instr 1526251005 \
      FL C:/Users/James/Desktop/Github/School/Phys301/lab_final/modules/sRAM32x8_ex_pgm_instr.vhd \
      PB ieee/std_logic_1164 1381692176 PB ieee/NUMERIC_STD 1381692181 \
      PB ieee/STD_LOGIC_UNSIGNED 1381692179 LB UNISIM PH unisim/VCOMPONENTS 1381692182
AR work/sRAM32x8_ex_pgm_instr/Behavioral 1526251006 \
      FL C:/Users/James/Desktop/Github/School/Phys301/lab_final/modules/sRAM32x8_ex_pgm_instr.vhd \
      EN work/sRAM32x8_ex_pgm_instr 1526251005
FL C:/Users/James/Desktop/Github/School/Phys301/lab_final/modules/SSD_1dig.vhd 2016/09/28.15:04:34 P.20131013
EN work/SSD_1dig 1526250989 \
      FL C:/Users/James/Desktop/Github/School/Phys301/lab_final/modules/SSD_1dig.vhd \
      PB ieee/std_logic_1164 1381692176 PB ieee/std_logic_arith 1381692177 \
      PB ieee/STD_LOGIC_UNSIGNED 1381692179
AR work/SSD_1dig/Behavioral 1526250990 \
      FL C:/Users/James/Desktop/Github/School/Phys301/lab_final/modules/SSD_1dig.vhd \
      EN work/SSD_1dig 1526250989
FL C:/Users/James/Documents/Xlink_projects/lab_final/modules/col_strobe.vhd 2016/09/28.15:04:08 P.20131013
EN work/col_strobe 1526250999 \
      FL C:/Users/James/Documents/Xlink_projects/lab_final/modules/col_strobe.vhd \
      PB ieee/std_logic_1164 1381692176 PB ieee/std_logic_arith 1381692177 \
      PB ieee/STD_LOGIC_UNSIGNED 1381692179
AR work/col_strobe/Behavioral 1526251000 \
      FL C:/Users/James/Documents/Xlink_projects/lab_final/modules/col_strobe.vhd \
      EN work/col_strobe 1526250999
FL C:/Users/James/Documents/Xlink_projects/lab_final/modules/decoder16keyEn.vhd 2017/10/10.10:41:18 P.20131013
