--------------------------------------------------------------------------------
Release 14.7 Trace  (nt64)
Copyright (c) 1995-2013 Xilinx, Inc.  All rights reserved.

C:\Xilinx\14.7\ISE_DS\ISE\bin\nt64\unwrapped\trce.exe -intstyle ise -v 3 -s 4
-n 3 -fastpaths -xml lab_final.twx lab_final.ncd -o lab_final.twr lab_final.pcf
-ucf lab_final.ucf

Design file:              lab_final.ncd
Physical constraint file: lab_final.pcf
Device,package,speed:     xc3s100e,cp132,-4 (PRODUCTION 1.27 2013-10-13)
Report level:             verbose report

Environment Variable      Effect 
--------------------      ------ 
NONE                      No environment variables were set
--------------------------------------------------------------------------------

INFO:Timing:2698 - No timing constraints found, doing default enumeration.
INFO:Timing:3412 - To improve timing, see the Timing Closure User Guide (UG612).
INFO:Timing:2752 - To get complete path coverage, use the unconstrained paths 
   option. All paths that are not constrained will be reported in the 
   unconstrained paths section(s) of the report.
INFO:Timing:3339 - The clock-to-out numbers in this timing report are based on 
   a 50 Ohm transmission line loading model.  For the details of this model, 
   and for more information on accounting for different loading conditions, 
   please see the device datasheet.
INFO:Timing:3390 - This architecture does not support a default System Jitter 
   value, please add SYSTEM_JITTER constraint to the UCF to modify the Clock 
   Uncertainty calculation.
INFO:Timing:3389 - This architecture does not support 'Discrete Jitter' and 
   'Phase Error' calculations, these terms will be zero in the Clock 
   Uncertainty calculation.  Please make appropriate modification to 
   SYSTEM_JITTER to account for the unsupported Discrete Jitter and Phase 
   Error.



Data Sheet report:
-----------------
All values displayed in nanoseconds (ns)

Setup/Hold to clock C_Shift
------------+------------+------------+------------------+--------+
            |Max Setup to|Max Hold to |                  | Clock  |
Source      | clk (edge) | clk (edge) |Internal Clock(s) | Phase  |
------------+------------+------------+------------------+--------+
AorD        |    3.614(R)|   -0.055(R)|C_Shift_BUFGP     |   0.000|
IRorDR      |    2.706(R)|    0.431(R)|C_Shift_BUFGP     |   0.000|
------------+------------+------------+------------------+--------+

Setup/Hold to clock C_Write
------------+------------+------------+------------------+--------+
            |Max Setup to|Max Hold to |                  | Clock  |
Source      | clk (edge) | clk (edge) |Internal Clock(s) | Phase  |
------------+------------+------------+------------------+--------+
AorD        |    4.650(R)|   -0.785(R)|C_Write_BUFGP     |   0.000|
IRorDR      |    3.742(R)|   -0.060(R)|C_Write_BUFGP     |   0.000|
------------+------------+------------+------------------+--------+

Setup/Hold to clock C_WriteOne
------------+------------+------------+------------------+--------+
            |Max Setup to|Max Hold to |                  | Clock  |
Source      | clk (edge) | clk (edge) |Internal Clock(s) | Phase  |
------------+------------+------------+------------------+--------+
AorD        |    4.108(R)|   -0.741(R)|C_WriteOne_BUFGP  |   0.000|
IRorDR      |    3.501(R)|   -0.189(R)|C_WriteOne_BUFGP  |   0.000|
------------+------------+------------+------------------+--------+

Clock Clock to Pad
------------+------------+------------------+--------+
            | clk (edge) |                  | Clock  |
Destination |   to PAD   |Internal Clock(s) | Phase  |
------------+------------+------------------+--------+
CLK_1       |    9.429(R)|Clock_BUFGP       |   0.000|
------------+------------+------------------+--------+

Clock to Setup on destination clock C_Shift
---------------+---------+---------+---------+---------+
               | Src:Rise| Src:Fall| Src:Rise| Src:Fall|
Source Clock   |Dest:Rise|Dest:Rise|Dest:Fall|Dest:Fall|
---------------+---------+---------+---------+---------+
C_WriteOne     |    2.359|         |         |         |
EN_D_Memory    |    3.162|    3.162|         |         |
EN_I_Memory    |    3.289|    3.289|         |         |
RunMode        |    3.260|    3.260|         |         |
---------------+---------+---------+---------+---------+

Clock to Setup on destination clock C_Write
---------------+---------+---------+---------+---------+
               | Src:Rise| Src:Fall| Src:Rise| Src:Fall|
Source Clock   |Dest:Rise|Dest:Rise|Dest:Fall|Dest:Fall|
---------------+---------+---------+---------+---------+
C_Shift        |    2.967|         |         |         |
C_WriteOne     |    2.887|         |         |         |
EN_D_Memory    |    3.612|    3.612|         |         |
EN_I_Memory    |    3.739|    3.739|         |         |
RunMode        |    3.908|    3.908|         |         |
---------------+---------+---------+---------+---------+

Clock to Setup on destination clock C_WriteOne
---------------+---------+---------+---------+---------+
               | Src:Rise| Src:Fall| Src:Rise| Src:Fall|
Source Clock   |Dest:Rise|Dest:Rise|Dest:Fall|Dest:Fall|
---------------+---------+---------+---------+---------+
EN_D_Memory    |    3.362|    3.362|         |         |
EN_I_Memory    |    3.489|    3.489|         |         |
RunMode        |    3.905|    3.905|         |         |
---------------+---------+---------+---------+---------+

Clock to Setup on destination clock Clock
---------------+---------+---------+---------+---------+
               | Src:Rise| Src:Fall| Src:Rise| Src:Fall|
Source Clock   |Dest:Rise|Dest:Rise|Dest:Fall|Dest:Fall|
---------------+---------+---------+---------+---------+
Clock          |   12.307|         |         |         |
---------------+---------+---------+---------+---------+

Clock to Setup on destination clock EN_D_Memory
---------------+---------+---------+---------+---------+
               | Src:Rise| Src:Fall| Src:Rise| Src:Fall|
Source Clock   |Dest:Rise|Dest:Rise|Dest:Fall|Dest:Fall|
---------------+---------+---------+---------+---------+
C_Write        |   10.127|         |         |         |
EN_D_Memory    |    6.101|    6.101|         |         |
RunMode        |    6.856|    6.856|         |         |
---------------+---------+---------+---------+---------+

Clock to Setup on destination clock EN_I_Memory
---------------+---------+---------+---------+---------+
               | Src:Rise| Src:Fall| Src:Rise| Src:Fall|
Source Clock   |Dest:Rise|Dest:Rise|Dest:Fall|Dest:Fall|
---------------+---------+---------+---------+---------+
C_Write        |   11.331|         |         |         |
EN_I_Memory    |    5.830|    5.830|         |         |
RunMode        |    7.021|    7.021|         |         |
---------------+---------+---------+---------+---------+

Clock to Setup on destination clock RunMode
---------------+---------+---------+---------+---------+
               | Src:Rise| Src:Fall| Src:Rise| Src:Fall|
Source Clock   |Dest:Rise|Dest:Rise|Dest:Fall|Dest:Fall|
---------------+---------+---------+---------+---------+
C_Write        |   11.331|         |         |         |
EN_D_Memory    |    5.497|    5.497|         |         |
EN_I_Memory    |    4.877|    4.877|         |         |
RunMode        |    6.252|    6.252|         |         |
---------------+---------+---------+---------+---------+

Clock to Setup on destination clock btn_Memory
---------------+---------+---------+---------+---------+
               | Src:Rise| Src:Fall| Src:Rise| Src:Fall|
Source Clock   |Dest:Rise|Dest:Rise|Dest:Fall|Dest:Fall|
---------------+---------+---------+---------+---------+
C_Write        |   11.331|         |         |         |
EN_D_Memory    |    6.358|    6.358|         |         |
EN_I_Memory    |    6.272|    6.272|         |         |
RunMode        |    7.463|    7.463|         |         |
---------------+---------+---------+---------+---------+

Pad to Pad
---------------+--------------------+---------+
Source Pad     |Destination Pad     |  Delay  |
---------------+--------------------+---------+
EN_D_Memory    |EnableDataLED       |    6.147|
EN_I_Memory    |EnableInstructionLED|    6.630|
RunMode        |RunModeLED          |    6.481|
SWITCH_SPeed   |CLK_1               |    7.355|
---------------+--------------------+---------+


Analysis completed Sun May 13 13:41:20 2018 
--------------------------------------------------------------------------------

Trace Settings:
-------------------------
Trace Settings 

Peak Memory Usage: 228 MB



