EN dcm_50m NULL C:/Users/James/Documents/Xlink_projects/swag/DCM_50M.vhd sub00/vhpl00 1523549850
AR cb4cled_mxilinx_lab9_experiment1 behavioral C:/Users/James/Documents/Xlink_projects/lab9_projects/lab9_experiment1/lab9_experiment1.vhf sub00/vhpl09 1523549871
AR lab9_experiment1 behavioral C:/Users/James/Documents/Xlink_projects/lab9_projects/lab9_experiment1/lab9_experiment1.vhf sub00/vhpl11 1523549873
AR m2_1_mxilinx_lab9_experiment1 behavioral C:/Users/James/Documents/Xlink_projects/lab9_projects/lab9_experiment1/lab9_experiment1.vhf sub00/vhpl05 1523549867
EN sel_strobeb NULL C:/Users/James/Documents/Xlink_projects/swag/sel_strobeB.vhd sub00/vhpl14 1523549852
EN ssd_1dig NULL C:/Users/James/Documents/Xlink_projects/swag/SSD_1dig.vhd sub00/vhpl20 1523549858
AR mux4ssd behavioral C:/Users/James/Documents/Xlink_projects/swag/mux4SSD.vhd sub00/vhpl19 1523549857
EN lab6_experimen3 NULL C:/Users/James/Documents/Xlink_projects/lab9_projects/lab9_experiment1/lab6_experimen3.vhf sub00/vhpl22 1523549860
EN m2_1_mxilinx_lab9_experiment1 NULL C:/Users/James/Documents/Xlink_projects/lab9_projects/lab9_experiment1/lab9_experiment1.vhf sub00/vhpl04 1523549866
EN lab9_experiment1 NULL C:/Users/James/Documents/Xlink_projects/lab9_projects/lab9_experiment1/lab9_experiment1.vhf sub00/vhpl10 1523549872
EN m2_1b1_mxilinx_lab9_experiment1 NULL C:/Users/James/Documents/Xlink_projects/lab9_projects/lab9_experiment1/lab9_experiment1.vhf sub00/vhpl02 1523549864
EN bin2bcd3en NULL C:/Users/James/Documents/Xlink_projects/swag/bin2BCD3en.vhd sub00/vhpl16 1523549854
EN fjkc_mxilinx_lab9_experiment1 NULL C:/Users/James/Documents/Xlink_projects/lab9_projects/lab9_experiment1/lab9_experiment1.vhf sub00/vhpl12 1523549862
AR ftclex_mxilinx_lab9_experiment1 behavioral C:/Users/James/Documents/Xlink_projects/lab9_projects/lab9_experiment1/lab9_experiment1.vhf sub00/vhpl07 1523549869
EN cb4cled_mxilinx_lab9_experiment1 NULL C:/Users/James/Documents/Xlink_projects/lab9_projects/lab9_experiment1/lab9_experiment1.vhf sub00/vhpl08 1523549870
AR sel_strobeb behavioral C:/Users/James/Documents/Xlink_projects/swag/sel_strobeB.vhd sub00/vhpl15 1523549853
AR ssd_1dig behavioral C:/Users/James/Documents/Xlink_projects/swag/SSD_1dig.vhd sub00/vhpl21 1523549859
AR fjkc_mxilinx_lab9_experiment1 behavioral C:/Users/James/Documents/Xlink_projects/lab9_projects/lab9_experiment1/lab9_experiment1.vhf sub00/vhpl13 1523549863
EN mux4ssd NULL C:/Users/James/Documents/Xlink_projects/swag/mux4SSD.vhd sub00/vhpl18 1523549856
AR lab6_experimen3 behavioral C:/Users/James/Documents/Xlink_projects/lab9_projects/lab9_experiment1/lab6_experimen3.vhf sub00/vhpl23 1523549861
AR m2_1b1_mxilinx_lab9_experiment1 behavioral C:/Users/James/Documents/Xlink_projects/lab9_projects/lab9_experiment1/lab9_experiment1.vhf sub00/vhpl03 1523549865
AR bin2bcd3en behavioral C:/Users/James/Documents/Xlink_projects/swag/bin2BCD3en.vhd sub00/vhpl17 1523549855
EN ftclex_mxilinx_lab9_experiment1 NULL C:/Users/James/Documents/Xlink_projects/lab9_projects/lab9_experiment1/lab9_experiment1.vhf sub00/vhpl06 1523549868
AR dcm_50m behavioral C:/Users/James/Documents/Xlink_projects/swag/DCM_50M.vhd sub00/vhpl01 1523549851
