EN dcm_50m NULL C:/Users/James/Documents/Xlink_projects/lab_final/modules/DCM_50M.vhd sub00/vhpl02 1524760375
EN shiftreg_hex2d NULL C:/Users/James/Documents/Xlink_projects/lab_final/modules/shiftreg_hex2D.vhd sub00/vhpl16 1524760389
AR key_detect behavioral C:/Users/James/Documents/Xlink_projects/lab_final/modules/key_detect.vhd sub00/vhpl09 1524760382
AR sseg_mux4d behavioral C:/Users/James/Documents/Xlink_projects/lab_final/modules/sseg_mux4D.vhd sub00/vhpl25 1524760394
AR key4_dbnc behavioral C:/Users/James/Documents/Xlink_projects/lab_final/modules/key4_dbnc.vhd sub00/vhpl05 1524760378
EN sseg_mux4d NULL C:/Users/James/Documents/Xlink_projects/lab_final/modules/sseg_mux4D.vhd sub00/vhpl24 1524760393
EN sel_strobeb NULL C:/Users/James/Documents/Xlink_projects/lab_final/modules/sel_strobeB.vhd sub00/vhpl14 1524760387
EN ssd_1dig NULL C:/Users/James/Documents/Xlink_projects/lab_final/modules/SSD_1dig.vhd sub00/vhpl20 1524760391
AR mux4ssd behavioral C:/Users/James/Documents/Xlink_projects/lab_final/modules/mux4SSD.vhd sub00/vhpl19 1524760396
EN decoder16keyen NULL C:/Users/James/Documents/Xlink_projects/lab_final/modules/decoder16keyEn.vhd sub00/vhpl12 1524760385
AR lab_final_keypad behavioral C:/Users/James/Documents/Xlink_projects/lab_final/lab_testingModules/lab_final_KEYPAD/lab_final_KEYPAD.vhf sub00/vhpl23 1524760398
EN key_detect NULL C:/Users/James/Documents/Xlink_projects/lab_final/modules/key_detect.vhd sub00/vhpl08 1524760381
AR sel_strobeb behavioral C:/Users/James/Documents/Xlink_projects/lab_final/modules/sel_strobeB.vhd sub00/vhpl15 1524760388
AR ssd_1dig behavioral C:/Users/James/Documents/Xlink_projects/lab_final/modules/SSD_1dig.vhd sub00/vhpl21 1524760392
EN mux4ssd NULL C:/Users/James/Documents/Xlink_projects/lab_final/modules/mux4SSD.vhd sub00/vhpl18 1524760395
EN key4_dbnc NULL C:/Users/James/Documents/Xlink_projects/lab_final/modules/key4_dbnc.vhd sub00/vhpl04 1524760377
AR oneshot behavioral C:/Users/James/Documents/Xlink_projects/lab_final/modules/oneshot.vhd sub00/vhpl11 1524760384
EN col_strobe NULL C:/Users/James/Documents/Xlink_projects/lab_final/modules/col_strobe.vhd sub00/vhpl06 1524760379
AR decoder16keyen doric C:/Users/James/Documents/Xlink_projects/lab_final/modules/decoder16keyEn.vhd sub00/vhpl13 1524760386
AR col_strobe behavioral C:/Users/James/Documents/Xlink_projects/lab_final/modules/col_strobe.vhd sub00/vhpl07 1524760380
AR shiftreg_hex2d behavioral C:/Users/James/Documents/Xlink_projects/lab_final/modules/shiftreg_hex2D.vhd sub00/vhpl17 1524760390
EN lab_final_keypad NULL C:/Users/James/Documents/Xlink_projects/lab_final/lab_testingModules/lab_final_KEYPAD/lab_final_KEYPAD.vhf sub00/vhpl22 1524760397
EN switch_debounce NULL C:/Users/James/Documents/Xlink_projects/lab_final/modules/debounce.vhd sub00/vhpl00 1524760373
AR switch_debounce behavioral C:/Users/James/Documents/Xlink_projects/lab_final/modules/debounce.vhd sub00/vhpl01 1524760374
AR dcm_50m behavioral C:/Users/James/Documents/Xlink_projects/lab_final/modules/DCM_50M.vhd sub00/vhpl03 1524760376
EN oneshot NULL C:/Users/James/Documents/Xlink_projects/lab_final/modules/oneshot.vhd sub00/vhpl10 1524760383
