V3 55
FL C:/Users/James/Documents/Xlink_projects/lab_final/lab_testingModules/lab_final_KEYPAD/lab_final_KEYPAD.vhf 2018/04/26.09:32:49 P.20131013
EN work/lab_final_KEYPAD 1524760397 \
      FL C:/Users/James/Documents/Xlink_projects/lab_final/lab_testingModules/lab_final_KEYPAD/lab_final_KEYPAD.vhf \
      PB ieee/std_logic_1164 1381692176 PB ieee/NUMERIC_STD 1381692181 LB UNISIM \
      PH unisim/VCOMPONENTS 1381692182
AR work/lab_final_KEYPAD/BEHAVIORAL 1524760398 \
      FL C:/Users/James/Documents/Xlink_projects/lab_final/lab_testingModules/lab_final_KEYPAD/lab_final_KEYPAD.vhf \
      EN work/lab_final_KEYPAD 1524760397 CP DCM_50M CP key4_dbnc CP col_strobe \
      CP key_detect CP oneshot CP decoder16keyEn CP sel_strobeB CP shiftreg_hex2D \
      CP PULLDOWN CP INV CP SSD_1dig CP sseg_mux4D CP mux4SSD CP PULLUP
FL C:/Users/James/Documents/Xlink_projects/lab_final/modules/col_strobe.vhd 2016/09/28.15:04:08 P.20131013
EN work/col_strobe 1524760379 \
      FL C:/Users/James/Documents/Xlink_projects/lab_final/modules/col_strobe.vhd \
      PB ieee/std_logic_1164 1381692176 PB ieee/std_logic_arith 1381692177 \
      PB ieee/STD_LOGIC_UNSIGNED 1381692179
AR work/col_strobe/Behavioral 1524760380 \
      FL C:/Users/James/Documents/Xlink_projects/lab_final/modules/col_strobe.vhd \
      EN work/col_strobe 1524760379
FL C:/Users/James/Documents/Xlink_projects/lab_final/modules/DCM_50M.vhd 2018/02/27.16:01:26 P.20131013
EN work/DCM_50M 1524760375 \
      FL C:/Users/James/Documents/Xlink_projects/lab_final/modules/DCM_50M.vhd \
      PB ieee/std_logic_1164 1381692176 PB ieee/NUMERIC_STD 1381692181
AR work/DCM_50M/Behavioral 1524760376 \
      FL C:/Users/James/Documents/Xlink_projects/lab_final/modules/DCM_50M.vhd \
      EN work/DCM_50M 1524760375
FL C:/Users/James/Documents/Xlink_projects/lab_final/modules/debounce.vhd 2017/10/17.14:25:30 P.20131013
EN work/switch_debounce 1524760373 \
      FL C:/Users/James/Documents/Xlink_projects/lab_final/modules/debounce.vhd \
      PB ieee/std_logic_1164 1381692176 PB ieee/std_logic_arith 1381692177 \
      PB ieee/STD_LOGIC_UNSIGNED 1381692179
AR work/switch_debounce/Behavioral 1524760374 \
      FL C:/Users/James/Documents/Xlink_projects/lab_final/modules/debounce.vhd \
      EN work/switch_debounce 1524760373
FL C:/Users/James/Documents/Xlink_projects/lab_final/modules/decoder16keyEn.vhd 2017/10/10.10:41:18 P.20131013
EN work/decoder16keyEn 1524760385 \
      FL C:/Users/James/Documents/Xlink_projects/lab_final/modules/decoder16keyEn.vhd \
      PB ieee/std_logic_1164 1381692176 PB ieee/std_logic_arith 1381692177 \
      PB ieee/STD_LOGIC_UNSIGNED 1381692179
AR work/decoder16keyEn/Doric 1524760386 \
      FL C:/Users/James/Documents/Xlink_projects/lab_final/modules/decoder16keyEn.vhd \
      EN work/decoder16keyEn 1524760385
FL C:/Users/James/Documents/Xlink_projects/lab_final/modules/key4_dbnc.vhd 2017/10/10.10:41:18 P.20131013
EN work/key4_dbnc 1524760377 \
      FL C:/Users/James/Documents/Xlink_projects/lab_final/modules/key4_dbnc.vhd \
      PB ieee/std_logic_1164 1381692176 PB ieee/NUMERIC_STD 1381692181
AR work/key4_dbnc/Behavioral 1524760378 \
      FL C:/Users/James/Documents/Xlink_projects/lab_final/modules/key4_dbnc.vhd \
      EN work/key4_dbnc 1524760377 CP switch_debounce
FL C:/Users/James/Documents/Xlink_projects/lab_final/modules/key_detect.vhd 2017/10/10.10:41:18 P.20131013
EN work/key_detect 1524760381 \
      FL C:/Users/James/Documents/Xlink_projects/lab_final/modules/key_detect.vhd \
      PB ieee/std_logic_1164 1381692176 PB ieee/std_logic_arith 1381692177 \
      PB ieee/STD_LOGIC_UNSIGNED 1381692179
AR work/key_detect/Behavioral 1524760382 \
      FL C:/Users/James/Documents/Xlink_projects/lab_final/modules/key_detect.vhd \
      EN work/key_detect 1524760381
FL C:/Users/James/Documents/Xlink_projects/lab_final/modules/mux4SSD.vhd 2016/09/28.15:04:24 P.20131013
EN work/mux4SSD 1524760395 \
      FL C:/Users/James/Documents/Xlink_projects/lab_final/modules/mux4SSD.vhd \
      PB ieee/std_logic_1164 1381692176 PB ieee/std_logic_arith 1381692177 \
      PB ieee/STD_LOGIC_UNSIGNED 1381692179
AR work/mux4SSD/Behavioral 1524760396 \
      FL C:/Users/James/Documents/Xlink_projects/lab_final/modules/mux4SSD.vhd \
      EN work/mux4SSD 1524760395
FL C:/Users/James/Documents/Xlink_projects/lab_final/modules/oneshot.vhd 2017/10/10.10:41:20 P.20131013
EN work/oneshot 1524760383 \
      FL C:/Users/James/Documents/Xlink_projects/lab_final/modules/oneshot.vhd \
      PB ieee/std_logic_1164 1381692176 PB ieee/NUMERIC_STD 1381692181 \
      PB ieee/std_logic_arith 1381692177
AR work/oneshot/Behavioral 1524760384 \
      FL C:/Users/James/Documents/Xlink_projects/lab_final/modules/oneshot.vhd \
      EN work/oneshot 1524760383
FL C:/Users/James/Documents/Xlink_projects/lab_final/modules/sel_strobeB.vhd 2016/09/28.15:04:28 P.20131013
EN work/sel_strobeB 1524760387 \
      FL C:/Users/James/Documents/Xlink_projects/lab_final/modules/sel_strobeB.vhd \
      PB ieee/std_logic_1164 1381692176 PB ieee/std_logic_arith 1381692177 \
      PB ieee/STD_LOGIC_UNSIGNED 1381692179
AR work/sel_strobeB/Behavioral 1524760388 \
      FL C:/Users/James/Documents/Xlink_projects/lab_final/modules/sel_strobeB.vhd \
      EN work/sel_strobeB 1524760387
FL C:/Users/James/Documents/Xlink_projects/lab_final/modules/shiftreg_hex2D.vhd 2017/10/10.10:41:20 P.20131013
EN work/shiftreg_hex2D 1524760389 \
      FL C:/Users/James/Documents/Xlink_projects/lab_final/modules/shiftreg_hex2D.vhd \
      PB ieee/std_logic_1164 1381692176
AR work/shiftreg_hex2D/Behavioral 1524760390 \
      FL C:/Users/James/Documents/Xlink_projects/lab_final/modules/shiftreg_hex2D.vhd \
      EN work/shiftreg_hex2D 1524760389
FL C:/Users/James/Documents/Xlink_projects/lab_final/modules/SSD_1dig.vhd 2016/09/28.15:04:34 P.20131013
EN work/SSD_1dig 1524760391 \
      FL C:/Users/James/Documents/Xlink_projects/lab_final/modules/SSD_1dig.vhd \
      PB ieee/std_logic_1164 1381692176 PB ieee/std_logic_arith 1381692177 \
      PB ieee/STD_LOGIC_UNSIGNED 1381692179
AR work/SSD_1dig/Behavioral 1524760392 \
      FL C:/Users/James/Documents/Xlink_projects/lab_final/modules/SSD_1dig.vhd \
      EN work/SSD_1dig 1524760391
FL C:/Users/James/Documents/Xlink_projects/lab_final/modules/sseg_mux4D.vhd 2018/02/27.15:00:56 P.20131013
EN work/sseg_mux4D 1524760393 \
      FL C:/Users/James/Documents/Xlink_projects/lab_final/modules/sseg_mux4D.vhd \
      PB ieee/std_logic_1164 1381692176 PB ieee/std_logic_arith 1381692177 \
      PB ieee/STD_LOGIC_UNSIGNED 1381692179
AR work/sseg_mux4D/Behavioral 1524760394 \
      FL C:/Users/James/Documents/Xlink_projects/lab_final/modules/sseg_mux4D.vhd \
      EN work/sseg_mux4D 1524760393
