EN dcm_50m NULL C:/Users/James/Documents/Xlink_projects/swag/DCM_50M.vhd sub00/vhpl00 1522775775
AR cb4cled_mxilinx_lab8_exp6 behavioral C:/Users/James/Documents/Xlink_projects/lab8_projects/lab8_experimentsix/lab8_exp6.vhf sub00/vhpl11 1522775794
EN sel_strobeb NULL C:/Users/James/Documents/Xlink_projects/swag/sel_strobeB.vhd sub00/vhpl14 1522775777
EN ssd_1dig NULL C:/Users/James/Documents/Xlink_projects/swag/SSD_1dig.vhd sub00/vhpl20 1522775783
EN m2_1_mxilinx_lab8_exp6 NULL C:/Users/James/Documents/Xlink_projects/lab8_projects/lab8_experimentsix/lab8_exp6.vhf sub00/vhpl06 1522775789
EN ftclex_mxilinx_lab8_exp6 NULL C:/Users/James/Documents/Xlink_projects/lab8_projects/lab8_experimentsix/lab8_exp6.vhf sub00/vhpl08 1522775791
AR mux4ssd behavioral C:/Users/James/Documents/Xlink_projects/swag/mux4SSD.vhd sub00/vhpl19 1522775782
EN lab6_experimen3 NULL C:/Users/James/Documents/Xlink_projects/lab8_projects/lab8_experimentsix/lab6_experimen3.vhf sub00/vhpl02 1522775785
EN lab8_exp6 NULL C:/Users/James/Documents/Xlink_projects/lab8_projects/lab8_experimentsix/lab8_exp6.vhf sub00/vhpl12 1522775795
EN bin2bcd3en NULL C:/Users/James/Documents/Xlink_projects/swag/bin2BCD3en.vhd sub00/vhpl16 1522775779
AR m2_1_mxilinx_lab8_exp6 behavioral C:/Users/James/Documents/Xlink_projects/lab8_projects/lab8_experimentsix/lab8_exp6.vhf sub00/vhpl07 1522775790
AR ftclex_mxilinx_lab8_exp6 behavioral C:/Users/James/Documents/Xlink_projects/lab8_projects/lab8_experimentsix/lab8_exp6.vhf sub00/vhpl09 1522775792
AR sel_strobeb behavioral C:/Users/James/Documents/Xlink_projects/swag/sel_strobeB.vhd sub00/vhpl15 1522775778
AR ssd_1dig behavioral C:/Users/James/Documents/Xlink_projects/swag/SSD_1dig.vhd sub00/vhpl21 1522775784
EN mux4ssd NULL C:/Users/James/Documents/Xlink_projects/swag/mux4SSD.vhd sub00/vhpl18 1522775781
AR lab6_experimen3 behavioral C:/Users/James/Documents/Xlink_projects/lab8_projects/lab8_experimentsix/lab6_experimen3.vhf sub00/vhpl03 1522775786
EN m2_1b1_mxilinx_lab8_exp6 NULL C:/Users/James/Documents/Xlink_projects/lab8_projects/lab8_experimentsix/lab8_exp6.vhf sub00/vhpl04 1522775787
AR m2_1b1_mxilinx_lab8_exp6 behavioral C:/Users/James/Documents/Xlink_projects/lab8_projects/lab8_experimentsix/lab8_exp6.vhf sub00/vhpl05 1522775788
AR lab8_exp6 behavioral C:/Users/James/Documents/Xlink_projects/lab8_projects/lab8_experimentsix/lab8_exp6.vhf sub00/vhpl13 1522775796
AR bin2bcd3en behavioral C:/Users/James/Documents/Xlink_projects/swag/bin2BCD3en.vhd sub00/vhpl17 1522775780
EN cb4cled_mxilinx_lab8_exp6 NULL C:/Users/James/Documents/Xlink_projects/lab8_projects/lab8_experimentsix/lab8_exp6.vhf sub00/vhpl10 1522775793
AR dcm_50m behavioral C:/Users/James/Documents/Xlink_projects/swag/DCM_50M.vhd sub00/vhpl01 1522775776
