EN dcm_50m NULL C:/Users/James/Documents/Xlink_projects/lab6_projects/swag/DCM_50M.vhd sub00/vhpl00 1521219579
AR lab7_experiment9 behavioral C:/Users/James/Documents/Xlink_projects/lab7_projects/lab7_experiment9/lab7_experiment9.vhf sub00/vhpl03 1521219582
EN lab7_experiment9 NULL C:/Users/James/Documents/Xlink_projects/lab7_projects/lab7_experiment9/lab7_experiment9.vhf sub00/vhpl02 1521219581
AR dcm_50m behavioral C:/Users/James/Documents/Xlink_projects/lab6_projects/swag/DCM_50M.vhd sub00/vhpl01 1521219580
