EN dcm_50m NULL C:/Users/James/Documents/Xlink_projects/lab6_projects/swag/DCM_50M.vhd sub00/vhpl00 1520965560
AR lab7_experiment8 behavioral C:/Users/James/Documents/Xlink_projects/lab7_projects/lab7_experiment8/lab7_experiment8.vhf sub00/vhpl03 1520965563
EN lab7_experiment8 NULL C:/Users/James/Documents/Xlink_projects/lab7_projects/lab7_experiment8/lab7_experiment8.vhf sub00/vhpl02 1520965562
AR dcm_50m behavioral C:/Users/James/Documents/Xlink_projects/lab6_projects/swag/DCM_50M.vhd sub00/vhpl01 1520965561
