EN fjkce_mxilinx_test NULL C:/Users/James/Documents/Xlink_projects/lab9_projects/lab9_test/test.vhf sub00/vhpl00 1524109529
AR fjkce_mxilinx_test behavioral C:/Users/James/Documents/Xlink_projects/lab9_projects/lab9_test/test.vhf sub00/vhpl01 1524109530
EN test NULL C:/Users/James/Documents/Xlink_projects/lab9_projects/lab9_test/test.vhf sub00/vhpl02 1524109531
AR test behavioral C:/Users/James/Documents/Xlink_projects/lab9_projects/lab9_test/test.vhf sub00/vhpl03 1524109532
