AR dcm_100m behavioral C:/Users/James/Documents/Xlink_projects/lab6_projects/lab6_experiment4/DCM_100M.vhd sub00/vhpl17 1524764046
EN dcm_50m NULL C:/Users/James/Documents/Xlink_projects/swag/DCM_50M.vhd sub00/vhpl00 1524764031
AR sram32x8_generic behavioral C:/Users/James/Documents/Xlink_projects/lab_final/modules/sRAM32x8_generic.vhd sub00/vhpl21 1524764048
EN sel_strobeb NULL C:/Users/James/Documents/Xlink_projects/lab6_projects/lab6_experiment4/sel_strobeB.vhd sub00/vhpl02 1524764033
EN ssd_1dig NULL C:/Users/James/Documents/Xlink_projects/lab6_projects/lab6_experiment4/SSD_1dig.vhd sub00/vhpl08 1524764039
AR lab4_experiment4 behavioral C:/Users/James/Documents/Xlink_projects/lab6_projects/lab6_experiment4/lab4_experiment4.vhf sub00/vhpl13 1524758683
AR mux4ssd behavioral C:/Users/James/Documents/Xlink_projects/lab6_projects/lab6_experiment4/mux4SSD.vhd sub00/vhpl07 1524764038
EN lab6_experimen3 NULL C:/Users/James/Documents/Xlink_projects/lab6_projects/lab6_experiment4/lab6_experimen3.vhf sub00/vhpl22 1524764049
AR crenc4bin behavioral C:/Users/James/Documents/Xlink_projects/lab6_projects/lab6_experiment4/CRenc4bin.vhd sub00/vhpl11 1524764042
EN dcm_100m NULL C:/Users/James/Documents/Xlink_projects/lab6_projects/lab6_experiment4/DCM_100M.vhd sub00/vhpl16 1524764045
EN bin2bcd3en NULL C:/Users/James/Documents/Xlink_projects/lab6_projects/lab6_experiment4/bin2BCD3en.vhd sub00/vhpl04 1524764035
AR lab_final_keypad behavioral C:/Users/James/Documents/Xlink_projects/lab6_projects/lab6_experiment4/lab_final_keypad.vhf sub00/vhpl19 1524764052
AR sel_strobeb behavioral C:/Users/James/Documents/Xlink_projects/lab6_projects/lab6_experiment4/sel_strobeB.vhd sub00/vhpl03 1524764034
AR ssd_1dig behavioral C:/Users/James/Documents/Xlink_projects/lab6_projects/lab6_experiment4/SSD_1dig.vhd sub00/vhpl09 1524764040
EN sram32x8_generic NULL C:/Users/James/Documents/Xlink_projects/lab_final/modules/sRAM32x8_generic.vhd sub00/vhpl20 1524764047
EN mux4ssd NULL C:/Users/James/Documents/Xlink_projects/lab6_projects/lab6_experiment4/mux4SSD.vhd sub00/vhpl06 1524764037
EN col_strobe NULL C:/Users/James/Documents/Xlink_projects/lab6_projects/lab6_experiment4/col_strobe.vhd sub00/vhpl14 1524764043
AR lab6_experimen3 behavioral C:/Users/James/Documents/Xlink_projects/lab6_projects/lab6_experiment4/lab6_experimen3.vhf sub00/vhpl23 1524764050
AR col_strobe behavioral C:/Users/James/Documents/Xlink_projects/lab6_projects/lab6_experiment4/col_strobe.vhd sub00/vhpl15 1524764044
EN lab4_experiment4 NULL C:/Users/James/Documents/Xlink_projects/lab6_projects/lab6_experiment4/lab4_experiment4.vhf sub00/vhpl12 1524758682
AR bin2bcd3en behavioral C:/Users/James/Documents/Xlink_projects/lab6_projects/lab6_experiment4/bin2BCD3en.vhd sub00/vhpl05 1524764036
EN lab_final_keypad NULL C:/Users/James/Documents/Xlink_projects/lab6_projects/lab6_experiment4/lab_final_keypad.vhf sub00/vhpl18 1524764051
EN crenc4bin NULL C:/Users/James/Documents/Xlink_projects/lab6_projects/lab6_experiment4/CRenc4bin.vhd sub00/vhpl10 1524764041
AR dcm_50m behavioral C:/Users/James/Documents/Xlink_projects/swag/DCM_50M.vhd sub00/vhpl01 1524764032
