EN dcm_50m NULL C:/Users/James/Documents/Xlink_projects/lab6_projects/lab6_experiment4/DCM_50M.vhd sub00/vhpl08 1520962749
EN sel_strobeb NULL C:/Users/James/Documents/Xlink_projects/lab6_projects/lab6_experiment4/sel_strobeB.vhd sub00/vhpl00 1520962741
EN ssd_1dig NULL C:/Users/James/Documents/Xlink_projects/lab6_projects/swag/SSD_1dig.vhd sub00/vhpl06 1520962747
AR mux4ssd behavioral C:/Users/James/Documents/Xlink_projects/lab6_projects/swag/mux4SSD.vhd sub00/vhpl05 1520962746
EN bin2bcd3en NULL C:/Users/James/Documents/Xlink_projects/lab6_projects/lab6_experiment4/bin2BCD3en.vhd sub00/vhpl02 1520962743
AR sel_strobeb behavioral C:/Users/James/Documents/Xlink_projects/lab6_projects/lab6_experiment4/sel_strobeB.vhd sub00/vhpl01 1520962742
AR ssd_1dig behavioral C:/Users/James/Documents/Xlink_projects/lab6_projects/swag/SSD_1dig.vhd sub00/vhpl07 1520962748
EN mux4ssd NULL C:/Users/James/Documents/Xlink_projects/lab6_projects/swag/mux4SSD.vhd sub00/vhpl04 1520962745
AR lab7_shiftreg4 behavioral C:/Users/James/Documents/Xlink_projects/lab7_projects/lab7_projects/lab7_shiftreg4.vhf sub00/vhpl11 1520962752
EN lab7_shiftreg4 NULL C:/Users/James/Documents/Xlink_projects/lab7_projects/lab7_projects/lab7_shiftreg4.vhf sub00/vhpl10 1520962751
AR bin2bcd3en behavioral C:/Users/James/Documents/Xlink_projects/lab6_projects/lab6_experiment4/bin2BCD3en.vhd sub00/vhpl03 1520962744
AR dcm_50m behavioral C:/Users/James/Documents/Xlink_projects/lab6_projects/lab6_experiment4/DCM_50M.vhd sub00/vhpl09 1520962750
