EN dcm_50m NULL C:/Users/James/Documents/Xlink_projects/swag/DCM_50M.vhd sub00/vhpl20 1525490582
AR hex8bits_muser_test_shiftreg behavioral C:/Users/James/Documents/Xlink_projects/lab7_projects/lab7_experiment7/test_shiftReg.vhf sub00/vhpl01 1525490133
EN fd8ce_mxilinx_test_shiftreg NULL C:/Users/James/Documents/Xlink_projects/lab7_projects/lab7_experiment7/test_shiftReg.vhf sub00/vhpl06 1525490590
AR test_shiftreg behavioral C:/Users/James/Documents/Xlink_projects/lab7_projects/lab7_experiment7/test_shiftReg.vhf sub00/vhpl09 1525490593
EN test_shiftreg NULL C:/Users/James/Documents/Xlink_projects/lab7_projects/lab7_experiment7/test_shiftReg.vhf sub00/vhpl08 1525490592
EN sel_strobeb NULL C:/Users/James/Documents/Xlink_projects/swag/sel_strobeB.vhd sub00/vhpl12 1525490574
EN ssd_1dig NULL C:/Users/James/Documents/Xlink_projects/swag/SSD_1dig.vhd sub00/vhpl18 1525490580
EN fd4ce_mxilinx_test_shiftreg NULL C:/Users/James/Documents/Xlink_projects/lab7_projects/lab7_experiment7/test_shiftReg.vhf sub00/vhpl04 1525490588
AR hex8bits behavioral C:/Users/James/Documents/Xlink_projects/lab7_projects/lab7_experiment7/hex8bits.vhf sub00/vhpl11 1525490143
AR add8_mxilinx_test_shiftreg behavioral C:/Users/James/Documents/Xlink_projects/lab7_projects/lab7_experiment7/test_shiftReg.vhf sub00/vhpl03 1525490587
AR mux4ssd behavioral C:/Users/James/Documents/Xlink_projects/swag/mux4SSD.vhd sub00/vhpl17 1525490579
EN hex8bits NULL C:/Users/James/Documents/Xlink_projects/lab7_projects/lab7_experiment7/hex8bits.vhf sub00/vhpl10 1525490142
EN hex8bits_muser_test_shiftreg NULL C:/Users/James/Documents/Xlink_projects/lab7_projects/lab7_experiment7/test_shiftReg.vhf sub00/vhpl00 1525490132
EN bin2bcd3en NULL C:/Users/James/Documents/Xlink_projects/swag/bin2BCD3en.vhd sub00/vhpl14 1525490576
AR sel_strobeb behavioral C:/Users/James/Documents/Xlink_projects/swag/sel_strobeB.vhd sub00/vhpl13 1525490575
AR ssd_1dig behavioral C:/Users/James/Documents/Xlink_projects/swag/SSD_1dig.vhd sub00/vhpl19 1525490581
EN add8_mxilinx_test_shiftreg NULL C:/Users/James/Documents/Xlink_projects/lab7_projects/lab7_experiment7/test_shiftReg.vhf sub00/vhpl02 1525490586
EN mux4ssd NULL C:/Users/James/Documents/Xlink_projects/swag/mux4SSD.vhd sub00/vhpl16 1525490578
AR fd8ce_mxilinx_test_shiftreg behavioral C:/Users/James/Documents/Xlink_projects/lab7_projects/lab7_experiment7/test_shiftReg.vhf sub00/vhpl07 1525490591
EN hexshifter8 NULL C:/Users/James/Documents/Xlink_projects/lab7_projects/lab7_experiment7/hexShifter8.vhf sub00/vhpl22 1525490584
AR bin2bcd3en behavioral C:/Users/James/Documents/Xlink_projects/swag/bin2BCD3en.vhd sub00/vhpl15 1525490577
AR fd4ce_mxilinx_test_shiftreg behavioral C:/Users/James/Documents/Xlink_projects/lab7_projects/lab7_experiment7/test_shiftReg.vhf sub00/vhpl05 1525490589
AR dcm_50m behavioral C:/Users/James/Documents/Xlink_projects/swag/DCM_50M.vhd sub00/vhpl21 1525490583
AR hexshifter8 behavioral C:/Users/James/Documents/Xlink_projects/lab7_projects/lab7_experiment7/hexShifter8.vhf sub00/vhpl23 1525490585
