AR ftclex_mxilinx_lab9_experiment2 behavioral C:/Users/James/Documents/Xlink_projects/lab9_projects/lab9_experiment3/lab9_experiment2.vhf sub00/vhpl19 1523975659
EN dcm_50m NULL C:/Users/James/Documents/Xlink_projects/swag/DCM_50M.vhd sub00/vhpl00 1524160848
EN yogi_s NULL C:/Users/James/Documents/Xlink_projects/lab9_projects/lab9_experiment3/YOGI_S.vhf sub00/vhpl58 1524160896
AR fjkc_mxilinx_lab9_experiment2 behavioral C:/Users/James/Documents/Xlink_projects/lab9_projects/lab9_experiment3/lab9_experiment2.vhf sub00/vhpl13 1523975653
AR yogi_state_muser_lab9_experiment3 behavioral C:/Users/James/Documents/Xlink_projects/lab9_projects/lab9_experiment3/lab9_experiment3.vhf sub00/vhpl53 1524002877
AR lab9_bcdbus_muser_lab9_experiment3 behavioral C:/Users/James/Documents/Xlink_projects/lab9_projects/lab9_experiment3/lab9_experiment3.vhf sub00/vhpl75 1524160861
EN fjkce_mxilinx_lab9_experiment3 NULL C:/Users/James/Documents/Xlink_projects/lab9_projects/lab9_experiment3/lab9_experiment3.vhf sub00/vhpl38 1524160866
EN booboo_en_muser_lab9_experiment3 NULL C:/Users/James/Documents/Xlink_projects/lab9_projects/lab9_experiment3/lab9_experiment3.vhf sub00/vhpl46 1524160872
EN sel_strobeb NULL C:/Users/James/Documents/Xlink_projects/swag/sel_strobeB.vhd sub00/vhpl02 1524160850
EN ssd_1dig NULL C:/Users/James/Documents/Xlink_projects/swag/SSD_1dig.vhd sub00/vhpl08 1524160856
EN yogi_state NULL C:/Users/James/Documents/Xlink_projects/lab9_projects/lab9_experiment3/YOGI_STATE.vhf sub00/vhpl54 1524002898
EN lab9_exp3_yogi NULL C:/Users/James/Documents/Xlink_projects/lab9_projects/lab9_experiment3/lab9_exp3_YOGI.vhf sub00/vhpl42 1524001430
EN ranger_en_muser_lab9_experiment3 NULL C:/Users/James/Documents/Xlink_projects/lab9_projects/lab9_experiment3/lab9_experiment3.vhf sub00/vhpl64 1524160862
AR mux4ssd behavioral C:/Users/James/Documents/Xlink_projects/swag/mux4SSD.vhd sub00/vhpl07 1524160855
AR m2_1b1_mxilinx_lab9_experiment2 behavioral C:/Users/James/Documents/Xlink_projects/lab9_projects/lab9_experiment3/lab9_experiment2.vhf sub00/vhpl15 1523975655
EN lab6_experimen3 NULL C:/Users/James/Documents/Xlink_projects/lab9_projects/lab9_experiment3/lab6_experimen3.vhf sub00/vhpl10 1524158258
EN yogi_et NULL C:/Users/James/Documents/Xlink_projects/lab9_projects/lab9_experiment3/YOGI_ET.vhf sub00/vhpl50 1524003514
EN ranger_en NULL C:/Users/James/Documents/Xlink_projects/lab9_projects/lab9_experiment3/RANGER_EN.vhf sub00/vhpl66 1524160888
AR yogi_et behavioral C:/Users/James/Documents/Xlink_projects/lab9_projects/lab9_experiment3/YOGI_ET.vhf sub00/vhpl51 1524003515
EN yogi_state_muser_lab9_experiment3 NULL C:/Users/James/Documents/Xlink_projects/lab9_projects/lab9_experiment3/lab9_experiment3.vhf sub00/vhpl52 1524002876
AR yogi_s_muser_lab9_experiment3 behavioral C:/Users/James/Documents/Xlink_projects/lab9_projects/lab9_experiment3/lab9_experiment3.vhf sub00/vhpl57 1524160871
AR snaggle_rx behavioral C:/Users/James/Documents/Xlink_projects/lab9_projects/lab9_experiment3/SNAGGLE_RX.vhf sub00/vhpl71 1524160891
AR yogi_state behavioral C:/Users/James/Documents/Xlink_projects/lab9_projects/lab9_experiment3/YOGI_STATE.vhf sub00/vhpl55 1524002899
AR yogi_s behavioral C:/Users/James/Documents/Xlink_projects/lab9_projects/lab9_experiment3/YOGI_S.vhf sub00/vhpl59 1524160897
AR ftclex_mxilinx_lab9_experiment3 behavioral C:/Users/James/Documents/Xlink_projects/lab9_projects/lab9_experiment3/lab9_experiment3.vhf sub00/vhpl31 1524160879
EN booboo_en NULL C:/Users/James/Documents/Xlink_projects/lab9_projects/lab9_experiment3/BOOBOO_EN.vhf sub00/vhpl48 1524160884
EN m2_1_mxilinx_lab9_experiment2 NULL C:/Users/James/Documents/Xlink_projects/lab9_projects/lab9_experiment3/lab9_experiment2.vhf sub00/vhpl16 1523975656
EN statecount NULL C:/Users/James/Documents/Xlink_projects/lab9_projects/lab9_experiment3/stateCount.vhf sub00/vhpl78 1524160892
EN m2_1_mxilinx_lab9_experiment3 NULL C:/Users/James/Documents/Xlink_projects/lab9_projects/lab9_experiment3/lab9_experiment3.vhf sub00/vhpl28 1524160876
AR yogi_et_muser_lab9_experiment3 behavioral C:/Users/James/Documents/Xlink_projects/lab9_projects/lab9_experiment3/lab9_experiment3.vhf sub00/vhpl45 1524003497
EN bin2bcd3en NULL C:/Users/James/Documents/Xlink_projects/swag/bin2BCD3en.vhd sub00/vhpl04 1524160852
EN lab9_experiment2 NULL C:/Users/James/Documents/Xlink_projects/lab9_projects/lab9_experiment3/lab9_experiment2.vhf sub00/vhpl22 1523975662
EN m2_1b1_mxilinx_lab9_experiment2 NULL C:/Users/James/Documents/Xlink_projects/lab9_projects/lab9_experiment3/lab9_experiment2.vhf sub00/vhpl14 1523975654
AR cb4cled_mxilinx_lab9_experiment2 behavioral C:/Users/James/Documents/Xlink_projects/lab9_projects/lab9_experiment3/lab9_experiment2.vhf sub00/vhpl21 1523975661
EN lab9_experiment3 NULL C:/Users/James/Documents/Xlink_projects/lab9_projects/lab9_experiment3/lab9_experiment3.vhf sub00/vhpl34 1524160882
AR fjkc_mxilinx_lab9_experiment3 behavioral C:/Users/James/Documents/Xlink_projects/lab9_projects/lab9_experiment3/lab9_experiment3.vhf sub00/vhpl25 1523988142
EN m2_1b1_mxilinx_lab9_experiment3 NULL C:/Users/James/Documents/Xlink_projects/lab9_projects/lab9_experiment3/lab9_experiment3.vhf sub00/vhpl26 1524160874
AR fjkce_mxilinx_lab9_exp3_yogi behavioral C:/Users/James/Documents/Xlink_projects/lab9_projects/lab9_experiment3/lab9_exp3_YOGI.vhf sub00/vhpl41 1524001429
EN fjkc_mxilinx_lab9_experiment2 NULL C:/Users/James/Documents/Xlink_projects/lab9_projects/lab9_experiment3/lab9_experiment2.vhf sub00/vhpl12 1523975652
EN fjkc_mxilinx_lab9_experiment3 NULL C:/Users/James/Documents/Xlink_projects/lab9_projects/lab9_experiment3/lab9_experiment3.vhf sub00/vhpl24 1523988141
AR lab9_experiment2 behavioral C:/Users/James/Documents/Xlink_projects/lab9_projects/lab9_experiment3/lab9_experiment2.vhf sub00/vhpl23 1523975663
AR ranger_en_muser_lab9_experiment3 behavioral C:/Users/James/Documents/Xlink_projects/lab9_projects/lab9_experiment3/lab9_experiment3.vhf sub00/vhpl65 1524160863
AR m2_1_mxilinx_lab9_experiment2 behavioral C:/Users/James/Documents/Xlink_projects/lab9_projects/lab9_experiment3/lab9_experiment2.vhf sub00/vhpl17 1523975657
EN cb4cled_mxilinx_lab9_experiment2 NULL C:/Users/James/Documents/Xlink_projects/lab9_projects/lab9_experiment3/lab9_experiment2.vhf sub00/vhpl20 1523975660
EN cb4cled_mxilinx_lab9_experiment3 NULL C:/Users/James/Documents/Xlink_projects/lab9_projects/lab9_experiment3/lab9_experiment3.vhf sub00/vhpl32 1524160880
AR booboo_en behavioral C:/Users/James/Documents/Xlink_projects/lab9_projects/lab9_experiment3/BOOBOO_EN.vhf sub00/vhpl49 1524160885
AR statecount_muser_lab9_experiment3 behavioral C:/Users/James/Documents/Xlink_projects/lab9_projects/lab9_experiment3/lab9_experiment3.vhf sub00/vhpl73 1524160859
AR sel_strobeb behavioral C:/Users/James/Documents/Xlink_projects/swag/sel_strobeB.vhd sub00/vhpl03 1524160851
EN snaggle_rx NULL C:/Users/James/Documents/Xlink_projects/lab9_projects/lab9_experiment3/SNAGGLE_RX.vhf sub00/vhpl70 1524160890
AR ssd_1dig behavioral C:/Users/James/Documents/Xlink_projects/swag/SSD_1dig.vhd sub00/vhpl09 1524160857
AR booboo_en_muser_lab9_experiment3 behavioral C:/Users/James/Documents/Xlink_projects/lab9_projects/lab9_experiment3/lab9_experiment3.vhf sub00/vhpl47 1524160873
EN mux4ssd NULL C:/Users/James/Documents/Xlink_projects/swag/mux4SSD.vhd sub00/vhpl06 1524160854
EN yogi_et_muser_lab9_experiment3 NULL C:/Users/James/Documents/Xlink_projects/lab9_projects/lab9_experiment3/lab9_experiment3.vhf sub00/vhpl44 1524003496
AR lab9_exp3_yogi behavioral C:/Users/James/Documents/Xlink_projects/lab9_projects/lab9_experiment3/lab9_exp3_YOGI.vhf sub00/vhpl43 1524001431
EN yogi_s_muser_lab9_experiment3 NULL C:/Users/James/Documents/Xlink_projects/lab9_projects/lab9_experiment3/lab9_experiment3.vhf sub00/vhpl56 1524160870
EN lab9_bcdbus NULL C:/Users/James/Documents/Xlink_projects/lab9_projects/lab9_experiment3/lab9_BCDBus.vhf sub00/vhpl76 1524160886
AR cb2cled_mxilinx_lab9_experiment3 behavioral C:/Users/James/Documents/Xlink_projects/lab9_projects/lab9_experiment3/lab9_experiment3.vhf sub00/vhpl37 1523974576
AR lab6_experimen3 behavioral C:/Users/James/Documents/Xlink_projects/lab9_projects/lab9_experiment3/lab6_experimen3.vhf sub00/vhpl11 1524158259
EN fjkce_mxilinx_lab9_exp3_yogi NULL C:/Users/James/Documents/Xlink_projects/lab9_projects/lab9_experiment3/lab9_exp3_YOGI.vhf sub00/vhpl40 1524001428
AR yogi_e_muser_lab9_experiment3 behavioral C:/Users/James/Documents/Xlink_projects/lab9_projects/lab9_experiment3/lab9_experiment3.vhf sub00/vhpl61 1524160869
EN lab9_bcdbus_muser_lab9_experiment3 NULL C:/Users/James/Documents/Xlink_projects/lab9_projects/lab9_experiment3/lab9_experiment3.vhf sub00/vhpl74 1524160860
EN cb2cled_mxilinx_lab9_experiment3 NULL C:/Users/James/Documents/Xlink_projects/lab9_projects/lab9_experiment3/lab9_experiment3.vhf sub00/vhpl36 1523974575
AR m2_1b1_mxilinx_lab9_experiment3 behavioral C:/Users/James/Documents/Xlink_projects/lab9_projects/lab9_experiment3/lab9_experiment3.vhf sub00/vhpl27 1524160875
EN snaggle_rx_muser_lab9_experiment3 NULL C:/Users/James/Documents/Xlink_projects/lab9_projects/lab9_experiment3/lab9_experiment3.vhf sub00/vhpl68 1524160864
EN yogi_e_muser_lab9_experiment3 NULL C:/Users/James/Documents/Xlink_projects/lab9_projects/lab9_experiment3/lab9_experiment3.vhf sub00/vhpl60 1524160868
AR ranger_en behavioral C:/Users/James/Documents/Xlink_projects/lab9_projects/lab9_experiment3/RANGER_EN.vhf sub00/vhpl67 1524160889
AR fjkce_mxilinx_lab9_experiment3 behavioral C:/Users/James/Documents/Xlink_projects/lab9_projects/lab9_experiment3/lab9_experiment3.vhf sub00/vhpl39 1524160867
AR lab9_bcdbus behavioral C:/Users/James/Documents/Xlink_projects/lab9_projects/lab9_experiment3/lab9_BCDBus.vhf sub00/vhpl77 1524160887
AR bin2bcd3en behavioral C:/Users/James/Documents/Xlink_projects/swag/bin2BCD3en.vhd sub00/vhpl05 1524160853
AR yogi_e behavioral C:/Users/James/Documents/Xlink_projects/lab9_projects/lab9_experiment3/YOGI_E.vhf sub00/vhpl63 1524160895
EN statecount_muser_lab9_experiment3 NULL C:/Users/James/Documents/Xlink_projects/lab9_projects/lab9_experiment3/lab9_experiment3.vhf sub00/vhpl72 1524160858
AR statecount behavioral C:/Users/James/Documents/Xlink_projects/lab9_projects/lab9_experiment3/stateCount.vhf sub00/vhpl79 1524160893
EN yogi_e NULL C:/Users/James/Documents/Xlink_projects/lab9_projects/lab9_experiment3/YOGI_E.vhf sub00/vhpl62 1524160894
AR snaggle_rx_muser_lab9_experiment3 behavioral C:/Users/James/Documents/Xlink_projects/lab9_projects/lab9_experiment3/lab9_experiment3.vhf sub00/vhpl69 1524160865
EN ftclex_mxilinx_lab9_experiment2 NULL C:/Users/James/Documents/Xlink_projects/lab9_projects/lab9_experiment3/lab9_experiment2.vhf sub00/vhpl18 1523975658
EN ftclex_mxilinx_lab9_experiment3 NULL C:/Users/James/Documents/Xlink_projects/lab9_projects/lab9_experiment3/lab9_experiment3.vhf sub00/vhpl30 1524160878
AR cb4cled_mxilinx_lab9_experiment3 behavioral C:/Users/James/Documents/Xlink_projects/lab9_projects/lab9_experiment3/lab9_experiment3.vhf sub00/vhpl33 1524160881
AR dcm_50m behavioral C:/Users/James/Documents/Xlink_projects/swag/DCM_50M.vhd sub00/vhpl01 1524160849
AR lab9_experiment3 behavioral C:/Users/James/Documents/Xlink_projects/lab9_projects/lab9_experiment3/lab9_experiment3.vhf sub00/vhpl35 1524160883
AR m2_1_mxilinx_lab9_experiment3 behavioral C:/Users/James/Documents/Xlink_projects/lab9_projects/lab9_experiment3/lab9_experiment3.vhf sub00/vhpl29 1524160877
