EN dcm_50m NULL C:/Users/James/Documents/Xlink_projects/lab6_projects/swag/DCM_50M.vhd sub00/vhpl06 1520224356
EN sel_strobeb NULL C:/Users/James/Documents/Xlink_projects/lab6_projects/swag/sel_strobeB.vhd sub00/vhpl08 1520224358
EN ssd_1dig NULL C:/Users/James/Documents/Xlink_projects/lab6_projects/swag/SSD_1dig.vhd sub00/vhpl14 1520224364
EN lab7_a0 NULL C:/Users/James/Documents/Xlink_projects/lab6_projects/lab6_experiment6/lab7_A0.vhf sub00/vhpl32 1520224378
EN lab6_experiment5_2_1_mux_muser_lab6_experiment5_4_mux NULL C:/Users/James/Documents/Xlink_projects/lab6_projects/lab6_experiment6/lab6_experiment5_4_MUX.vhf sub00/vhpl02 1519945521
EN lab7_a1 NULL C:/Users/James/Documents/Xlink_projects/lab6_projects/lab6_experiment6/lab7_A1.vhf sub00/vhpl34 1520224380
EN lab7_a2 NULL C:/Users/James/Documents/Xlink_projects/lab6_projects/lab6_experiment6/lab7_A2.vhf sub00/vhpl36 1520224382
EN lab7_a3 NULL C:/Users/James/Documents/Xlink_projects/lab6_projects/lab6_experiment6/lab7_A3.vhf sub00/vhpl38 1520224384
EN demux_1_4_muser_lab6_demux NULL C:/Users/James/Documents/Xlink_projects/lab6_projects/lab6_experiment6/lab6_demux.vhf sub00/vhpl16 1520213129
AR lab6_experiment5_2_1_mux_muser_lab6_experiment5_4_mux behavioral C:/Users/James/Documents/Xlink_projects/lab6_projects/lab6_experiment6/lab6_experiment5_4_MUX.vhf sub00/vhpl03 1519945522
EN lab6_experiment7_graycode NULL C:/Users/James/Documents/Xlink_projects/lab6_projects/lab6_experiment6/lab6_experiment7_graycode.vhf sub00/vhpl22 1520224376
AR mux4ssd behavioral C:/Users/James/Documents/Xlink_projects/lab6_projects/swag/mux4SSD.vhd sub00/vhpl13 1520224363
EN lab6_experimen3 NULL C:/Users/James/Documents/Xlink_projects/lab6_projects/lab6_experiment6/lab6_experimen3.vhf sub00/vhpl00 1520224366
AR lab7_a2 behavioral C:/Users/James/Documents/Xlink_projects/lab6_projects/lab6_experiment6/lab7_A2.vhf sub00/vhpl37 1520224383
EN bin2bcd3en NULL C:/Users/James/Documents/Xlink_projects/lab6_projects/swag/bin2BCD3en.vhd sub00/vhpl10 1520224360
AR lab7_a0 behavioral C:/Users/James/Documents/Xlink_projects/lab6_projects/lab6_experiment6/lab7_A0.vhf sub00/vhpl33 1520224379
AR lab7_a2_muser_lab6_experiment7_graycode behavioral C:/Users/James/Documents/Xlink_projects/lab6_projects/lab6_experiment6/lab6_experiment7_graycode.vhf sub00/vhpl29 1520224375
EN lab7_a1_muser_lab6_experiment7_graycode NULL C:/Users/James/Documents/Xlink_projects/lab6_projects/lab6_experiment6/lab6_experiment7_graycode.vhf sub00/vhpl26 1520224372
EN demux_1_4 NULL C:/Users/James/Documents/Xlink_projects/lab6_projects/lab6_experiment6/DEMUX_1_4.vhf sub00/vhpl20 1520213133
AR lab7_a0_muser_lab6_experiment7_graycode behavioral C:/Users/James/Documents/Xlink_projects/lab6_projects/lab6_experiment6/lab6_experiment7_graycode.vhf sub00/vhpl25 1520224371
AR sel_strobeb behavioral C:/Users/James/Documents/Xlink_projects/lab6_projects/swag/sel_strobeB.vhd sub00/vhpl09 1520224359
AR ssd_1dig behavioral C:/Users/James/Documents/Xlink_projects/lab6_projects/swag/SSD_1dig.vhd sub00/vhpl15 1520224365
EN lab6_demux NULL C:/Users/James/Documents/Xlink_projects/lab6_projects/lab6_experiment6/lab6_demux.vhf sub00/vhpl18 1520213131
EN mux4ssd NULL C:/Users/James/Documents/Xlink_projects/lab6_projects/swag/mux4SSD.vhd sub00/vhpl12 1520224362
AR lab6_experimen3 behavioral C:/Users/James/Documents/Xlink_projects/lab6_projects/lab6_experiment6/lab6_experimen3.vhf sub00/vhpl01 1520224367
AR lab7_a3_muser_lab6_experiment7_graycode behavioral C:/Users/James/Documents/Xlink_projects/lab6_projects/lab6_experiment6/lab6_experiment7_graycode.vhf sub00/vhpl31 1520224369
EN lab7_a2_muser_lab6_experiment7_graycode NULL C:/Users/James/Documents/Xlink_projects/lab6_projects/lab6_experiment6/lab6_experiment7_graycode.vhf sub00/vhpl28 1520224374
AR lab7_a1_muser_lab6_experiment7_graycode behavioral C:/Users/James/Documents/Xlink_projects/lab6_projects/lab6_experiment6/lab6_experiment7_graycode.vhf sub00/vhpl27 1520224373
EN lab7_a0_muser_lab6_experiment7_graycode NULL C:/Users/James/Documents/Xlink_projects/lab6_projects/lab6_experiment6/lab6_experiment7_graycode.vhf sub00/vhpl24 1520224370
EN lab6_experiment5_4_mux NULL C:/Users/James/Documents/Xlink_projects/lab6_projects/lab6_experiment6/lab6_experiment5_4_MUX.vhf sub00/vhpl04 1519945523
AR lab6_demux behavioral C:/Users/James/Documents/Xlink_projects/lab6_projects/lab6_experiment6/lab6_demux.vhf sub00/vhpl19 1520213132
AR bin2bcd3en behavioral C:/Users/James/Documents/Xlink_projects/lab6_projects/swag/bin2BCD3en.vhd sub00/vhpl11 1520224361
EN lab7_a3_muser_lab6_experiment7_graycode NULL C:/Users/James/Documents/Xlink_projects/lab6_projects/lab6_experiment6/lab6_experiment7_graycode.vhf sub00/vhpl30 1520224368
AR lab7_a3 behavioral C:/Users/James/Documents/Xlink_projects/lab6_projects/lab6_experiment6/lab7_A3.vhf sub00/vhpl39 1520224385
AR demux_1_4_muser_lab6_demux behavioral C:/Users/James/Documents/Xlink_projects/lab6_projects/lab6_experiment6/lab6_demux.vhf sub00/vhpl17 1520213130
AR demux_1_4 behavioral C:/Users/James/Documents/Xlink_projects/lab6_projects/lab6_experiment6/DEMUX_1_4.vhf sub00/vhpl21 1520213134
AR lab6_experiment7_graycode behavioral C:/Users/James/Documents/Xlink_projects/lab6_projects/lab6_experiment6/lab6_experiment7_graycode.vhf sub00/vhpl23 1520224377
AR lab7_a1 behavioral C:/Users/James/Documents/Xlink_projects/lab6_projects/lab6_experiment6/lab7_A1.vhf sub00/vhpl35 1520224381
AR dcm_50m behavioral C:/Users/James/Documents/Xlink_projects/lab6_projects/swag/DCM_50M.vhd sub00/vhpl07 1520224357
AR lab6_experiment5_4_mux behavioral C:/Users/James/Documents/Xlink_projects/lab6_projects/lab6_experiment6/lab6_experiment5_4_MUX.vhf sub00/vhpl05 1519945524
