AR ftclex_mxilinx_lab9_experiment2 behavioral C:/Users/James/Documents/Xlink_projects/lab9_projects/lab9_experiment2/lab9_experiment2.vhf sub00/vhpl19 1523555179
EN dcm_50m NULL C:/Users/James/Documents/Xlink_projects/swag/DCM_50M.vhd sub00/vhpl00 1523555160
AR fjkc_mxilinx_lab9_experiment2 behavioral C:/Users/James/Documents/Xlink_projects/lab9_projects/lab9_experiment2/lab9_experiment2.vhf sub00/vhpl13 1523555173
EN sel_strobeb NULL C:/Users/James/Documents/Xlink_projects/swag/sel_strobeB.vhd sub00/vhpl02 1523555162
EN ssd_1dig NULL C:/Users/James/Documents/Xlink_projects/swag/SSD_1dig.vhd sub00/vhpl08 1523555168
AR mux4ssd behavioral C:/Users/James/Documents/Xlink_projects/swag/mux4SSD.vhd sub00/vhpl07 1523555167
AR m2_1b1_mxilinx_lab9_experiment2 behavioral C:/Users/James/Documents/Xlink_projects/lab9_projects/lab9_experiment2/lab9_experiment2.vhf sub00/vhpl15 1523555175
EN lab6_experimen3 NULL C:/Users/James/Documents/Xlink_projects/lab9_projects/lab9_experiment2/lab6_experimen3.vhf sub00/vhpl10 1523555170
EN m2_1_mxilinx_lab9_experiment2 NULL C:/Users/James/Documents/Xlink_projects/lab9_projects/lab9_experiment2/lab9_experiment2.vhf sub00/vhpl16 1523555176
EN bin2bcd3en NULL C:/Users/James/Documents/Xlink_projects/swag/bin2BCD3en.vhd sub00/vhpl04 1523555164
EN lab9_experiment2 NULL C:/Users/James/Documents/Xlink_projects/lab9_projects/lab9_experiment2/lab9_experiment2.vhf sub00/vhpl22 1523555182
EN m2_1b1_mxilinx_lab9_experiment2 NULL C:/Users/James/Documents/Xlink_projects/lab9_projects/lab9_experiment2/lab9_experiment2.vhf sub00/vhpl14 1523555174
AR cb4cled_mxilinx_lab9_experiment2 behavioral C:/Users/James/Documents/Xlink_projects/lab9_projects/lab9_experiment2/lab9_experiment2.vhf sub00/vhpl21 1523555181
EN fjkc_mxilinx_lab9_experiment2 NULL C:/Users/James/Documents/Xlink_projects/lab9_projects/lab9_experiment2/lab9_experiment2.vhf sub00/vhpl12 1523555172
AR lab9_experiment2 behavioral C:/Users/James/Documents/Xlink_projects/lab9_projects/lab9_experiment2/lab9_experiment2.vhf sub00/vhpl23 1523555183
AR m2_1_mxilinx_lab9_experiment2 behavioral C:/Users/James/Documents/Xlink_projects/lab9_projects/lab9_experiment2/lab9_experiment2.vhf sub00/vhpl17 1523555177
EN cb4cled_mxilinx_lab9_experiment2 NULL C:/Users/James/Documents/Xlink_projects/lab9_projects/lab9_experiment2/lab9_experiment2.vhf sub00/vhpl20 1523555180
AR sel_strobeb behavioral C:/Users/James/Documents/Xlink_projects/swag/sel_strobeB.vhd sub00/vhpl03 1523555163
AR ssd_1dig behavioral C:/Users/James/Documents/Xlink_projects/swag/SSD_1dig.vhd sub00/vhpl09 1523555169
EN mux4ssd NULL C:/Users/James/Documents/Xlink_projects/swag/mux4SSD.vhd sub00/vhpl06 1523555166
AR lab6_experimen3 behavioral C:/Users/James/Documents/Xlink_projects/lab9_projects/lab9_experiment2/lab6_experimen3.vhf sub00/vhpl11 1523555171
AR bin2bcd3en behavioral C:/Users/James/Documents/Xlink_projects/swag/bin2BCD3en.vhd sub00/vhpl05 1523555165
EN ftclex_mxilinx_lab9_experiment2 NULL C:/Users/James/Documents/Xlink_projects/lab9_projects/lab9_experiment2/lab9_experiment2.vhf sub00/vhpl18 1523555178
AR dcm_50m behavioral C:/Users/James/Documents/Xlink_projects/swag/DCM_50M.vhd sub00/vhpl01 1523555161
