EN dcm_50m NULL C:/Users/James/Documents/Xlink_projects/swag/DCM_50M.vhd sub00/vhpl00 1522779154
AR ftclex_mxilinx_lab8_exp7 behavioral C:/Users/James/Documents/Xlink_projects/lab8_projects/lab8_experiment7/lab8_exp7.vhf sub00/vhpl17 1522779171
EN sel_strobeb NULL C:/Users/James/Documents/Xlink_projects/swag/sel_strobeB.vhd sub00/vhpl02 1522779156
EN ssd_1dig NULL C:/Users/James/Documents/Xlink_projects/swag/SSD_1dig.vhd sub00/vhpl08 1522779162
EN m2_1_mxilinx_lab8_exp7 NULL C:/Users/James/Documents/Xlink_projects/lab8_projects/lab8_experiment7/lab8_exp7.vhf sub00/vhpl14 1522779168
AR m2_1b1_mxilinx_lab8_exp7 behavioral C:/Users/James/Documents/Xlink_projects/lab8_projects/lab8_experiment7/lab8_exp7.vhf sub00/vhpl13 1522779167
EN ftclex_mxilinx_lab8_exp7 NULL C:/Users/James/Documents/Xlink_projects/lab8_projects/lab8_experiment7/lab8_exp7.vhf sub00/vhpl16 1522779170
AR lab8_exp7 behavioral C:/Users/James/Documents/Xlink_projects/lab8_projects/lab8_experiment7/lab8_exp7.vhf sub00/vhpl21 1522779175
AR mux4ssd behavioral C:/Users/James/Documents/Xlink_projects/swag/mux4SSD.vhd sub00/vhpl07 1522779161
EN lab6_experimen3 NULL C:/Users/James/Documents/Xlink_projects/lab8_projects/lab8_experiment7/lab6_experimen3.vhf sub00/vhpl10 1522779164
EN lab8_exp7 NULL C:/Users/James/Documents/Xlink_projects/lab8_projects/lab8_experiment7/lab8_exp7.vhf sub00/vhpl20 1522779174
EN bin2bcd3en NULL C:/Users/James/Documents/Xlink_projects/swag/bin2BCD3en.vhd sub00/vhpl04 1522779158
AR sel_strobeb behavioral C:/Users/James/Documents/Xlink_projects/swag/sel_strobeB.vhd sub00/vhpl03 1522779157
AR ssd_1dig behavioral C:/Users/James/Documents/Xlink_projects/swag/SSD_1dig.vhd sub00/vhpl09 1522779163
AR cb4cled_mxilinx_lab8_exp7 behavioral C:/Users/James/Documents/Xlink_projects/lab8_projects/lab8_experiment7/lab8_exp7.vhf sub00/vhpl19 1522779173
EN mux4ssd NULL C:/Users/James/Documents/Xlink_projects/swag/mux4SSD.vhd sub00/vhpl06 1522779160
AR lab6_experimen3 behavioral C:/Users/James/Documents/Xlink_projects/lab8_projects/lab8_experiment7/lab6_experimen3.vhf sub00/vhpl11 1522779165
EN m2_1b1_mxilinx_lab8_exp7 NULL C:/Users/James/Documents/Xlink_projects/lab8_projects/lab8_experiment7/lab8_exp7.vhf sub00/vhpl12 1522779166
AR bin2bcd3en behavioral C:/Users/James/Documents/Xlink_projects/swag/bin2BCD3en.vhd sub00/vhpl05 1522779159
EN cb4cled_mxilinx_lab8_exp7 NULL C:/Users/James/Documents/Xlink_projects/lab8_projects/lab8_experiment7/lab8_exp7.vhf sub00/vhpl18 1522779172
AR dcm_50m behavioral C:/Users/James/Documents/Xlink_projects/swag/DCM_50M.vhd sub00/vhpl01 1522779155
AR m2_1_mxilinx_lab8_exp7 behavioral C:/Users/James/Documents/Xlink_projects/lab8_projects/lab8_experiment7/lab8_exp7.vhf sub00/vhpl15 1522779169
