EN dcm_50m NULL C:/Users/James/Documents/Xlink_projects/lab6_projects/swag/DCM_50M.vhd sub00/vhpl00 1519931790
EN sel_strobeb NULL C:/Users/James/Documents/Xlink_projects/lab6_projects/swag/sel_strobeB.vhd sub00/vhpl02 1519931792
EN ssd_1dig NULL C:/Users/James/Documents/Xlink_projects/lab6_projects/swag/SSD_1dig.vhd sub00/vhpl08 1519931798
EN lab6_experiment5_2_1_mux_muser_lab6_experiment5_4_mux NULL C:/Users/James/Documents/Xlink_projects/lab6_projects/lab6_experiment5/lab6_experiment5_4_MUX.vhf sub00/vhpl12 1519931802
AR lab6_experiment5_2_1_mux behavioral C:/Users/James/Documents/Xlink_projects/lab6_projects/lab6_experiment5/lab6_experiment5_2_1_MUX.vhf sub00/vhpl17 1519931807
AR lab6_experiment5_2_1_mux_muser_lab6_experiment5_4_mux behavioral C:/Users/James/Documents/Xlink_projects/lab6_projects/lab6_experiment5/lab6_experiment5_4_MUX.vhf sub00/vhpl13 1519931803
AR mux4ssd behavioral C:/Users/James/Documents/Xlink_projects/lab6_projects/swag/mux4SSD.vhd sub00/vhpl07 1519931797
EN lab6_experimen3 NULL C:/Users/James/Documents/Xlink_projects/lab6_projects/lab6_experiment5/lab6_experimen3.vhf sub00/vhpl10 1519931800
EN bin2bcd3en NULL C:/Users/James/Documents/Xlink_projects/lab6_projects/swag/bin2BCD3en.vhd sub00/vhpl04 1519931794
AR sel_strobeb behavioral C:/Users/James/Documents/Xlink_projects/lab6_projects/swag/sel_strobeB.vhd sub00/vhpl03 1519931793
AR ssd_1dig behavioral C:/Users/James/Documents/Xlink_projects/lab6_projects/swag/SSD_1dig.vhd sub00/vhpl09 1519931799
EN mux4ssd NULL C:/Users/James/Documents/Xlink_projects/lab6_projects/swag/mux4SSD.vhd sub00/vhpl06 1519931796
AR lab6_experimen3 behavioral C:/Users/James/Documents/Xlink_projects/lab6_projects/lab6_experiment5/lab6_experimen3.vhf sub00/vhpl11 1519931801
EN lab6_experiment5_4_mux NULL C:/Users/James/Documents/Xlink_projects/lab6_projects/lab6_experiment5/lab6_experiment5_4_MUX.vhf sub00/vhpl14 1519931804
EN lab6_experiment5_2_1_mux NULL C:/Users/James/Documents/Xlink_projects/lab6_projects/lab6_experiment5/lab6_experiment5_2_1_MUX.vhf sub00/vhpl16 1519931806
AR bin2bcd3en behavioral C:/Users/James/Documents/Xlink_projects/lab6_projects/swag/bin2BCD3en.vhd sub00/vhpl05 1519931795
AR dcm_50m behavioral C:/Users/James/Documents/Xlink_projects/lab6_projects/swag/DCM_50M.vhd sub00/vhpl01 1519931791
AR lab6_experiment5_4_mux behavioral C:/Users/James/Documents/Xlink_projects/lab6_projects/lab6_experiment5/lab6_experiment5_4_MUX.vhf sub00/vhpl15 1519931805
