EN dcm_50m NULL C:/Users/James/Documents/Xlink_projects/swag/DCM_50M.vhd sub00/vhpl00 1522346286
AR fjkc_mxilinx_lab8_experiment4 behavioral C:/Users/James/Documents/Xlink_projects/lab8_projects/lab8_experiment4/lab8_experiment4.vhf sub00/vhpl03 1522346299
EN sel_strobeb NULL C:/Users/James/Documents/Xlink_projects/swag/sel_strobeB.vhd sub00/vhpl08 1522346288
EN ssd_1dig NULL C:/Users/James/Documents/Xlink_projects/swag/SSD_1dig.vhd sub00/vhpl14 1522346294
EN lab8_experiment4 NULL C:/Users/James/Documents/Xlink_projects/lab8_projects/lab8_experiment4/lab8_experiment4.vhf sub00/vhpl04 1522346300
EN fjkc_mxilinx_lab8_experiment4 NULL C:/Users/James/Documents/Xlink_projects/lab8_projects/lab8_experiment4/lab8_experiment4.vhf sub00/vhpl02 1522346298
AR mux4ssd behavioral C:/Users/James/Documents/Xlink_projects/swag/mux4SSD.vhd sub00/vhpl13 1522346293
EN lab6_experimen3 NULL C:/Users/James/Documents/Xlink_projects/lab8_projects/lab8_experiment4/lab6_experimen3.vhf sub00/vhpl16 1522346296
AR fjkce_mxilinx_lab8_experiment4 behavioral C:/Users/James/Documents/Xlink_projects/lab8_projects/lab8_experiment4/lab8_experiment4.vhf sub00/vhpl07 1522344252
EN bin2bcd3en NULL C:/Users/James/Documents/Xlink_projects/swag/bin2BCD3en.vhd sub00/vhpl10 1522346290
AR sel_strobeb behavioral C:/Users/James/Documents/Xlink_projects/swag/sel_strobeB.vhd sub00/vhpl09 1522346289
AR ssd_1dig behavioral C:/Users/James/Documents/Xlink_projects/swag/SSD_1dig.vhd sub00/vhpl15 1522346295
EN mux4ssd NULL C:/Users/James/Documents/Xlink_projects/swag/mux4SSD.vhd sub00/vhpl12 1522346292
AR lab8_experiment4 behavioral C:/Users/James/Documents/Xlink_projects/lab8_projects/lab8_experiment4/lab8_experiment4.vhf sub00/vhpl05 1522346301
AR lab6_experimen3 behavioral C:/Users/James/Documents/Xlink_projects/lab8_projects/lab8_experiment4/lab6_experimen3.vhf sub00/vhpl17 1522346297
EN fjkce_mxilinx_lab8_experiment4 NULL C:/Users/James/Documents/Xlink_projects/lab8_projects/lab8_experiment4/lab8_experiment4.vhf sub00/vhpl06 1522344251
AR bin2bcd3en behavioral C:/Users/James/Documents/Xlink_projects/swag/bin2BCD3en.vhd sub00/vhpl11 1522346291
AR dcm_50m behavioral C:/Users/James/Documents/Xlink_projects/swag/DCM_50M.vhd sub00/vhpl01 1522346287
