V3 6
FL C:/Users/James/Documents/Xlink_projects/lab7_projects/lab7_experiment11/lab7_experiment11.vhf 2018/03/16.08:40:50 P.20131013
EN work/lab7_experiment11 1521214966 \
      FL C:/Users/James/Documents/Xlink_projects/lab7_projects/lab7_experiment11/lab7_experiment11.vhf \
      PB ieee/std_logic_1164 1381692176 PB ieee/NUMERIC_STD 1381692181 LB UNISIM \
      PH unisim/VCOMPONENTS 1381692182
AR work/lab7_experiment11/BEHAVIORAL 1521214967 \
      FL C:/Users/James/Documents/Xlink_projects/lab7_projects/lab7_experiment11/lab7_experiment11.vhf \
      EN work/lab7_experiment11 1521214966 CP NOR2 CP XNOR2
