EN ssd_1dig NULL C:/Users/James/Documents/Xlink_projects/lab6_projects/lab6_experiment2/SSD_1dig.vhd sub00/vhpl00 1519754842
EN lab6_experiment2 NULL C:/Users/James/Documents/Xlink_projects/lab6_projects/lab6_experiment2/lab6_experiment2.vhf sub00/vhpl02 1519754844
AR ssd_1dig behavioral C:/Users/James/Documents/Xlink_projects/lab6_projects/lab6_experiment2/SSD_1dig.vhd sub00/vhpl01 1519754843
AR lab6_experiment2 behavioral C:/Users/James/Documents/Xlink_projects/lab6_projects/lab6_experiment2/lab6_experiment2.vhf sub00/vhpl03 1519754845
