EN dcm_50m NULL C:/Users/James/Documents/Xlink_projects/swag/DCM_50M.vhd sub00/vhpl00 1522774312
AR ftclex_mxilinx_lab8_experiment6 behavioral C:/Users/James/Documents/Xlink_projects/lab8_projects/lab8_experiment6/lab8_experiment6.vhf sub00/vhpl11 1522774329
EN ssd_1dig NULL C:/Users/James/Documents/Xlink_projects/swag/SSD_1dig.vhd sub00/vhpl02 1522774320
EN sel_strobeb NULL C:/Users/James/Documents/Xlink_projects/swag/sel_strobeB.vhd sub00/vhpl16 1522774314
EN m2_1_mxilinx_lab8_experiment6 NULL C:/Users/James/Documents/Xlink_projects/lab8_projects/lab8_experiment6/lab8_experiment6.vhf sub00/vhpl08 1522774326
EN lab8_experiment6 NULL C:/Users/James/Documents/Xlink_projects/lab8_projects/lab8_experiment6/lab8_experiment6.vhf sub00/vhpl14 1522774332
EN m2_1b1_mxilinx_lab8_experiment6 NULL C:/Users/James/Documents/Xlink_projects/lab8_projects/lab8_experiment6/lab8_experiment6.vhf sub00/vhpl06 1522774324
EN cb4cled_mxilinx_lab8_experiment6 NULL C:/Users/James/Documents/Xlink_projects/lab8_projects/lab8_experiment6/lab8_experiment6.vhf sub00/vhpl12 1522774330
AR mux4ssd behavioral C:/Users/James/Documents/Xlink_projects/swag/mux4SSD.vhd sub00/vhpl05 1522774319
EN lab6_experimen3 NULL C:/Users/James/Documents/Xlink_projects/lab8_projects/lab8_experiment6/lab6_experimen3.vhf sub00/vhpl20 1522774322
AR m2_1b1_mxilinx_lab8_experiment6 behavioral C:/Users/James/Documents/Xlink_projects/lab8_projects/lab8_experiment6/lab8_experiment6.vhf sub00/vhpl07 1522774325
EN bin2bcd3en NULL C:/Users/James/Documents/Xlink_projects/swag/bin2BCD3en.vhd sub00/vhpl18 1522774316
AR cb4cled_mxilinx_lab8_experiment6 behavioral C:/Users/James/Documents/Xlink_projects/lab8_projects/lab8_experiment6/lab8_experiment6.vhf sub00/vhpl13 1522774331
AR lab8_experiment6 behavioral C:/Users/James/Documents/Xlink_projects/lab8_projects/lab8_experiment6/lab8_experiment6.vhf sub00/vhpl15 1522774333
AR m2_1_mxilinx_lab8_experiment6 behavioral C:/Users/James/Documents/Xlink_projects/lab8_projects/lab8_experiment6/lab8_experiment6.vhf sub00/vhpl09 1522774327
AR ssd_1dig behavioral C:/Users/James/Documents/Xlink_projects/swag/SSD_1dig.vhd sub00/vhpl03 1522774321
AR sel_strobeb behavioral C:/Users/James/Documents/Xlink_projects/swag/sel_strobeB.vhd sub00/vhpl17 1522774315
EN mux4ssd NULL C:/Users/James/Documents/Xlink_projects/swag/mux4SSD.vhd sub00/vhpl04 1522774318
EN ftclex_mxilinx_lab8_experiment6 NULL C:/Users/James/Documents/Xlink_projects/lab8_projects/lab8_experiment6/lab8_experiment6.vhf sub00/vhpl10 1522774328
AR lab6_experimen3 behavioral C:/Users/James/Documents/Xlink_projects/lab8_projects/lab8_experiment6/lab6_experimen3.vhf sub00/vhpl21 1522774323
AR bin2bcd3en behavioral C:/Users/James/Documents/Xlink_projects/swag/bin2BCD3en.vhd sub00/vhpl19 1522774317
AR dcm_50m behavioral C:/Users/James/Documents/Xlink_projects/swag/DCM_50M.vhd sub00/vhpl01 1522774313
